Archive member included to satisfy reference by file (symbol)

/opt/st/stm32cubeide_2.1.1/plugins/com.st.stm32cube.ide.mcu.externaltools.gnu-tools-for-stm32.14.3.rel1.linux64_1.0.100.202602081740/tools/bin/../lib/gcc/arm-none-eabi/14.3.1/../../../../arm-none-eabi/lib/thumb/v7e-m+dp/hard/libc_nano.a(libc_a-exit.o)
                              /opt/st/stm32cubeide_2.1.1/plugins/com.st.stm32cube.ide.mcu.externaltools.gnu-tools-for-stm32.14.3.rel1.linux64_1.0.100.202602081740/tools/bin/../lib/gcc/arm-none-eabi/14.3.1/../../../../arm-none-eabi/lib/thumb/v7e-m+dp/hard/crt0.o (exit)
/opt/st/stm32cubeide_2.1.1/plugins/com.st.stm32cube.ide.mcu.externaltools.gnu-tools-for-stm32.14.3.rel1.linux64_1.0.100.202602081740/tools/bin/../lib/gcc/arm-none-eabi/14.3.1/../../../../arm-none-eabi/lib/thumb/v7e-m+dp/hard/libc_nano.a(libc_a-nano-vfprintf_float.o)
                              (_printf_float)
/opt/st/stm32cubeide_2.1.1/plugins/com.st.stm32cube.ide.mcu.externaltools.gnu-tools-for-stm32.14.3.rel1.linux64_1.0.100.202602081740/tools/bin/../lib/gcc/arm-none-eabi/14.3.1/../../../../arm-none-eabi/lib/thumb/v7e-m+dp/hard/libc_nano.a(libc_a-nano-vfprintf_i.o)
                              /opt/st/stm32cubeide_2.1.1/plugins/com.st.stm32cube.ide.mcu.externaltools.gnu-tools-for-stm32.14.3.rel1.linux64_1.0.100.202602081740/tools/bin/../lib/gcc/arm-none-eabi/14.3.1/../../../../arm-none-eabi/lib/thumb/v7e-m+dp/hard/libc_nano.a(libc_a-nano-vfprintf_float.o) (_printf_common)
/opt/st/stm32cubeide_2.1.1/plugins/com.st.stm32cube.ide.mcu.externaltools.gnu-tools-for-stm32.14.3.rel1.linux64_1.0.100.202602081740/tools/bin/../lib/gcc/arm-none-eabi/14.3.1/../../../../arm-none-eabi/lib/thumb/v7e-m+dp/hard/libc_nano.a(libc_a-findfp.o)
                              ./Middlewares/FreeRTOS/tasks.o (__sf)
/opt/st/stm32cubeide_2.1.1/plugins/com.st.stm32cube.ide.mcu.externaltools.gnu-tools-for-stm32.14.3.rel1.linux64_1.0.100.202602081740/tools/bin/../lib/gcc/arm-none-eabi/14.3.1/../../../../arm-none-eabi/lib/thumb/v7e-m+dp/hard/libc_nano.a(libc_a-fwalk.o)
                              /opt/st/stm32cubeide_2.1.1/plugins/com.st.stm32cube.ide.mcu.externaltools.gnu-tools-for-stm32.14.3.rel1.linux64_1.0.100.202602081740/tools/bin/../lib/gcc/arm-none-eabi/14.3.1/../../../../arm-none-eabi/lib/thumb/v7e-m+dp/hard/libc_nano.a(libc_a-findfp.o) (_fwalk_sglue)
/opt/st/stm32cubeide_2.1.1/plugins/com.st.stm32cube.ide.mcu.externaltools.gnu-tools-for-stm32.14.3.rel1.linux64_1.0.100.202602081740/tools/bin/../lib/gcc/arm-none-eabi/14.3.1/../../../../arm-none-eabi/lib/thumb/v7e-m+dp/hard/libc_nano.a(libc_a-sprintf.o)
                              ./Application/User/Core/main.o (sprintf)
/opt/st/stm32cubeide_2.1.1/plugins/com.st.stm32cube.ide.mcu.externaltools.gnu-tools-for-stm32.14.3.rel1.linux64_1.0.100.202602081740/tools/bin/../lib/gcc/arm-none-eabi/14.3.1/../../../../arm-none-eabi/lib/thumb/v7e-m+dp/hard/libc_nano.a(libc_a-stdio.o)
                              /opt/st/stm32cubeide_2.1.1/plugins/com.st.stm32cube.ide.mcu.externaltools.gnu-tools-for-stm32.14.3.rel1.linux64_1.0.100.202602081740/tools/bin/../lib/gcc/arm-none-eabi/14.3.1/../../../../arm-none-eabi/lib/thumb/v7e-m+dp/hard/libc_nano.a(libc_a-findfp.o) (__sread)
/opt/st/stm32cubeide_2.1.1/plugins/com.st.stm32cube.ide.mcu.externaltools.gnu-tools-for-stm32.14.3.rel1.linux64_1.0.100.202602081740/tools/bin/../lib/gcc/arm-none-eabi/14.3.1/../../../../arm-none-eabi/lib/thumb/v7e-m+dp/hard/libc_nano.a(libc_a-memset.o)
                              /opt/st/stm32cubeide_2.1.1/plugins/com.st.stm32cube.ide.mcu.externaltools.gnu-tools-for-stm32.14.3.rel1.linux64_1.0.100.202602081740/tools/bin/../lib/gcc/arm-none-eabi/14.3.1/../../../../arm-none-eabi/lib/thumb/v7e-m+dp/hard/crt0.o (memset)
/opt/st/stm32cubeide_2.1.1/plugins/com.st.stm32cube.ide.mcu.externaltools.gnu-tools-for-stm32.14.3.rel1.linux64_1.0.100.202602081740/tools/bin/../lib/gcc/arm-none-eabi/14.3.1/../../../../arm-none-eabi/lib/thumb/v7e-m+dp/hard/libc_nano.a(libc_a-localeconv.o)
                              /opt/st/stm32cubeide_2.1.1/plugins/com.st.stm32cube.ide.mcu.externaltools.gnu-tools-for-stm32.14.3.rel1.linux64_1.0.100.202602081740/tools/bin/../lib/gcc/arm-none-eabi/14.3.1/../../../../arm-none-eabi/lib/thumb/v7e-m+dp/hard/libc_nano.a(libc_a-nano-vfprintf_float.o) (_localeconv_r)
/opt/st/stm32cubeide_2.1.1/plugins/com.st.stm32cube.ide.mcu.externaltools.gnu-tools-for-stm32.14.3.rel1.linux64_1.0.100.202602081740/tools/bin/../lib/gcc/arm-none-eabi/14.3.1/../../../../arm-none-eabi/lib/thumb/v7e-m+dp/hard/libc_nano.a(libc_a-closer.o)
                              /opt/st/stm32cubeide_2.1.1/plugins/com.st.stm32cube.ide.mcu.externaltools.gnu-tools-for-stm32.14.3.rel1.linux64_1.0.100.202602081740/tools/bin/../lib/gcc/arm-none-eabi/14.3.1/../../../../arm-none-eabi/lib/thumb/v7e-m+dp/hard/libc_nano.a(libc_a-stdio.o) (_close_r)
[...]
Memory Configuration

Name             Origin             Length             Attributes
RAM_D1           0x24000000         0x00080000         xrw
FLASH            0x08000000         0x00100000         xr
DTCMRAM          0x20000000         0x00020000         xrw
RAM_D2           0x30000000         0x00040000         xrw
SRAM3            0x30040000         0x00008000         xrw
RAM_D3           0x38000000         0x00010000         xrw
ITCMRAM          0x00000000         0x00010000         xrw
*default*        0x00000000         0xffffffff

Linker script and memory map

LOAD /opt/st/stm32cubeide_2.1.1/plugins/com.st.stm32cube.ide.mcu.externaltools.gnu-tools-for-stm32.14.3.rel1.linux64_1.0.100.202602081740/tools/bin/../lib/gcc/arm-none-eabi/14.3.1/thumb/v7e-m+dp/hard/crti.o
LOAD /opt/st/stm32cubeide_2.1.1/plugins/com.st.stm32cube.ide.mcu.externaltools.gnu-tools-for-stm32.14.3.rel1.linux64_1.0.100.202602081740/tools/bin/../lib/gcc/arm-none-eabi/14.3.1/thumb/v7e-m+dp/hard/crtbegin.o
LOAD /opt/st/stm32cubeide_2.1.1/plugins/com.st.stm32cube.ide.mcu.externaltools.gnu-tools-for-stm32.14.3.rel1.linux64_1.0.100.202602081740/tools/bin/../lib/gcc/arm-none-eabi/14.3.1/../../../../arm-none-eabi/lib/thumb/v7e-m+dp/hard/crt0.o
LOAD ./Application/User/Core/freertos.o
LOAD ./Application/User/Core/main.o
LOAD ./Application/User/Core/stm32h7xx_hal_msp.o
LOAD ./Application/User/Core/stm32h7xx_hal_timebase_tim.o
LOAD ./Application/User/Core/stm32h7xx_it.o
LOAD ./Application/User/Core/syscalls.o
LOAD ./Application/User/Core/sysmem.o
LOAD ./Application/User/Startup/startup_stm32h747xihx.o
LOAD ./Application/User/USB_DEVICE/App/usb_device.o
LOAD ./Application/User/USB_DEVICE/App/usbd_cdc_if.o
LOAD ./Application/User/USB_DEVICE/App/usbd_desc.o
LOAD ./Application/User/USB_DEVICE/Target/usbd_conf.o
LOAD ./Drivers/CMSIS/system_stm32h7xx_dualcore_boot_cm4_cm7.o
LOAD ./Drivers/STM32H7xx_HAL_Driver/stm32h7xx_hal.o
LOAD ./Drivers/STM32H7xx_HAL_Driver/stm32h7xx_hal_adc.o
LOAD ./Drivers/STM32H7xx_HAL_Driver/stm32h7xx_hal_adc_ex.o
LOAD ./Drivers/STM32H7xx_HAL_Driver/stm32h7xx_hal_cortex.o
LOAD ./Drivers/STM32H7xx_HAL_Driver/stm32h7xx_hal_dma.o
LOAD ./Drivers/STM32H7xx_HAL_Driver/stm32h7xx_hal_dma_ex.o
LOAD ./Drivers/STM32H7xx_HAL_Driver/stm32h7xx_hal_exti.o
LOAD ./Drivers/STM32H7xx_HAL_Driver/stm32h7xx_hal_flash.o
LOAD ./Drivers/STM32H7xx_HAL_Driver/stm32h7xx_hal_flash_ex.o
LOAD ./Drivers/STM32H7xx_HAL_Driver/stm32h7xx_hal_gpio.o
LOAD ./Drivers/STM32H7xx_HAL_Driver/stm32h7xx_hal_hsem.o
LOAD ./Drivers/STM32H7xx_HAL_Driver/stm32h7xx_hal_i2c.o
LOAD ./Drivers/STM32H7xx_HAL_Driver/stm32h7xx_hal_i2c_ex.o
LOAD ./Drivers/STM32H7xx_HAL_Driver/stm32h7xx_hal_mdma.o
LOAD ./Drivers/STM32H7xx_HAL_Driver/stm32h7xx_hal_pcd.o
LOAD ./Drivers/STM32H7xx_HAL_Driver/stm32h7xx_hal_pcd_ex.o
LOAD ./Drivers/STM32H7xx_HAL_Driver/stm32h7xx_hal_pwr.o
LOAD ./Drivers/STM32H7xx_HAL_Driver/stm32h7xx_hal_pwr_ex.o
LOAD ./Drivers/STM32H7xx_HAL_Driver/stm32h7xx_hal_rcc.o
LOAD ./Drivers/STM32H7xx_HAL_Driver/stm32h7xx_hal_rcc_ex.o
LOAD ./Drivers/STM32H7xx_HAL_Driver/stm32h7xx_hal_tim.o
LOAD ./Drivers/STM32H7xx_HAL_Driver/stm32h7xx_hal_tim_ex.o
LOAD ./Drivers/STM32H7xx_HAL_Driver/stm32h7xx_ll_usb.o
LOAD ./Middlewares/FreeRTOS/cmsis_os2.o
LOAD ./Middlewares/FreeRTOS/croutine.o
LOAD ./Middlewares/FreeRTOS/event_groups.o
LOAD ./Middlewares/FreeRTOS/heap_4.o
LOAD ./Middlewares/FreeRTOS/list.o
LOAD ./Middlewares/FreeRTOS/mpu_wrappers_v2.o
LOAD ./Middlewares/FreeRTOS/port.o
LOAD ./Middlewares/FreeRTOS/queue.o
LOAD ./Middlewares/FreeRTOS/stream_buffer.o
LOAD ./Middlewares/FreeRTOS/tasks.o
LOAD ./Middlewares/FreeRTOS/timers.o
LOAD ./Middlewares/STM32_USB_Device_Library/usbd_cdc.o
LOAD ./Middlewares/STM32_USB_Device_Library/usbd_core.o
LOAD ./Middlewares/STM32_USB_Device_Library/usbd_ctlreq.o
LOAD ./Middlewares/STM32_USB_Device_Library/usbd_ioreq.o
START GROUP
LOAD /opt/st/stm32cubeide_2.1.1/plugins/com.st.stm32cube.ide.mcu.externaltools.gnu-tools-for-stm32.14.3.rel1.linux64_1.0.100.202602081740/tools/bin/../lib/gcc/arm-none-eabi/14.3.1/../../../../arm-none-eabi/lib/thumb/v7e-m+dp/hard/libc_nano.a
LOAD /opt/st/stm32cubeide_2.1.1/plugins/com.st.stm32cube.ide.mcu.externaltools.gnu-tools-for-stm32.14.3.rel1.linux64_1.0.100.202602081740/tools/bin/../lib/gcc/arm-none-eabi/14.3.1/../../../../arm-none-eabi/lib/thumb/v7e-m+dp/hard/libm.a
END GROUP
START GROUP
LOAD /opt/st/stm32cubeide_2.1.1/plugins/com.st.stm32cube.ide.mcu.externaltools.gnu-tools-for-stm32.14.3.rel1.linux64_1.0.100.202602081740/tools/bin/../lib/gcc/arm-none-eabi/14.3.1/thumb/v7e-m+dp/hard/libgcc.a
LOAD /opt/st/stm32cubeide_2.1.1/plugins/com.st.stm32cube.ide.mcu.externaltools.gnu-tools-for-stm32.14.3.rel1.linux64_1.0.100.202602081740/tools/bin/../lib/gcc/arm-none-eabi/14.3.1/../../../../arm-none-eabi/lib/thumb/v7e-m+dp/hard/libc_nano.a
END GROUP
START GROUP
LOAD /opt/st/stm32cubeide_2.1.1/plugins/com.st.stm32cube.ide.mcu.externaltools.gnu-tools-for-stm32.14.3.rel1.linux64_1.0.100.202602081740/tools/bin/../lib/gcc/arm-none-eabi/14.3.1/thumb/v7e-m+dp/hard/libgcc.a
LOAD /opt/st/stm32cubeide_2.1.1/plugins/com.st.stm32cube.ide.mcu.externaltools.gnu-tools-for-stm32.14.3.rel1.linux64_1.0.100.202602081740/tools/bin/../lib/gcc/arm-none-eabi/14.3.1/../../../../arm-none-eabi/lib/thumb/v7e-m+dp/hard/libc_nano.a
LOAD /opt/st/stm32cubeide_2.1.1/plugins/com.st.stm32cube.ide.mcu.externaltools.gnu-tools-for-stm32.14.3.rel1.linux64_1.0.100.202602081740/tools/bin/../lib/gcc/arm-none-eabi/14.3.1/../../../../arm-none-eabi/lib/thumb/v7e-m+dp/hard/libnosys.a
END GROUP
START GROUP
LOAD /opt/st/stm32cubeide_2.1.1/plugins/com.st.stm32cube.ide.mcu.externaltools.gnu-tools-for-stm32.14.3.rel1.linux64_1.0.100.202602081740/tools/bin/../lib/gcc/arm-none-eabi/14.3.1/thumb/v7e-m+dp/hard/libgcc.a
LOAD /opt/st/stm32cubeide_2.1.1/plugins/com.st.stm32cube.ide.mcu.externaltools.gnu-tools-for-stm32.14.3.rel1.linux64_1.0.100.202602081740/tools/bin/../lib/gcc/arm-none-eabi/14.3.1/../../../../arm-none-eabi/lib/thumb/v7e-m+dp/hard/libc_nano.a
LOAD /opt/st/stm32cubeide_2.1.1/plugins/com.st.stm32cube.ide.mcu.externaltools.gnu-tools-for-stm32.14.3.rel1.linux64_1.0.100.202602081740/tools/bin/../lib/gcc/arm-none-eabi/14.3.1/../../../../arm-none-eabi/lib/thumb/v7e-m+dp/hard/libnosys.a
END GROUP
LOAD /opt/st/stm32cubeide_2.1.1/plugins/com.st.stm32cube.ide.mcu.externaltools.gnu-tools-for-stm32.14.3.rel1.linux64_1.0.100.202602081740/tools/bin/../lib/gcc/arm-none-eabi/14.3.1/thumb/v7e-m+dp/hard/crtend.o
LOAD /opt/st/stm32cubeide_2.1.1/plugins/com.st.stm32cube.ide.mcu.externaltools.gnu-tools-for-stm32.14.3.rel1.linux64_1.0.100.202602081740/tools/bin/../lib/gcc/arm-none-eabi/14.3.1/thumb/v7e-m+dp/hard/crtn.o
                0x24080000                        _estack = (ORIGIN (RAM_D1) + LENGTH (RAM_D1))
                0x00001000                        _Min_Heap_Size = 0x1000
                0x00002000                        _Min_Stack_Size = 0x2000

.isr_vector     0x08000000      0x298
                0x08000000                        . = ALIGN (0x4)
 *(.isr_vector)
 .isr_vector    0x08000000      0x298 ./Application/User/Startup/startup_stm32h747xihx.o
                0x08000000                g_pfnVectors
                0x08000298                        . = ALIGN (0x4)

.text           0x080002a0    0x13a2c
                0x080002a0                        . = ALIGN (0x4)
 *(.text)
 .text          0x080002a0       0x40 /opt/st/stm32cubeide_2.1.1/plugins/com.st.stm32cube.ide.mcu.externaltools.gnu-tools-for-stm32.14.3.rel1.linux64_1.0.100.202602081740/tools/bin/../lib/gcc/arm-none-eabi/14.3.1/thumb/v7e-m+dp/hard/crtbegin.o
 .text          0x080002e0       0xa0 /opt/st/stm32cubeide_2.1.1/plugins/com.st.stm32cube.ide.mcu.externaltools.gnu-tools-for-stm32.14.3.rel1.linux64_1.0.100.202602081740/tools/bin/../lib/gcc/arm-none-eabi/14.3.1/../../../../arm-none-eabi/lib/thumb/v7e-m+dp/hard/libc_nano.a(libc_a-memchr.o)
                0x080002e0                memchr
 .text          0x08000380       0x10 /opt/st/stm32cubeide_2.1.1/plugins/com.st.stm32cube.ide.mcu.externaltools.gnu-tools-for-stm32.14.3.rel1.linux64_1.0.100.202602081740/tools/bin/../lib/gcc/arm-none-eabi/14.3.1/../../../../arm-none-eabi/lib/thumb/v7e-m+dp/hard/libc_nano.a(libc_a-strlen.o)
                0x08000380                strlen
 *(.text*)
 .text.main     0x08000390      0x1b0 ./Application/User/Core/main.o
                0x08000390                main
 .text.SystemClock_Config
                0x08000540       0xec ./Application/User/Core/main.o
                0x08000540                SystemClock_Config
 .text.MX_ADC1_Init
                0x0800062c      0x11c ./Application/User/Core/main.o
 .text.MX_TIM1_Init
                0x08000748       0xa4 ./Application/User/Core/main.o
 .text.MX_DMA_Init
                0x080007ec       0x40 ./Application/User/Core/main.o
 .text.MX_GPIO_Init
                0x0800082c      0x140 ./Application/User/Core/main.o
 .text.StartDefaultTask
                0x0800096c       0x14 ./Application/User/Core/main.o
                0x0800096c                StartDefaultTask
 .text.tkCaptacaoDados
                0x08000980       0xa8 ./Application/User/Core/main.o
                0x08000980                tkCaptacaoDados
 .text.MPU_Config
                0x08000a28       0x72 ./Application/User/Core/main.o
 *fill*         0x08000a9a        0x2 
 .text.HAL_TIM_PeriodElapsedCallback
                0x08000a9c       0x24 ./Application/User/Core/main.o
                0x08000a9c                HAL_TIM_PeriodElapsedCallback
 .text.Error_Handler
                0x08000ac0        0xc ./Application/User/Core/main.o
                0x08000ac0                Error_Handler
 .text.HAL_MspInit
                0x08000acc       0x3c ./Application/User/Core/stm32h7xx_hal_msp.o
                0x08000acc                HAL_MspInit
 .text.HAL_ADC_MspInit
                0x08000b08      0x18c ./Application/User/Core/stm32h7xx_hal_msp.o
                0x08000b08                HAL_ADC_MspInit
 .text.HAL_TIM_Base_MspInit
                0x08000c94       0x44 ./Application/User/Core/stm32h7xx_hal_msp.o
                0x08000c94                HAL_TIM_Base_MspInit
 .text.HAL_InitTick
                0x08000cd8       0xd8 ./Application/User/Core/stm32h7xx_hal_timebase_tim.o
                0x08000cd8                HAL_InitTick
 .text.NMI_Handler
                0x08000db0        0x8 ./Application/User/Core/stm32h7xx_it.o
                0x08000db0                NMI_Handler
 .text.HardFault_Handler
                0x08000db8        0x8 ./Application/User/Core/stm32h7xx_it.o
                0x08000db8                HardFault_Handler
 .text.MemManage_Handler
                0x08000dc0        0x8 ./Application/User/Core/stm32h7xx_it.o
                0x08000dc0                MemManage_Handler
 .text.BusFault_Handler
                0x08000dc8        0x8 ./Application/User/Core/stm32h7xx_it.o
                0x08000dc8                BusFault_Handler
 .text.UsageFault_Handler
                0x08000dd0        0x8 ./Application/User/Core/stm32h7xx_it.o
                0x08000dd0                UsageFault_Handler
 .text.DebugMon_Handler
                0x08000dd8        0xe ./Application/User/Core/stm32h7xx_it.o
                0x08000dd8                DebugMon_Handler
 *fill*         0x08000de6        0x2 
 .text.DMA1_Stream0_IRQHandler
                0x08000de8       0x14 ./Application/User/Core/stm32h7xx_it.o
                0x08000de8                DMA1_Stream0_IRQHandler
 .text.ADC_IRQHandler
                0x08000dfc       0x14 ./Application/User/Core/stm32h7xx_it.o
                0x08000dfc                ADC_IRQHandler
 .text.TIM6_DAC_IRQHandler
                0x08000e10       0x14 ./Application/User/Core/stm32h7xx_it.o
                0x08000e10                TIM6_DAC_IRQHandler
 .text.OTG_FS_IRQHandler
                0x08000e24       0x14 ./Application/User/Core/stm32h7xx_it.o
                0x08000e24                OTG_FS_IRQHandler
 .text._getpid  0x08000e38       0x10 ./Application/User/Core/syscalls.o
                0x08000e38                _getpid
 .text._kill    0x08000e48       0x20 ./Application/User/Core/syscalls.o
                0x08000e48                _kill
 .text._exit    0x08000e68       0x16 ./Application/User/Core/syscalls.o
                0x08000e68                _exit
 .text._read    0x08000e7e       0x3a ./Application/User/Core/syscalls.o
                0x08000e7e                _read
 .text._write   0x08000eb8       0x38 ./Application/User/Core/syscalls.o
                0x08000eb8                _write
 .text._close   0x08000ef0       0x18 ./Application/User/Core/syscalls.o
                0x08000ef0                _close
 .text._fstat   0x08000f08       0x20 ./Application/User/Core/syscalls.o
                0x08000f08                _fstat
 .text._isatty  0x08000f28       0x16 ./Application/User/Core/syscalls.o
                0x08000f28                _isatty
 .text._lseek   0x08000f3e       0x1a ./Application/User/Core/syscalls.o
                0x08000f3e                _lseek
 .text._sbrk    0x08000f58       0x6c ./Application/User/Core/sysmem.o
                0x08000f58                _sbrk
 .text.Reset_Handler
                0x08000fc4       0x54 ./Application/User/Startup/startup_stm32h747xihx.o
                0x08000fc4                Reset_Handler
 .text.Default_Handler
                0x08001018        0x2 ./Application/User/Startup/startup_stm32h747xihx.o
                0x08001018                RTC_Alarm_IRQHandler
                0x08001018                EXTI2_IRQHandler
                0x08001018                TIM8_CC_IRQHandler
                0x08001018                HRTIM1_Master_IRQHandler
                0x08001018                UART8_IRQHandler
                0x08001018                SPI4_IRQHandler
                0x08001018                TIM1_CC_IRQHandler
                0x08001018                BDMA_Channel6_IRQHandler
                0x08001018                DMA2_Stream5_IRQHandler
                0x08001018                HRTIM1_FLT_IRQHandler
                0x08001018                JPEG_IRQHandler
                0x08001018                DMA1_Stream5_IRQHandler
                0x08001018                BDMA_Channel1_IRQHandler
                0x08001018                HRTIM1_TIMD_IRQHandler
                0x08001018                TAMP_STAMP_IRQHandler
                0x08001018                EXTI3_IRQHandler
                0x08001018                LPTIM4_IRQHandler
                0x08001018                TIM8_TRG_COM_TIM14_IRQHandler
                0x08001018                LPTIM2_IRQHandler
                0x08001018                DFSDM1_FLT1_IRQHandler
                0x08001018                DMAMUX2_OVR_IRQHandler
                0x08001018                TIM8_UP_TIM13_IRQHandler
                0x08001018                I2C3_ER_IRQHandler
                0x08001018                DFSDM1_FLT2_IRQHandler
                0x08001018                MDMA_IRQHandler
                0x08001018                LPTIM3_IRQHandler
                0x08001018                HSEM1_IRQHandler
                0x08001018                EXTI0_IRQHandler
                0x08001018                I2C2_EV_IRQHandler
                0x08001018                DMA1_Stream2_IRQHandler
                0x08001018                FPU_IRQHandler
                0x08001018                OTG_HS_WKUP_IRQHandler
                0x08001018                FDCAN1_IT1_IRQHandler
                0x08001018                LTDC_ER_IRQHandler
                0x08001018                DMA2_Stream2_IRQHandler
                0x08001018                HRTIM1_TIME_IRQHandler
                0x08001018                SPI1_IRQHandler
                0x08001018                DCMI_IRQHandler
                0x08001018                HRTIM1_TIMC_IRQHandler
                0x08001018                DMA2_Stream3_IRQHandler
                0x08001018                SAI2_IRQHandler
                0x08001018                DFSDM1_FLT3_IRQHandler
                0x08001018                USART6_IRQHandler
                0x08001018                TIM17_IRQHandler
                0x08001018                USART3_IRQHandler
                0x08001018                BDMA_Channel7_IRQHandler
                0x08001018                LPTIM5_IRQHandler
                0x08001018                UART5_IRQHandler
                0x08001018                ADC3_IRQHandler
                0x08001018                DMA2_Stream0_IRQHandler
                0x08001018                TIM4_IRQHandler
                0x08001018                BDMA_Channel2_IRQHandler
                0x08001018                QUADSPI_IRQHandler
                0x08001018                I2C1_EV_IRQHandler
                0x08001018                DMA1_Stream6_IRQHandler
                0x08001018                DMAMUX1_OVR_IRQHandler
                0x08001018                DMA1_Stream1_IRQHandler
                0x08001018                TIM16_IRQHandler
                0x08001018                UART4_IRQHandler
                0x08001018                BDMA_Channel5_IRQHandler
                0x08001018                TIM3_IRQHandler
                0x08001018                RCC_IRQHandler
                0x08001018                TIM8_BRK_TIM12_IRQHandler
                0x08001018                TIM1_TRG_COM_IRQHandler
                0x08001018                Default_Handler
                0x08001018                ECC_IRQHandler
                0x08001018                CEC_IRQHandler
                0x08001018                EXTI15_10_IRQHandler
                0x08001018                BDMA_Channel0_IRQHandler
                0x08001018                DMA1_Stream7_IRQHandler
                0x08001018                HRTIM1_TIMA_IRQHandler
                0x08001018                SPI5_IRQHandler
                0x08001018                TIM7_IRQHandler
                0x08001018                SDMMC1_IRQHandler
                0x08001018                TIM5_IRQHandler
                0x08001018                DMA2_Stream7_IRQHandler
                0x08001018                TIM15_IRQHandler
                0x08001018                PVD_AVD_IRQHandler
                0x08001018                I2C3_EV_IRQHandler
                0x08001018                EXTI9_5_IRQHandler
                0x08001018                RTC_WKUP_IRQHandler
                0x08001018                LTDC_IRQHandler
                0x08001018                SAI3_IRQHandler
                0x08001018                ETH_WKUP_IRQHandler
                0x08001018                SPDIF_RX_IRQHandler
                0x08001018                SPI2_IRQHandler
                0x08001018                OTG_HS_EP1_IN_IRQHandler
                0x08001018                CRS_IRQHandler
                0x08001018                CM7_SEV_IRQHandler
                0x08001018                EXTI4_IRQHandler
                0x08001018                RNG_IRQHandler
                0x08001018                CM4_SEV_IRQHandler
                0x08001018                HRTIM1_TIMB_IRQHandler
                0x08001018                FDCAN2_IT1_IRQHandler
                0x08001018                DSI_IRQHandler
                0x08001018                ETH_IRQHandler
                0x08001018                TIM1_UP_IRQHandler
                0x08001018                WWDG_RST_IRQHandler
                0x08001018                BDMA_Channel4_IRQHandler
                0x08001018                OTG_HS_EP1_OUT_IRQHandler
                0x08001018                WWDG_IRQHandler
                0x08001018                SPI6_IRQHandler
                0x08001018                MDIOS_IRQHandler
                0x08001018                I2C4_EV_IRQHandler
                0x08001018                FDCAN2_IT0_IRQHandler
                0x08001018                LPUART1_IRQHandler
                0x08001018                FDCAN1_IT0_IRQHandler
                0x08001018                TIM2_IRQHandler
                0x08001018                OTG_FS_WKUP_IRQHandler
                0x08001018                OTG_HS_IRQHandler
                0x08001018                HSEM2_IRQHandler
                0x08001018                DMA2D_IRQHandler
                0x08001018                TIM1_BRK_IRQHandler
                0x08001018                EXTI1_IRQHandler
                0x08001018                SDMMC2_IRQHandler
                0x08001018                OTG_FS_EP1_OUT_IRQHandler
                0x08001018                BDMA_Channel3_IRQHandler
                0x08001018                HOLD_CORE_IRQHandler
                0x08001018                UART7_IRQHandler
                0x08001018                MDIOS_WKUP_IRQHandler
                0x08001018                USART2_IRQHandler
                0x08001018                DFSDM1_FLT0_IRQHandler
                0x08001018                SAI4_IRQHandler
                0x08001018                I2C2_ER_IRQHandler
                0x08001018                DMA2_Stream1_IRQHandler
                0x08001018                FLASH_IRQHandler
                0x08001018                DMA2_Stream4_IRQHandler
                0x08001018                USART1_IRQHandler
                0x08001018                SPI3_IRQHandler
                0x08001018                WAKEUP_PIN_IRQHandler
                0x08001018                DMA1_Stream4_IRQHandler
                0x08001018                OTG_FS_EP1_IN_IRQHandler
                0x08001018                I2C1_ER_IRQHandler
                0x08001018                FMC_IRQHandler
                0x08001018                FDCAN_CAL_IRQHandler
                0x08001018                SWPMI1_IRQHandler
                0x08001018                COMP1_IRQHandler
                0x08001018                LPTIM1_IRQHandler
                0x08001018                I2C4_ER_IRQHandler
                0x08001018                DMA2_Stream6_IRQHandler
                0x08001018                SAI1_IRQHandler
                0x08001018                DMA1_Stream3_IRQHandler
 *fill*         0x0800101a        0x2 
 .text.MX_USB_DEVICE_Init
                0x0800101c       0x64 ./Application/User/USB_DEVICE/App/usb_device.o
                0x0800101c                MX_USB_DEVICE_Init
 .text.CDC_Init_FS
                0x08001080       0x28 ./Application/User/USB_DEVICE/App/usbd_cdc_if.o
 .text.CDC_DeInit_FS
                0x080010a8       0x10 ./Application/User/USB_DEVICE/App/usbd_cdc_if.o
 .text.CDC_Control_FS
                0x080010b8       0xbc ./Application/User/USB_DEVICE/App/usbd_cdc_if.o
 .text.CDC_Receive_FS
                0x08001174       0x28 ./Application/User/USB_DEVICE/App/usbd_cdc_if.o
 .text.CDC_Transmit_FS
                0x0800119c       0x4c ./Application/User/USB_DEVICE/App/usbd_cdc_if.o
                0x0800119c                CDC_Transmit_FS
 .text.CDC_TransmitCplt_FS
                0x080011e8       0x22 ./Application/User/USB_DEVICE/App/usbd_cdc_if.o
 *fill*         0x0800120a        0x2 
 .text.USBD_FS_DeviceDescriptor
                0x0800120c       0x24 ./Application/User/USB_DEVICE/App/usbd_desc.o
                0x0800120c                USBD_FS_DeviceDescriptor
 .text.USBD_FS_LangIDStrDescriptor
                0x08001230       0x24 ./Application/User/USB_DEVICE/App/usbd_desc.o
                0x08001230                USBD_FS_LangIDStrDescriptor
 .text.USBD_FS_ProductStrDescriptor
                0x08001254       0x3c ./Application/User/USB_DEVICE/App/usbd_desc.o
                0x08001254                USBD_FS_ProductStrDescriptor
 .text.USBD_FS_ManufacturerStrDescriptor
                0x08001290       0x28 ./Application/User/USB_DEVICE/App/usbd_desc.o
                0x08001290                USBD_FS_ManufacturerStrDescriptor
 .text.USBD_FS_SerialStrDescriptor
                0x080012b8       0x24 ./Application/User/USB_DEVICE/App/usbd_desc.o
                0x080012b8                USBD_FS_SerialStrDescriptor
 .text.USBD_FS_ConfigStrDescriptor
                0x080012dc       0x3c ./Application/User/USB_DEVICE/App/usbd_desc.o
                0x080012dc                USBD_FS_ConfigStrDescriptor
 .text.USBD_FS_InterfaceStrDescriptor
                0x08001318       0x3c ./Application/User/USB_DEVICE/App/usbd_desc.o
                0x08001318                USBD_FS_InterfaceStrDescriptor
 .text.Get_SerialNum
                0x08001354       0x58 ./Application/User/USB_DEVICE/App/usbd_desc.o
 .text.IntToUnicode
                0x080013ac       0x7e ./Application/User/USB_DEVICE/App/usbd_desc.o
 *fill*         0x0800142a        0x2 
 .text.HAL_PCD_MspInit
                0x0800142c       0xe8 ./Application/User/USB_DEVICE/Target/usbd_conf.o
                0x0800142c                HAL_PCD_MspInit
 .text.HAL_PCD_SetupStageCallback
                0x08001514       0x24 ./Application/User/USB_DEVICE/Target/usbd_conf.o
                0x08001514                HAL_PCD_SetupStageCallback
 .text.HAL_PCD_DataOutStageCallback
                0x08001538       0x36 ./Application/User/USB_DEVICE/Target/usbd_conf.o
                0x08001538                HAL_PCD_DataOutStageCallback
 .text.HAL_PCD_DataInStageCallback
                0x0800156e       0x34 ./Application/User/USB_DEVICE/Target/usbd_conf.o
                0x0800156e                HAL_PCD_DataInStageCallback
 .text.HAL_PCD_SOFCallback
                0x080015a2       0x1c ./Application/User/USB_DEVICE/Target/usbd_conf.o
                0x080015a2                HAL_PCD_SOFCallback
 .text.HAL_PCD_ResetCallback
                0x080015be       0x50 ./Application/User/USB_DEVICE/Target/usbd_conf.o
                0x080015be                HAL_PCD_ResetCallback
 *fill*         0x0800160e        0x2 
 .text.HAL_PCD_SuspendCallback
                0x08001610       0x4c ./Application/User/USB_DEVICE/Target/usbd_conf.o
                0x08001610                HAL_PCD_SuspendCallback
 .text.HAL_PCD_ResumeCallback
                0x0800165c       0x1c ./Application/User/USB_DEVICE/Target/usbd_conf.o
                0x0800165c                HAL_PCD_ResumeCallback
 .text.HAL_PCD_ISOOUTIncompleteCallback
                0x08001678       0x24 ./Application/User/USB_DEVICE/Target/usbd_conf.o
                0x08001678                HAL_PCD_ISOOUTIncompleteCallback
 .text.HAL_PCD_ISOINIncompleteCallback
                0x0800169c       0x24 ./Application/User/USB_DEVICE/Target/usbd_conf.o
                0x0800169c                HAL_PCD_ISOINIncompleteCallback
 .text.HAL_PCD_ConnectCallback
                0x080016c0       0x1c ./Application/User/USB_DEVICE/Target/usbd_conf.o
                0x080016c0                HAL_PCD_ConnectCallback
 .text.HAL_PCD_DisconnectCallback
                0x080016dc       0x1c ./Application/User/USB_DEVICE/Target/usbd_conf.o
                0x080016dc                HAL_PCD_DisconnectCallback
 .text.USBD_LL_Init
                0x080016f8       0xa0 ./Application/User/USB_DEVICE/Target/usbd_conf.o
                0x080016f8                USBD_LL_Init
 .text.USBD_LL_Start
                0x08001798       0x36 ./Application/User/USB_DEVICE/Target/usbd_conf.o
                0x08001798                USBD_LL_Start
 .text.USBD_LL_OpenEP
                0x080017ce       0x4c ./Application/User/USB_DEVICE/Target/usbd_conf.o
                0x080017ce                USBD_LL_OpenEP
 .text.USBD_LL_CloseEP
                0x0800181a       0x3e ./Application/User/USB_DEVICE/Target/usbd_conf.o
                0x0800181a                USBD_LL_CloseEP
 .text.USBD_LL_StallEP
                0x08001858       0x3e ./Application/User/USB_DEVICE/Target/usbd_conf.o
                0x08001858                USBD_LL_StallEP
 .text.USBD_LL_ClearStallEP
                0x08001896       0x3e ./Application/User/USB_DEVICE/Target/usbd_conf.o
                0x08001896                USBD_LL_ClearStallEP
 .text.USBD_LL_IsStallEP
                0x080018d4       0x58 ./Application/User/USB_DEVICE/Target/usbd_conf.o
                0x080018d4                USBD_LL_IsStallEP
 .text.USBD_LL_SetUSBAddress
                0x0800192c       0x3e ./Application/User/USB_DEVICE/Target/usbd_conf.o
                0x0800192c                USBD_LL_SetUSBAddress
 .text.USBD_LL_Transmit
                0x0800196a       0x42 ./Application/User/USB_DEVICE/Target/usbd_conf.o
                0x0800196a                USBD_LL_Transmit
 .text.USBD_LL_PrepareReceive
                0x080019ac       0x42 ./Application/User/USB_DEVICE/Target/usbd_conf.o
                0x080019ac                USBD_LL_PrepareReceive
 .text.USBD_LL_GetRxDataSize
                0x080019ee       0x26 ./Application/User/USB_DEVICE/Target/usbd_conf.o
                0x080019ee                USBD_LL_GetRxDataSize
 .text.USBD_static_malloc
                0x08001a14       0x1c ./Application/User/USB_DEVICE/Target/usbd_conf.o
                0x08001a14                USBD_static_malloc
 .text.USBD_static_free
                0x08001a30       0x14 ./Application/User/USB_DEVICE/Target/usbd_conf.o
                0x08001a30                USBD_static_free
 .text.USBD_Get_USB_Status
                0x08001a44       0x58 ./Application/User/USB_DEVICE/Target/usbd_conf.o
                0x08001a44                USBD_Get_USB_Status
 .text.SystemInit
                0x08001a9c      0x15c ./Drivers/CMSIS/system_stm32h7xx_dualcore_boot_cm4_cm7.o
                0x08001a9c                SystemInit
 .text.ExitRun0Mode
                0x08001bf8       0x18 ./Drivers/CMSIS/system_stm32h7xx_dualcore_boot_cm4_cm7.o
                0x08001bf8                ExitRun0Mode
 .text.HAL_Init
                0x08001c10       0x78 ./Drivers/STM32H7xx_HAL_Driver/stm32h7xx_hal.o
                0x08001c10                HAL_Init
 .text.HAL_IncTick
                0x08001c88       0x28 ./Drivers/STM32H7xx_HAL_Driver/stm32h7xx_hal.o
                0x08001c88                HAL_IncTick
 .text.HAL_GetTick
                0x08001cb0       0x18 ./Drivers/STM32H7xx_HAL_Driver/stm32h7xx_hal.o
                0x08001cb0                HAL_GetTick
 .text.HAL_Delay
                0x08001cc8       0x48 ./Drivers/STM32H7xx_HAL_Driver/stm32h7xx_hal.o
                0x08001cc8                HAL_Delay
 .text.HAL_GetREVID
                0x08001d10       0x18 ./Drivers/STM32H7xx_HAL_Driver/stm32h7xx_hal.o
                0x08001d10                HAL_GetREVID
 .text.HAL_SYSCFG_AnalogSwitchConfig
                0x08001d28       0x2c ./Drivers/STM32H7xx_HAL_Driver/stm32h7xx_hal.o
                0x08001d28                HAL_SYSCFG_AnalogSwitchConfig
 .text.LL_ADC_SetCommonClock
                0x08001d54       0x26 ./Drivers/STM32H7xx_HAL_Driver/stm32h7xx_hal_adc.o
 .text.LL_ADC_SetCommonPathInternalCh
                0x08001d7a       0x26 ./Drivers/STM32H7xx_HAL_Driver/stm32h7xx_hal_adc.o
 .text.LL_ADC_GetCommonPathInternalCh
                0x08001da0       0x1c ./Drivers/STM32H7xx_HAL_Driver/stm32h7xx_hal_adc.o
 .text.LL_ADC_SetChannelPreselection
                0x08001dbc       0x66 ./Drivers/STM32H7xx_HAL_Driver/stm32h7xx_hal_adc.o
 .text.LL_ADC_SetOffset
                0x08001e22       0x40 ./Drivers/STM32H7xx_HAL_Driver/stm32h7xx_hal_adc.o
 .text.LL_ADC_SetDataRightShift
                0x08001e62       0x32 ./Drivers/STM32H7xx_HAL_Driver/stm32h7xx_hal_adc.o
 .text.LL_ADC_SetOffsetSignedSaturation
                0x08001e94       0x36 ./Drivers/STM32H7xx_HAL_Driver/stm32h7xx_hal_adc.o
 .text.LL_ADC_REG_IsTriggerSourceSWStart
                0x08001eca       0x26 ./Drivers/STM32H7xx_HAL_Driver/stm32h7xx_hal_adc.o
 .text.LL_ADC_REG_SetSequencerRanks
                0x08001ef0       0x58 ./Drivers/STM32H7xx_HAL_Driver/stm32h7xx_hal_adc.o
 .text.LL_ADC_INJ_IsTriggerSourceSWStart
                0x08001f48       0x26 ./Drivers/STM32H7xx_HAL_Driver/stm32h7xx_hal_adc.o
 .text.LL_ADC_SetChannelSamplingTime
                0x08001f6e       0x56 ./Drivers/STM32H7xx_HAL_Driver/stm32h7xx_hal_adc.o
 .text.LL_ADC_SetChannelSingleDiff
                0x08001fc4       0x48 ./Drivers/STM32H7xx_HAL_Driver/stm32h7xx_hal_adc.o
 .text.LL_ADC_GetMultimode
                0x0800200c       0x1c ./Drivers/STM32H7xx_HAL_Driver/stm32h7xx_hal_adc.o
 .text.LL_ADC_GetMultiDMATransfer
                0x08002028       0x1c ./Drivers/STM32H7xx_HAL_Driver/stm32h7xx_hal_adc.o
 .text.LL_ADC_DisableDeepPowerDown
                0x08002044       0x24 ./Drivers/STM32H7xx_HAL_Driver/stm32h7xx_hal_adc.o
 .text.LL_ADC_IsDeepPowerDownEnabled
                0x08002068       0x28 ./Drivers/STM32H7xx_HAL_Driver/stm32h7xx_hal_adc.o
 .text.LL_ADC_EnableInternalRegulator
                0x08002090       0x28 ./Drivers/STM32H7xx_HAL_Driver/stm32h7xx_hal_adc.o
 .text.LL_ADC_IsInternalRegulatorEnabled
                0x080020b8       0x28 ./Drivers/STM32H7xx_HAL_Driver/stm32h7xx_hal_adc.o
 .text.LL_ADC_IsEnabled
                0x080020e0       0x26 ./Drivers/STM32H7xx_HAL_Driver/stm32h7xx_hal_adc.o
 .text.LL_ADC_REG_IsConversionOngoing
                0x08002106       0x26 ./Drivers/STM32H7xx_HAL_Driver/stm32h7xx_hal_adc.o
 .text.LL_ADC_INJ_IsConversionOngoing
                0x0800212c       0x26 ./Drivers/STM32H7xx_HAL_Driver/stm32h7xx_hal_adc.o
 *fill*         0x08002152        0x2 
 .text.HAL_ADC_Init
                0x08002154      0x344 ./Drivers/STM32H7xx_HAL_Driver/stm32h7xx_hal_adc.o
                0x08002154                HAL_ADC_Init
 .text.HAL_ADC_IRQHandler
                0x08002498      0x474 ./Drivers/STM32H7xx_HAL_Driver/stm32h7xx_hal_adc.o
                0x08002498                HAL_ADC_IRQHandler
 .text.HAL_ADC_ConvCpltCallback
                0x0800290c       0x14 ./Drivers/STM32H7xx_HAL_Driver/stm32h7xx_hal_adc.o
                0x0800290c                HAL_ADC_ConvCpltCallback
 .text.HAL_ADC_LevelOutOfWindowCallback
                0x08002920       0x14 ./Drivers/STM32H7xx_HAL_Driver/stm32h7xx_hal_adc.o
                0x08002920                HAL_ADC_LevelOutOfWindowCallback
 .text.HAL_ADC_ErrorCallback
                0x08002934       0x14 ./Drivers/STM32H7xx_HAL_Driver/stm32h7xx_hal_adc.o
                0x08002934                HAL_ADC_ErrorCallback
 .text.HAL_ADC_ConfigChannel
                0x08002948      0x5e0 ./Drivers/STM32H7xx_HAL_Driver/stm32h7xx_hal_adc.o
                0x08002948                HAL_ADC_ConfigChannel
 .text.ADC_ConfigureBoostMode
                0x08002f28      0x218 ./Drivers/STM32H7xx_HAL_Driver/stm32h7xx_hal_adc.o
                0x08002f28                ADC_ConfigureBoostMode
 .text.LL_ADC_IsEnabled
                0x08003140       0x26 ./Drivers/STM32H7xx_HAL_Driver/stm32h7xx_hal_adc_ex.o
 .text.LL_ADC_REG_IsConversionOngoing
                0x08003166       0x26 ./Drivers/STM32H7xx_HAL_Driver/stm32h7xx_hal_adc_ex.o
 .text.HAL_ADCEx_InjectedConvCpltCallback
                0x0800318c       0x14 ./Drivers/STM32H7xx_HAL_Driver/stm32h7xx_hal_adc_ex.o
                0x0800318c                HAL_ADCEx_InjectedConvCpltCallback
 .text.HAL_ADCEx_InjectedQueueOverflowCallback
                0x080031a0       0x14 ./Drivers/STM32H7xx_HAL_Driver/stm32h7xx_hal_adc_ex.o
                0x080031a0                HAL_ADCEx_InjectedQueueOverflowCallback
 .text.HAL_ADCEx_LevelOutOfWindow2Callback
                0x080031b4       0x14 ./Drivers/STM32H7xx_HAL_Driver/stm32h7xx_hal_adc_ex.o
                0x080031b4                HAL_ADCEx_LevelOutOfWindow2Callback
 .text.HAL_ADCEx_LevelOutOfWindow3Callback
                0x080031c8       0x14 ./Drivers/STM32H7xx_HAL_Driver/stm32h7xx_hal_adc_ex.o
                0x080031c8                HAL_ADCEx_LevelOutOfWindow3Callback
 .text.HAL_ADCEx_EndOfSamplingCallback
                0x080031dc       0x14 ./Drivers/STM32H7xx_HAL_Driver/stm32h7xx_hal_adc_ex.o
                0x080031dc                HAL_ADCEx_EndOfSamplingCallback
 .text.HAL_ADCEx_MultiModeConfigChannel
                0x080031f0      0x1bc ./Drivers/STM32H7xx_HAL_Driver/stm32h7xx_hal_adc_ex.o
                0x080031f0                HAL_ADCEx_MultiModeConfigChannel
 .text.__NVIC_SetPriorityGrouping
                0x080033ac       0x48 ./Drivers/STM32H7xx_HAL_Driver/stm32h7xx_hal_cortex.o
 .text.__NVIC_GetPriorityGrouping
                0x080033f4       0x1c ./Drivers/STM32H7xx_HAL_Driver/stm32h7xx_hal_cortex.o
 .text.__NVIC_EnableIRQ
                0x08003410       0x3c ./Drivers/STM32H7xx_HAL_Driver/stm32h7xx_hal_cortex.o
 .text.__NVIC_SetPriority
                0x0800344c       0x54 ./Drivers/STM32H7xx_HAL_Driver/stm32h7xx_hal_cortex.o
 .text.NVIC_EncodePriority
                0x080034a0       0x66 ./Drivers/STM32H7xx_HAL_Driver/stm32h7xx_hal_cortex.o
 .text.HAL_NVIC_SetPriorityGrouping
                0x08003506       0x16 ./Drivers/STM32H7xx_HAL_Driver/stm32h7xx_hal_cortex.o
                0x08003506                HAL_NVIC_SetPriorityGrouping
 .text.HAL_NVIC_SetPriority
                0x0800351c       0x34 ./Drivers/STM32H7xx_HAL_Driver/stm32h7xx_hal_cortex.o
                0x0800351c                HAL_NVIC_SetPriority
 .text.HAL_NVIC_EnableIRQ
                0x08003550       0x1c ./Drivers/STM32H7xx_HAL_Driver/stm32h7xx_hal_cortex.o
                0x08003550                HAL_NVIC_EnableIRQ
 .text.HAL_MPU_Disable
                0x0800356c       0x30 ./Drivers/STM32H7xx_HAL_Driver/stm32h7xx_hal_cortex.o
                0x0800356c                HAL_MPU_Disable
 .text.HAL_MPU_Enable
                0x0800359c       0x40 ./Drivers/STM32H7xx_HAL_Driver/stm32h7xx_hal_cortex.o
                0x0800359c                HAL_MPU_Enable
 .text.HAL_MPU_ConfigRegion
                0x080035dc       0x80 ./Drivers/STM32H7xx_HAL_Driver/stm32h7xx_hal_cortex.o
                0x080035dc                HAL_MPU_ConfigRegion
 .text.HAL_DMA_Init
                0x0800365c      0x6b8 ./Drivers/STM32H7xx_HAL_Driver/stm32h7xx_hal_dma.o
                0x0800365c                HAL_DMA_Init
 .text.HAL_DMA_IRQHandler
                0x08003d14      0xe54 ./Drivers/STM32H7xx_HAL_Driver/stm32h7xx_hal_dma.o
                0x08003d14                HAL_DMA_IRQHandler
 .text.DMA_CalcBaseAndBitshift
                0x08004b68      0x164 ./Drivers/STM32H7xx_HAL_Driver/stm32h7xx_hal_dma.o
 .text.DMA_CheckFifoParam
                0x08004ccc       0xf8 ./Drivers/STM32H7xx_HAL_Driver/stm32h7xx_hal_dma.o
 .text.DMA_CalcDMAMUXChannelBaseAndMask
                0x08004dc4      0x134 ./Drivers/STM32H7xx_HAL_Driver/stm32h7xx_hal_dma.o
 .text.DMA_CalcDMAMUXRequestGenBaseAndMask
                0x08004ef8       0xe8 ./Drivers/STM32H7xx_HAL_Driver/stm32h7xx_hal_dma.o
 .text.HAL_GPIO_Init
                0x08004fe0      0x374 ./Drivers/STM32H7xx_HAL_Driver/stm32h7xx_hal_gpio.o
                0x08004fe0                HAL_GPIO_Init
 .text.HAL_GPIO_WritePin
                0x08005354       0x32 ./Drivers/STM32H7xx_HAL_Driver/stm32h7xx_hal_gpio.o
                0x08005354                HAL_GPIO_WritePin
 *fill*         0x08005386        0x2 
 .text.HAL_HSEM_FastTake
                0x08005388       0x34 ./Drivers/STM32H7xx_HAL_Driver/stm32h7xx_hal_hsem.o
                0x08005388                HAL_HSEM_FastTake
 .text.HAL_HSEM_Release
                0x080053bc       0x28 ./Drivers/STM32H7xx_HAL_Driver/stm32h7xx_hal_hsem.o
                0x080053bc                HAL_HSEM_Release
 .text.HAL_HSEM_ActivateNotification
                0x080053e4       0x24 ./Drivers/STM32H7xx_HAL_Driver/stm32h7xx_hal_hsem.o
                0x080053e4                HAL_HSEM_ActivateNotification
 .text.HAL_PCD_Init
                0x08005408      0x218 ./Drivers/STM32H7xx_HAL_Driver/stm32h7xx_hal_pcd.o
                0x08005408                HAL_PCD_Init
 .text.HAL_PCD_Start
                0x08005620       0x6a ./Drivers/STM32H7xx_HAL_Driver/stm32h7xx_hal_pcd.o
                0x08005620                HAL_PCD_Start
 .text.HAL_PCD_IRQHandler
                0x0800568a      0x9d0 ./Drivers/STM32H7xx_HAL_Driver/stm32h7xx_hal_pcd.o
                0x0800568a                HAL_PCD_IRQHandler
 .text.HAL_PCD_SetAddress
                0x0800605a       0x48 ./Drivers/STM32H7xx_HAL_Driver/stm32h7xx_hal_pcd.o
                0x0800605a                HAL_PCD_SetAddress
 .text.HAL_PCD_EP_Open
                0x080060a2       0xd4 ./Drivers/STM32H7xx_HAL_Driver/stm32h7xx_hal_pcd.o
                0x080060a2                HAL_PCD_EP_Open
 .text.HAL_PCD_EP_Close
                0x08006176       0x94 ./Drivers/STM32H7xx_HAL_Driver/stm32h7xx_hal_pcd.o
                0x08006176                HAL_PCD_EP_Close
 .text.HAL_PCD_EP_Receive
                0x0800620a       0x76 ./Drivers/STM32H7xx_HAL_Driver/stm32h7xx_hal_pcd.o
                0x0800620a                HAL_PCD_EP_Receive
 .text.HAL_PCD_EP_GetRxCount
                0x08006280       0x30 ./Drivers/STM32H7xx_HAL_Driver/stm32h7xx_hal_pcd.o
                0x08006280                HAL_PCD_EP_GetRxCount
 .text.HAL_PCD_EP_Transmit
                0x080062b0       0x74 ./Drivers/STM32H7xx_HAL_Driver/stm32h7xx_hal_pcd.o
                0x080062b0                HAL_PCD_EP_Transmit
 .text.HAL_PCD_EP_SetStall
                0x08006324       0xc6 ./Drivers/STM32H7xx_HAL_Driver/stm32h7xx_hal_pcd.o
                0x08006324                HAL_PCD_EP_SetStall
 .text.HAL_PCD_EP_ClrStall
                0x080063ea       0xac ./Drivers/STM32H7xx_HAL_Driver/stm32h7xx_hal_pcd.o
                0x080063ea                HAL_PCD_EP_ClrStall
 .text.HAL_PCD_EP_Abort
                0x08006496       0x62 ./Drivers/STM32H7xx_HAL_Driver/stm32h7xx_hal_pcd.o
                0x08006496                HAL_PCD_EP_Abort
 .text.PCD_WriteEmptyTxFifo
                0x080064f8      0x118 ./Drivers/STM32H7xx_HAL_Driver/stm32h7xx_hal_pcd.o
 .text.PCD_EP_OutXfrComplete_int
                0x08006610      0x1d0 ./Drivers/STM32H7xx_HAL_Driver/stm32h7xx_hal_pcd.o
 .text.PCD_EP_OutSetupPacket_int
                0x080067e0       0x8c ./Drivers/STM32H7xx_HAL_Driver/stm32h7xx_hal_pcd.o
 .text.HAL_PCDEx_SetTxFiFo
                0x0800686c       0x8e ./Drivers/STM32H7xx_HAL_Driver/stm32h7xx_hal_pcd_ex.o
                0x0800686c                HAL_PCDEx_SetTxFiFo
 .text.HAL_PCDEx_SetRxFiFo
                0x080068fa       0x22 ./Drivers/STM32H7xx_HAL_Driver/stm32h7xx_hal_pcd_ex.o
                0x080068fa                HAL_PCDEx_SetRxFiFo
 .text.HAL_PCDEx_ActivateLPM
                0x0800691c       0x48 ./Drivers/STM32H7xx_HAL_Driver/stm32h7xx_hal_pcd_ex.o
                0x0800691c                HAL_PCDEx_ActivateLPM
 .text.HAL_PCDEx_LPM_Callback
                0x08006964       0x18 ./Drivers/STM32H7xx_HAL_Driver/stm32h7xx_hal_pcd_ex.o
                0x08006964                HAL_PCDEx_LPM_Callback
 .text.HAL_PWREx_ConfigSupply
                0x0800697c       0xb4 ./Drivers/STM32H7xx_HAL_Driver/stm32h7xx_hal_pwr_ex.o
                0x0800697c                HAL_PWREx_ConfigSupply
 .text.HAL_PWREx_EnableUSBVoltageDetector
                0x08006a30       0x20 ./Drivers/STM32H7xx_HAL_Driver/stm32h7xx_hal_pwr_ex.o
                0x08006a30                HAL_PWREx_EnableUSBVoltageDetector
 .text.HAL_RCC_OscConfig
                0x08006a50      0x8b4 ./Drivers/STM32H7xx_HAL_Driver/stm32h7xx_hal_rcc.o
                0x08006a50                HAL_RCC_OscConfig
 .text.HAL_RCC_ClockConfig
                0x08007304      0x36c ./Drivers/STM32H7xx_HAL_Driver/stm32h7xx_hal_rcc.o
                0x08007304                HAL_RCC_ClockConfig
 .text.HAL_RCC_GetSysClockFreq
                0x08007670      0x2f4 ./Drivers/STM32H7xx_HAL_Driver/stm32h7xx_hal_rcc.o
                0x08007670                HAL_RCC_GetSysClockFreq
 .text.HAL_RCC_GetHCLKFreq
                0x08007964       0x60 ./Drivers/STM32H7xx_HAL_Driver/stm32h7xx_hal_rcc.o
                0x08007964                HAL_RCC_GetHCLKFreq
 .text.HAL_RCC_GetPCLK1Freq
                0x080079c4       0x2c ./Drivers/STM32H7xx_HAL_Driver/stm32h7xx_hal_rcc.o
                0x080079c4                HAL_RCC_GetPCLK1Freq
 .text.HAL_RCC_GetClockConfig
                0x080079f0       0x84 ./Drivers/STM32H7xx_HAL_Driver/stm32h7xx_hal_rcc.o
                0x080079f0                HAL_RCC_GetClockConfig
 .text.HAL_RCCEx_PeriphCLKConfig
                0x08007a74     0x1494 ./Drivers/STM32H7xx_HAL_Driver/stm32h7xx_hal_rcc_ex.o
                0x08007a74                HAL_RCCEx_PeriphCLKConfig
 .text.HAL_RCCEx_GetPeriphCLKFreq
                0x08008f08      0xb00 ./Drivers/STM32H7xx_HAL_Driver/stm32h7xx_hal_rcc_ex.o
                0x08008f08                HAL_RCCEx_GetPeriphCLKFreq
 .text.HAL_RCCEx_GetD3PCLK1Freq
                0x08009a08       0x2c ./Drivers/STM32H7xx_HAL_Driver/stm32h7xx_hal_rcc_ex.o
                0x08009a08                HAL_RCCEx_GetD3PCLK1Freq
 .text.HAL_RCCEx_GetPLL2ClockFreq
                0x08009a34      0x2a8 ./Drivers/STM32H7xx_HAL_Driver/stm32h7xx_hal_rcc_ex.o
                0x08009a34                HAL_RCCEx_GetPLL2ClockFreq
 .text.HAL_RCCEx_GetPLL3ClockFreq
                0x08009cdc      0x2a8 ./Drivers/STM32H7xx_HAL_Driver/stm32h7xx_hal_rcc_ex.o
                0x08009cdc                HAL_RCCEx_GetPLL3ClockFreq
 .text.HAL_RCCEx_GetPLL1ClockFreq
                0x08009f84      0x2a4 ./Drivers/STM32H7xx_HAL_Driver/stm32h7xx_hal_rcc_ex.o
                0x08009f84                HAL_RCCEx_GetPLL1ClockFreq
 .text.RCCEx_PLL2_Config
                0x0800a228      0x164 ./Drivers/STM32H7xx_HAL_Driver/stm32h7xx_hal_rcc_ex.o
 .text.RCCEx_PLL3_Config
                0x0800a38c      0x164 ./Drivers/STM32H7xx_HAL_Driver/stm32h7xx_hal_rcc_ex.o
 .text.HAL_TIM_Base_Init
                0x0800a4f0       0xae ./Drivers/STM32H7xx_HAL_Driver/stm32h7xx_hal_tim.o
                0x0800a4f0                HAL_TIM_Base_Init
 *fill*         0x0800a59e        0x2 
 .text.HAL_TIM_Base_Start_IT
                0x0800a5a0       0xf0 ./Drivers/STM32H7xx_HAL_Driver/stm32h7xx_hal_tim.o
                0x0800a5a0                HAL_TIM_Base_Start_IT
 .text.HAL_TIM_IRQHandler
                0x0800a690      0x20e ./Drivers/STM32H7xx_HAL_Driver/stm32h7xx_hal_tim.o
                0x0800a690                HAL_TIM_IRQHandler
 *fill*         0x0800a89e        0x2 
 .text.HAL_TIM_ConfigClockSource
                0x0800a8a0      0x1f0 ./Drivers/STM32H7xx_HAL_Driver/stm32h7xx_hal_tim.o
                0x0800a8a0                HAL_TIM_ConfigClockSource
 .text.HAL_TIM_OC_DelayElapsedCallback
                0x0800aa90       0x14 ./Drivers/STM32H7xx_HAL_Driver/stm32h7xx_hal_tim.o
                0x0800aa90                HAL_TIM_OC_DelayElapsedCallback
 .text.HAL_TIM_IC_CaptureCallback
                0x0800aaa4       0x14 ./Drivers/STM32H7xx_HAL_Driver/stm32h7xx_hal_tim.o
                0x0800aaa4                HAL_TIM_IC_CaptureCallback
 .text.HAL_TIM_PWM_PulseFinishedCallback
                0x0800aab8       0x14 ./Drivers/STM32H7xx_HAL_Driver/stm32h7xx_hal_tim.o
                0x0800aab8                HAL_TIM_PWM_PulseFinishedCallback
 .text.HAL_TIM_TriggerCallback
                0x0800aacc       0x14 ./Drivers/STM32H7xx_HAL_Driver/stm32h7xx_hal_tim.o
                0x0800aacc                HAL_TIM_TriggerCallback
 .text.TIM_Base_SetConfig
                0x0800aae0      0x140 ./Drivers/STM32H7xx_HAL_Driver/stm32h7xx_hal_tim.o
                0x0800aae0                TIM_Base_SetConfig
 .text.TIM_TI1_ConfigInputStage
                0x0800ac20       0xa8 ./Drivers/STM32H7xx_HAL_Driver/stm32h7xx_hal_tim.o
 .text.TIM_TI2_ConfigInputStage
                0x0800acc8       0x84 ./Drivers/STM32H7xx_HAL_Driver/stm32h7xx_hal_tim.o
 .text.TIM_ITRx_SetConfig
                0x0800ad4c       0x3c ./Drivers/STM32H7xx_HAL_Driver/stm32h7xx_hal_tim.o
 .text.TIM_ETR_SetConfig
                0x0800ad88       0x40 ./Drivers/STM32H7xx_HAL_Driver/stm32h7xx_hal_tim.o
                0x0800ad88                TIM_ETR_SetConfig
 .text.HAL_TIMEx_MasterConfigSynchronization
                0x0800adc8      0x11c ./Drivers/STM32H7xx_HAL_Driver/stm32h7xx_hal_tim_ex.o
                0x0800adc8                HAL_TIMEx_MasterConfigSynchronization
 .text.HAL_TIMEx_CommutCallback
                0x0800aee4       0x14 ./Drivers/STM32H7xx_HAL_Driver/stm32h7xx_hal_tim_ex.o
                0x0800aee4                HAL_TIMEx_CommutCallback
 .text.HAL_TIMEx_BreakCallback
                0x0800aef8       0x14 ./Drivers/STM32H7xx_HAL_Driver/stm32h7xx_hal_tim_ex.o
                0x0800aef8                HAL_TIMEx_BreakCallback
 .text.HAL_TIMEx_Break2Callback
                0x0800af0c       0x14 ./Drivers/STM32H7xx_HAL_Driver/stm32h7xx_hal_tim_ex.o
                0x0800af0c                HAL_TIMEx_Break2Callback
 .text.USB_CoreInit
                0x0800af20       0xf0 ./Drivers/STM32H7xx_HAL_Driver/stm32h7xx_ll_usb.o
                0x0800af20                USB_CoreInit
 .text.USB_SetTurnaroundTime
                0x0800b010      0x144 ./Drivers/STM32H7xx_HAL_Driver/stm32h7xx_ll_usb.o
                0x0800b010                USB_SetTurnaroundTime
 .text.USB_EnableGlobalInt
                0x0800b154       0x22 ./Drivers/STM32H7xx_HAL_Driver/stm32h7xx_ll_usb.o
                0x0800b154                USB_EnableGlobalInt
 .text.USB_DisableGlobalInt
                0x0800b176       0x22 ./Drivers/STM32H7xx_HAL_Driver/stm32h7xx_ll_usb.o
                0x0800b176                USB_DisableGlobalInt
 .text.USB_SetCurrentMode
                0x0800b198       0x98 ./Drivers/STM32H7xx_HAL_Driver/stm32h7xx_ll_usb.o
                0x0800b198                USB_SetCurrentMode
 .text.USB_DevInit
                0x0800b230      0x2bc ./Drivers/STM32H7xx_HAL_Driver/stm32h7xx_ll_usb.o
                0x0800b230                USB_DevInit
 .text.USB_FlushTxFifo
                0x0800b4ec       0x64 ./Drivers/STM32H7xx_HAL_Driver/stm32h7xx_ll_usb.o
                0x0800b4ec                USB_FlushTxFifo
 .text.USB_FlushRxFifo
                0x0800b550       0x5c ./Drivers/STM32H7xx_HAL_Driver/stm32h7xx_ll_usb.o
                0x0800b550                USB_FlushRxFifo
 .text.USB_SetDevSpeed
                0x0800b5ac       0x32 ./Drivers/STM32H7xx_HAL_Driver/stm32h7xx_ll_usb.o
                0x0800b5ac                USB_SetDevSpeed
 .text.USB_GetDevSpeed
                0x0800b5de       0x4a ./Drivers/STM32H7xx_HAL_Driver/stm32h7xx_ll_usb.o
                0x0800b5de                USB_GetDevSpeed
 .text.USB_ActivateEndpoint
                0x0800b628      0x110 ./Drivers/STM32H7xx_HAL_Driver/stm32h7xx_ll_usb.o
                0x0800b628                USB_ActivateEndpoint
 .text.USB_DeactivateEndpoint
                0x0800b738      0x1b8 ./Drivers/STM32H7xx_HAL_Driver/stm32h7xx_ll_usb.o
                0x0800b738                USB_DeactivateEndpoint
 .text.USB_EPStartXfer
                0x0800b8f0      0x548 ./Drivers/STM32H7xx_HAL_Driver/stm32h7xx_ll_usb.o
                0x0800b8f0                USB_EPStartXfer
 .text.USB_EPStopXfer
                0x0800be38      0x1fa ./Drivers/STM32H7xx_HAL_Driver/stm32h7xx_ll_usb.o
                0x0800be38                USB_EPStopXfer
 .text.USB_EPSetStall
                0x0800c032       0xdc ./Drivers/STM32H7xx_HAL_Driver/stm32h7xx_ll_usb.o
                0x0800c032                USB_EPSetStall
 .text.USB_EPClearStall
                0x0800c10e       0xcc ./Drivers/STM32H7xx_HAL_Driver/stm32h7xx_ll_usb.o
                0x0800c10e                USB_EPClearStall
 .text.USB_WritePacket
                0x0800c1da       0x7c ./Drivers/STM32H7xx_HAL_Driver/stm32h7xx_ll_usb.o
                0x0800c1da                USB_WritePacket
 .text.USB_ReadPacket
                0x0800c256       0xb0 ./Drivers/STM32H7xx_HAL_Driver/stm32h7xx_ll_usb.o
                0x0800c256                USB_ReadPacket
 .text.USB_SetDevAddress
                0x0800c306       0x4c ./Drivers/STM32H7xx_HAL_Driver/stm32h7xx_ll_usb.o
                0x0800c306                USB_SetDevAddress
 .text.USB_DevConnect
                0x0800c352       0x42 ./Drivers/STM32H7xx_HAL_Driver/stm32h7xx_ll_usb.o
                0x0800c352                USB_DevConnect
 .text.USB_DevDisconnect
                0x0800c394       0x42 ./Drivers/STM32H7xx_HAL_Driver/stm32h7xx_ll_usb.o
                0x0800c394                USB_DevDisconnect
 .text.USB_ReadInterrupts
                0x0800c3d6       0x26 ./Drivers/STM32H7xx_HAL_Driver/stm32h7xx_ll_usb.o
                0x0800c3d6                USB_ReadInterrupts
 .text.USB_ReadDevAllOutEpInterrupt
                0x0800c3fc       0x34 ./Drivers/STM32H7xx_HAL_Driver/stm32h7xx_ll_usb.o
                0x0800c3fc                USB_ReadDevAllOutEpInterrupt
 .text.USB_ReadDevAllInEpInterrupt
                0x0800c430       0x34 ./Drivers/STM32H7xx_HAL_Driver/stm32h7xx_ll_usb.o
                0x0800c430                USB_ReadDevAllInEpInterrupt
 .text.USB_ReadDevOutEPInterrupt
                0x0800c464       0x3c ./Drivers/STM32H7xx_HAL_Driver/stm32h7xx_ll_usb.o
                0x0800c464                USB_ReadDevOutEPInterrupt
 .text.USB_ReadDevInEPInterrupt
                0x0800c4a0       0x5c ./Drivers/STM32H7xx_HAL_Driver/stm32h7xx_ll_usb.o
                0x0800c4a0                USB_ReadDevInEPInterrupt
 .text.USB_GetMode
                0x0800c4fc       0x1c ./Drivers/STM32H7xx_HAL_Driver/stm32h7xx_ll_usb.o
                0x0800c4fc                USB_GetMode
 .text.USB_ActivateSetup
                0x0800c518       0x48 ./Drivers/STM32H7xx_HAL_Driver/stm32h7xx_ll_usb.o
                0x0800c518                USB_ActivateSetup
 .text.USB_EP0_OutStart
                0x0800c560       0xbc ./Drivers/STM32H7xx_HAL_Driver/stm32h7xx_ll_usb.o
                0x0800c560                USB_EP0_OutStart
 .text.USB_CoreReset
                0x0800c61c       0x70 ./Drivers/STM32H7xx_HAL_Driver/stm32h7xx_ll_usb.o
 .text.__NVIC_SetPriority
                0x0800c68c       0x54 ./Middlewares/FreeRTOS/cmsis_os2.o
 .text.SysTick_Handler
                0x0800c6e0       0x20 ./Middlewares/FreeRTOS/cmsis_os2.o
                0x0800c6e0                SysTick_Handler
 .text.SVC_Setup
                0x0800c700       0x12 ./Middlewares/FreeRTOS/cmsis_os2.o
 .text.IRQ_Context
                0x0800c712       0x4e ./Middlewares/FreeRTOS/cmsis_os2.o
 .text.osKernelInitialize
                0x0800c760       0x4c ./Middlewares/FreeRTOS/cmsis_os2.o
                0x0800c760                osKernelInitialize
 .text.osKernelStart
                0x0800c7ac       0x54 ./Middlewares/FreeRTOS/cmsis_os2.o
                0x0800c7ac                osKernelStart
 .text.osThreadNew
                0x0800c800      0x122 ./Middlewares/FreeRTOS/cmsis_os2.o
                0x0800c800                osThreadNew
 .text.osDelay  0x0800c922       0x34 ./Middlewares/FreeRTOS/cmsis_os2.o
                0x0800c922                osDelay
 *fill*         0x0800c956        0x2 
 .text.vApplicationGetIdleTaskMemory
                0x0800c958       0x34 ./Middlewares/FreeRTOS/cmsis_os2.o
                0x0800c958                vApplicationGetIdleTaskMemory
 .text.vApplicationGetTimerTaskMemory
                0x0800c98c       0x34 ./Middlewares/FreeRTOS/cmsis_os2.o
                0x0800c98c                vApplicationGetTimerTaskMemory
 .text.pvPortMalloc
                0x0800c9c0      0x198 ./Middlewares/FreeRTOS/heap_4.o
                0x0800c9c0                pvPortMalloc
 .text.vPortFree
                0x0800cb58       0xb4 ./Middlewares/FreeRTOS/heap_4.o
                0x0800cb58                vPortFree
 .text.prvHeapInit
                0x0800cc0c       0xb8 ./Middlewares/FreeRTOS/heap_4.o
 .text.prvInsertBlockIntoFreeList
                0x0800ccc4       0xb4 ./Middlewares/FreeRTOS/heap_4.o
 .text.vListInitialise
                0x0800cd78       0x4c ./Middlewares/FreeRTOS/list.o
                0x0800cd78                vListInitialise
 .text.vListInitialiseItem
                0x0800cdc4       0x1a ./Middlewares/FreeRTOS/list.o
                0x0800cdc4                vListInitialiseItem
 .text.vListInsert
                0x0800cdde       0x72 ./Middlewares/FreeRTOS/list.o
                0x0800cdde                vListInsert
 .text.uxListRemove
                0x0800ce50       0x54 ./Middlewares/FreeRTOS/list.o
                0x0800ce50                uxListRemove
 .text.pxPortInitialiseStack
                0x0800cea4       0x68 ./Middlewares/FreeRTOS/port.o
                0x0800cea4                pxPortInitialiseStack
 .text.prvTaskExitError
                0x0800cf0c       0x5c ./Middlewares/FreeRTOS/port.o
 *fill*         0x0800cf68        0x8 
 .text.SVC_Handler
                0x0800cf70       0x28 ./Middlewares/FreeRTOS/port.o
                0x0800cf70                SVC_Handler
 .text.prvPortStartFirstTask
                0x0800cf98       0x2c ./Middlewares/FreeRTOS/port.o
 .text.xPortStartScheduler
                0x0800cfc4      0x17c ./Middlewares/FreeRTOS/port.o
                0x0800cfc4                xPortStartScheduler
 .text.vPortEnterCritical
                0x0800d140       0x64 ./Middlewares/FreeRTOS/port.o
                0x0800d140                vPortEnterCritical
 .text.vPortExitCritical
                0x0800d1a4       0x54 ./Middlewares/FreeRTOS/port.o
                0x0800d1a4                vPortExitCritical
 *fill*         0x0800d1f8        0x8 
 .text.PendSV_Handler
                0x0800d200       0x68 ./Middlewares/FreeRTOS/port.o
                0x0800d200                PendSV_Handler
 .text.xPortSysTickHandler
                0x0800d268       0x44 ./Middlewares/FreeRTOS/port.o
                0x0800d268                xPortSysTickHandler
 .text.vPortSetupTimerInterrupt
                0x0800d2ac       0x48 ./Middlewares/FreeRTOS/port.o
                0x0800d2ac                vPortSetupTimerInterrupt
 .text.vPortEnableVFP
                0x0800d2f4       0x18 ./Middlewares/FreeRTOS/port.o
 .text.xQueueGenericReset
                0x0800d30c      0x124 ./Middlewares/FreeRTOS/queue.o
                0x0800d30c                xQueueGenericReset
 .text.xQueueGenericCreateStatic
                0x0800d430       0xc2 ./Middlewares/FreeRTOS/queue.o
                0x0800d430                xQueueGenericCreateStatic
 .text.prvInitialiseNewQueue
                0x0800d4f2       0x46 ./Middlewares/FreeRTOS/queue.o
 .text.xQueueReceive
                0x0800d538      0x1c4 ./Middlewares/FreeRTOS/queue.o
                0x0800d538                xQueueReceive
 .text.prvCopyDataFromQueue
                0x0800d6fc       0x4c ./Middlewares/FreeRTOS/queue.o
 .text.prvUnlockQueue
                0x0800d748       0xa4 ./Middlewares/FreeRTOS/queue.o
 .text.prvIsQueueEmpty
                0x0800d7ec       0x2c ./Middlewares/FreeRTOS/queue.o
 .text.vQueueAddToRegistry
                0x0800d818       0xa0 ./Middlewares/FreeRTOS/queue.o
                0x0800d818                vQueueAddToRegistry
 .text.vQueueWaitForMessageRestricted
                0x0800d8b8       0x68 ./Middlewares/FreeRTOS/queue.o
                0x0800d8b8                vQueueWaitForMessageRestricted
 .text.xTaskCreateStatic
                0x0800d920       0xca ./Middlewares/FreeRTOS/tasks.o
                0x0800d920                xTaskCreateStatic
 .text.xTaskCreate
                0x0800d9ea       0x94 ./Middlewares/FreeRTOS/tasks.o
                0x0800d9ea                xTaskCreate
 *fill*         0x0800da7e        0x2 
 .text.prvInitialiseNewTask
                0x0800da80      0x14c ./Middlewares/FreeRTOS/tasks.o
 .text.prvAddNewTaskToReadyList
                0x0800dbcc      0x130 ./Middlewares/FreeRTOS/tasks.o
 .text.vTaskDelay
                0x0800dcfc       0x6c ./Middlewares/FreeRTOS/tasks.o
                0x0800dcfc                vTaskDelay
 .text.vTaskStartScheduler
                0x0800dd68       0xe8 ./Middlewares/FreeRTOS/tasks.o
                0x0800dd68                vTaskStartScheduler
 .text.vTaskSuspendAll
                0x0800de50       0x1c ./Middlewares/FreeRTOS/tasks.o
                0x0800de50                vTaskSuspendAll
 .text.xTaskResumeAll
                0x0800de6c      0x1fc ./Middlewares/FreeRTOS/tasks.o
                0x0800de6c                xTaskResumeAll
 .text.xTaskGetTickCount
                0x0800e068       0x20 ./Middlewares/FreeRTOS/tasks.o
                0x0800e068                xTaskGetTickCount
 .text.xTaskIncrementTick
                0x0800e088      0x230 ./Middlewares/FreeRTOS/tasks.o
                0x0800e088                xTaskIncrementTick
 .text.vTaskSwitchContext
                0x0800e2b8       0xc8 ./Middlewares/FreeRTOS/tasks.o
                0x0800e2b8                vTaskSwitchContext
 .text.vTaskPlaceOnEventList
                0x0800e380       0x4c ./Middlewares/FreeRTOS/tasks.o
                0x0800e380                vTaskPlaceOnEventList
 .text.vTaskPlaceOnEventListRestricted
                0x0800e3cc       0x8c ./Middlewares/FreeRTOS/tasks.o
                0x0800e3cc                vTaskPlaceOnEventListRestricted
 .text.xTaskRemoveFromEventList
                0x0800e458      0x1b0 ./Middlewares/FreeRTOS/tasks.o
                0x0800e458                xTaskRemoveFromEventList
 .text.vTaskInternalSetTimeOutState
                0x0800e608       0x2c ./Middlewares/FreeRTOS/tasks.o
                0x0800e608                vTaskInternalSetTimeOutState
 .text.xTaskCheckForTimeOut
                0x0800e634       0xd0 ./Middlewares/FreeRTOS/tasks.o
                0x0800e634                xTaskCheckForTimeOut
 .text.vTaskMissedYield
                0x0800e704       0x18 ./Middlewares/FreeRTOS/tasks.o
                0x0800e704                vTaskMissedYield
 .text.prvIdleTask
                0x0800e71c       0x30 ./Middlewares/FreeRTOS/tasks.o
 .text.prvInitialiseTaskLists
                0x0800e74c       0x80 ./Middlewares/FreeRTOS/tasks.o
 .text.prvCheckTasksWaitingTermination
                0x0800e7cc       0x5c ./Middlewares/FreeRTOS/tasks.o
 .text.prvDeleteTCB
                0x0800e828       0x70 ./Middlewares/FreeRTOS/tasks.o
 .text.prvResetNextTaskUnblockTime
                0x0800e898       0x38 ./Middlewares/FreeRTOS/tasks.o
 .text.xTaskGetCurrentTaskHandle
                0x0800e8d0       0x20 ./Middlewares/FreeRTOS/tasks.o
                0x0800e8d0                xTaskGetCurrentTaskHandle
 .text.xTaskGetSchedulerState
                0x0800e8f0       0x3c ./Middlewares/FreeRTOS/tasks.o
                0x0800e8f0                xTaskGetSchedulerState
 .text.ulTaskGenericNotifyTake
                0x0800e92c       0xd0 ./Middlewares/FreeRTOS/tasks.o
                0x0800e92c                ulTaskGenericNotifyTake
 .text.prvAddCurrentTaskToDelayedList
                0x0800e9fc       0xdc ./Middlewares/FreeRTOS/tasks.o
 .text.xTimerCreateTimerTask
                0x0800ead8       0x94 ./Middlewares/FreeRTOS/timers.o
                0x0800ead8                xTimerCreateTimerTask
 .text.prvReloadTimer
                0x0800eb6c       0x42 ./Middlewares/FreeRTOS/timers.o
 *fill*         0x0800ebae        0x2 
 .text.prvProcessExpiredTimer
                0x0800ebb0       0x60 ./Middlewares/FreeRTOS/timers.o
 .text.prvTimerTask
                0x0800ec10       0x26 ./Middlewares/FreeRTOS/timers.o
 *fill*         0x0800ec36        0x2 
 .text.prvProcessTimerOrBlockTask
                0x0800ec38       0x9c ./Middlewares/FreeRTOS/timers.o
 .text.prvGetNextExpireTime
                0x0800ecd4       0x48 ./Middlewares/FreeRTOS/timers.o
 .text.prvSampleTimeNow
                0x0800ed1c       0x40 ./Middlewares/FreeRTOS/timers.o
 .text.prvInsertTimerInActiveList
                0x0800ed5c       0x84 ./Middlewares/FreeRTOS/timers.o
 .text.prvProcessReceivedCommands
                0x0800ede0      0x1bc ./Middlewares/FreeRTOS/timers.o
 .text.prvSwitchTimerLists
                0x0800ef9c       0x4c ./Middlewares/FreeRTOS/timers.o
 .text.prvCheckForValidListAndQueue
                0x0800efe8       0x80 ./Middlewares/FreeRTOS/timers.o
 .text.USBD_CDC_Init
                0x0800f068      0x1f0 ./Middlewares/STM32_USB_Device_Library/usbd_cdc.o
 .text.USBD_CDC_DeInit
                0x0800f258      0x104 ./Middlewares/STM32_USB_Device_Library/usbd_cdc.o
 .text.USBD_CDC_Setup
                0x0800f35c      0x1b8 ./Middlewares/STM32_USB_Device_Library/usbd_cdc.o
 .text.USBD_CDC_DataIn
                0x0800f514       0xfe ./Middlewares/STM32_USB_Device_Library/usbd_cdc.o
 .text.USBD_CDC_DataOut
                0x0800f612       0x70 ./Middlewares/STM32_USB_Device_Library/usbd_cdc.o
 .text.USBD_CDC_EP0_RxReady
                0x0800f682       0x74 ./Middlewares/STM32_USB_Device_Library/usbd_cdc.o
 *fill*         0x0800f6f6        0x2 
 .text.USBD_CDC_GetFSCfgDesc
                0x0800f6f8       0x70 ./Middlewares/STM32_USB_Device_Library/usbd_cdc.o
 .text.USBD_CDC_GetHSCfgDesc
                0x0800f768       0x70 ./Middlewares/STM32_USB_Device_Library/usbd_cdc.o
 .text.USBD_CDC_GetOtherSpeedCfgDesc
                0x0800f7d8       0x70 ./Middlewares/STM32_USB_Device_Library/usbd_cdc.o
 .text.USBD_CDC_GetDeviceQualifierDescriptor
                0x0800f848       0x20 ./Middlewares/STM32_USB_Device_Library/usbd_cdc.o
                0x0800f848                USBD_CDC_GetDeviceQualifierDescriptor
 .text.USBD_CDC_RegisterInterface
                0x0800f868       0x34 ./Middlewares/STM32_USB_Device_Library/usbd_cdc.o
                0x0800f868                USBD_CDC_RegisterInterface
 .text.USBD_CDC_SetTxBuffer
                0x0800f89c       0x44 ./Middlewares/STM32_USB_Device_Library/usbd_cdc.o
                0x0800f89c                USBD_CDC_SetTxBuffer
 .text.USBD_CDC_SetRxBuffer
                0x0800f8e0       0x3a ./Middlewares/STM32_USB_Device_Library/usbd_cdc.o
                0x0800f8e0                USBD_CDC_SetRxBuffer
 *fill*         0x0800f91a        0x2 
 .text.USBD_CDC_TransmitPacket
                0x0800f91c       0x80 ./Middlewares/STM32_USB_Device_Library/usbd_cdc.o
                0x0800f91c                USBD_CDC_TransmitPacket
 .text.USBD_CDC_ReceivePacket
                0x0800f99c       0x6c ./Middlewares/STM32_USB_Device_Library/usbd_cdc.o
                0x0800f99c                USBD_CDC_ReceivePacket
 .text.USBD_Init
                0x0800fa08       0x60 ./Middlewares/STM32_USB_Device_Library/usbd_core.o
                0x0800fa08                USBD_Init
 .text.USBD_RegisterClass
                0x0800fa68       0x6c ./Middlewares/STM32_USB_Device_Library/usbd_core.o
                0x0800fa68                USBD_RegisterClass
 .text.USBD_Start
                0x0800fad4       0x18 ./Middlewares/STM32_USB_Device_Library/usbd_core.o
                0x0800fad4                USBD_Start
 .text.USBD_RunTestMode
                0x0800faec       0x16 ./Middlewares/STM32_USB_Device_Library/usbd_core.o
                0x0800faec                USBD_RunTestMode
 .text.USBD_SetClassConfig
                0x0800fb02       0x38 ./Middlewares/STM32_USB_Device_Library/usbd_core.o
                0x0800fb02                USBD_SetClassConfig
 .text.USBD_ClrClassConfig
                0x0800fb3a       0x34 ./Middlewares/STM32_USB_Device_Library/usbd_core.o
                0x0800fb3a                USBD_ClrClassConfig
 .text.USBD_LL_SetupStage
                0x0800fb6e       0xaa ./Middlewares/STM32_USB_Device_Library/usbd_core.o
                0x0800fb6e                USBD_LL_SetupStage
 .text.USBD_LL_DataOutStage
                0x0800fc18      0x178 ./Middlewares/STM32_USB_Device_Library/usbd_core.o
                0x0800fc18                USBD_LL_DataOutStage
 .text.USBD_LL_DataInStage
                0x0800fd90      0x176 ./Middlewares/STM32_USB_Device_Library/usbd_core.o
                0x0800fd90                USBD_LL_DataInStage
 .text.USBD_LL_Reset
                0x0800ff06       0xa6 ./Middlewares/STM32_USB_Device_Library/usbd_core.o
                0x0800ff06                USBD_LL_Reset
 .text.USBD_LL_SetSpeed
                0x0800ffac       0x20 ./Middlewares/STM32_USB_Device_Library/usbd_core.o
                0x0800ffac                USBD_LL_SetSpeed
 .text.USBD_LL_Suspend
                0x0800ffcc       0x38 ./Middlewares/STM32_USB_Device_Library/usbd_core.o
                0x0800ffcc                USBD_LL_Suspend
 .text.USBD_LL_Resume
                0x08010004       0x30 ./Middlewares/STM32_USB_Device_Library/usbd_core.o
                0x08010004                USBD_LL_Resume
 .text.USBD_LL_SOF
                0x08010034       0x40 ./Middlewares/STM32_USB_Device_Library/usbd_core.o
                0x08010034                USBD_LL_SOF
 .text.USBD_LL_IsoINIncomplete
                0x08010074       0x64 ./Middlewares/STM32_USB_Device_Library/usbd_core.o
                0x08010074                USBD_LL_IsoINIncomplete
 .text.USBD_LL_IsoOUTIncomplete
                0x080100d8       0x64 ./Middlewares/STM32_USB_Device_Library/usbd_core.o
                0x080100d8                USBD_LL_IsoOUTIncomplete
 .text.USBD_LL_DevConnected
                0x0801013c       0x16 ./Middlewares/STM32_USB_Device_Library/usbd_core.o
                0x0801013c                USBD_LL_DevConnected
 .text.USBD_LL_DevDisconnected
                0x08010152       0x46 ./Middlewares/STM32_USB_Device_Library/usbd_core.o
                0x08010152                USBD_LL_DevDisconnected
 .text.USBD_CoreFindIF
                0x08010198       0x1a ./Middlewares/STM32_USB_Device_Library/usbd_core.o
                0x08010198                USBD_CoreFindIF
 .text.USBD_CoreFindEP
                0x080101b2       0x1a ./Middlewares/STM32_USB_Device_Library/usbd_core.o
                0x080101b2                USBD_CoreFindEP
 .text.USBD_GetEpDesc
                0x080101cc       0x70 ./Middlewares/STM32_USB_Device_Library/usbd_core.o
                0x080101cc                USBD_GetEpDesc
 .text.USBD_GetNextDesc
                0x0801023c       0x38 ./Middlewares/STM32_USB_Device_Library/usbd_core.o
                0x0801023c                USBD_GetNextDesc
 .text.SWAPBYTE
                0x08010274       0x3e ./Middlewares/STM32_USB_Device_Library/usbd_ctlreq.o
 *fill*         0x080102b2        0x2 
 .text.USBD_StdDevReq
                0x080102b4       0xe4 ./Middlewares/STM32_USB_Device_Library/usbd_ctlreq.o
                0x080102b4                USBD_StdDevReq
 .text.USBD_StdItfReq
                0x08010398       0xd8 ./Middlewares/STM32_USB_Device_Library/usbd_ctlreq.o
                0x08010398                USBD_StdItfReq
 .text.USBD_StdEPReq
                0x08010470      0x33e ./Middlewares/STM32_USB_Device_Library/usbd_ctlreq.o
                0x08010470                USBD_StdEPReq
 *fill*         0x080107ae        0x2 
 .text.USBD_GetDescriptor
                0x080107b0      0x328 ./Middlewares/STM32_USB_Device_Library/usbd_ctlreq.o
 .text.USBD_SetAddress
                0x08010ad8       0x88 ./Middlewares/STM32_USB_Device_Library/usbd_ctlreq.o
 .text.USBD_SetConfig
                0x08010b60      0x154 ./Middlewares/STM32_USB_Device_Library/usbd_ctlreq.o
 .text.USBD_GetConfig
                0x08010cb4       0x6c ./Middlewares/STM32_USB_Device_Library/usbd_ctlreq.o
 .text.USBD_GetStatus
                0x08010d20       0x68 ./Middlewares/STM32_USB_Device_Library/usbd_ctlreq.o
 .text.USBD_SetFeature
                0x08010d88       0x52 ./Middlewares/STM32_USB_Device_Library/usbd_ctlreq.o
 .text.USBD_ClrFeature
                0x08010dda       0x44 ./Middlewares/STM32_USB_Device_Library/usbd_ctlreq.o
 .text.USBD_ParseSetupRequest
                0x08010e1e       0x74 ./Middlewares/STM32_USB_Device_Library/usbd_ctlreq.o
                0x08010e1e                USBD_ParseSetupRequest
 .text.USBD_CtlError
                0x08010e92       0x22 ./Middlewares/STM32_USB_Device_Library/usbd_ctlreq.o
                0x08010e92                USBD_CtlError
 .text.USBD_GetString
                0x08010eb4       0xa4 ./Middlewares/STM32_USB_Device_Library/usbd_ctlreq.o
                0x08010eb4                USBD_GetString
 .text.USBD_GetLen
                0x08010f58       0x34 ./Middlewares/STM32_USB_Device_Library/usbd_ctlreq.o
 .text.USBD_CtlSendData
                0x08010f8c       0x3c ./Middlewares/STM32_USB_Device_Library/usbd_ioreq.o
                0x08010f8c                USBD_CtlSendData
 .text.USBD_CtlContinueSendData
                0x08010fc8       0x22 ./Middlewares/STM32_USB_Device_Library/usbd_ioreq.o
                0x08010fc8                USBD_CtlContinueSendData
 .text.USBD_CtlPrepareRx
                0x08010fea       0x42 ./Middlewares/STM32_USB_Device_Library/usbd_ioreq.o
                0x08010fea                USBD_CtlPrepareRx
 .text.USBD_CtlContinueRx
                0x0801102c       0x22 ./Middlewares/STM32_USB_Device_Library/usbd_ioreq.o
                0x0801102c                USBD_CtlContinueRx
 .text.USBD_CtlSendStatus
                0x0801104e       0x26 ./Middlewares/STM32_USB_Device_Library/usbd_ioreq.o
                0x0801104e                USBD_CtlSendStatus
 .text.USBD_CtlReceiveStatus
                0x08011074       0x26 ./Middlewares/STM32_USB_Device_Library/usbd_ioreq.o
                0x08011074                USBD_CtlReceiveStatus
 .text.__cvt    0x0801109a       0xa8 /opt/st/stm32cubeide_2.1.1/plugins/com.st.stm32cube.ide.mcu.externaltools.gnu-tools-for-stm32.14.3.rel1.linux64_1.0.100.202602081740/tools/bin/../lib/gcc/arm-none-eabi/14.3.1/../../../../arm-none-eabi/lib/thumb/v7e-m+dp/hard/libc_nano.a(libc_a-nano-vfprintf_float.o)
                0x0801109a                __cvt
 .text.__exponent
                0x08011142       0x74 /opt/st/stm32cubeide_2.1.1/plugins/com.st.stm32cube.ide.mcu.externaltools.gnu-tools-for-stm32.14.3.rel1.linux64_1.0.100.202602081740/tools/bin/../lib/gcc/arm-none-eabi/14.3.1/../../../../arm-none-eabi/lib/thumb/v7e-m+dp/hard/libc_nano.a(libc_a-nano-vfprintf_float.o)
                0x08011142                __exponent
 *fill*         0x080111b6        0x2 
 .text._printf_float
                0x080111b8      0x434 /opt/st/stm32cubeide_2.1.1/plugins/com.st.stm32cube.ide.mcu.externaltools.gnu-tools-for-stm32.14.3.rel1.linux64_1.0.100.202602081740/tools/bin/../lib/gcc/arm-none-eabi/14.3.1/../../../../arm-none-eabi/lib/thumb/v7e-m+dp/hard/libc_nano.a(libc_a-nano-vfprintf_float.o)
                0x080111b8                _printf_float
 .text._printf_common
                0x080115ec       0xda /opt/st/stm32cubeide_2.1.1/plugins/com.st.stm32cube.ide.mcu.externaltools.gnu-tools-for-stm32.14.3.rel1.linux64_1.0.100.202602081740/tools/bin/../lib/gcc/arm-none-eabi/14.3.1/../../../../arm-none-eabi/lib/thumb/v7e-m+dp/hard/libc_nano.a(libc_a-nano-vfprintf_i.o)
                0x080115ec                _printf_common
 *fill*         0x080116c6        0x2 
 .text._printf_i
                0x080116c8      0x24c /opt/st/stm32cubeide_2.1.1/plugins/com.st.stm32cube.ide.mcu.externaltools.gnu-tools-for-stm32.14.3.rel1.linux64_1.0.100.202602081740/tools/bin/../lib/gcc/arm-none-eabi/14.3.1/../../../../arm-none-eabi/lib/thumb/v7e-m+dp/hard/libc_nano.a(libc_a-nano-vfprintf_i.o)
                0x080116c8                _printf_i
 .text.std      0x08011914       0x6c /opt/st/stm32cubeide_2.1.1/plugins/com.st.stm32cube.ide.mcu.externaltools.gnu-tools-for-stm32.14.3.rel1.linux64_1.0.100.202602081740/tools/bin/../lib/gcc/arm-none-eabi/14.3.1/../../../../arm-none-eabi/lib/thumb/v7e-m+dp/hard/libc_nano.a(libc_a-findfp.o)
 .text.stdio_exit_handler
                0x08011980       0x18 /opt/st/stm32cubeide_2.1.1/plugins/com.st.stm32cube.ide.mcu.externaltools.gnu-tools-for-stm32.14.3.rel1.linux64_1.0.100.202602081740/tools/bin/../lib/gcc/arm-none-eabi/14.3.1/../../../../arm-none-eabi/lib/thumb/v7e-m+dp/hard/libc_nano.a(libc_a-findfp.o)
 .text.cleanup_stdio
                0x08011998       0x40 /opt/st/stm32cubeide_2.1.1/plugins/com.st.stm32cube.ide.mcu.externaltools.gnu-tools-for-stm32.14.3.rel1.linux64_1.0.100.202602081740/tools/bin/../lib/gcc/arm-none-eabi/14.3.1/../../../../arm-none-eabi/lib/thumb/v7e-m+dp/hard/libc_nano.a(libc_a-findfp.o)
 .text.global_stdio_init.part.0
                0x080119d8       0x40 /opt/st/stm32cubeide_2.1.1/plugins/com.st.stm32cube.ide.mcu.externaltools.gnu-tools-for-stm32.14.3.rel1.linux64_1.0.100.202602081740/tools/bin/../lib/gcc/arm-none-eabi/14.3.1/../../../../arm-none-eabi/lib/thumb/v7e-m+dp/hard/libc_nano.a(libc_a-findfp.o)
 .text.__sfp_lock_acquire
                0x08011a18        0xc /opt/st/stm32cubeide_2.1.1/plugins/com.st.stm32cube.ide.mcu.externaltools.gnu-tools-for-stm32.14.3.rel1.linux64_1.0.100.202602081740/tools/bin/../lib/gcc/arm-none-eabi/14.3.1/../../../../arm-none-eabi/lib/thumb/v7e-m+dp/hard/libc_nano.a(libc_a-findfp.o)
                0x08011a18                __sfp_lock_acquire
 .text.__sfp_lock_release
                0x08011a24        0xc /opt/st/stm32cubeide_2.1.1/plugins/com.st.stm32cube.ide.mcu.externaltools.gnu-tools-for-stm32.14.3.rel1.linux64_1.0.100.202602081740/tools/bin/../lib/gcc/arm-none-eabi/14.3.1/../../../../arm-none-eabi/lib/thumb/v7e-m+dp/hard/libc_nano.a(libc_a-findfp.o)
                0x08011a24                __sfp_lock_release
 .text.__sinit  0x08011a30       0x30 /opt/st/stm32cubeide_2.1.1/plugins/com.st.stm32cube.ide.mcu.externaltools.gnu-tools-for-stm32.14.3.rel1.linux64_1.0.100.202602081740/tools/bin/../lib/gcc/arm-none-eabi/14.3.1/../../../../arm-none-eabi/lib/thumb/v7e-m+dp/hard/libc_nano.a(libc_a-findfp.o)
                0x08011a30                __sinit
 .text._fwalk_sglue
                0x08011a60       0x3c /opt/st/stm32cubeide_2.1.1/plugins/com.st.stm32cube.ide.mcu.externaltools.gnu-tools-for-stm32.14.3.rel1.linux64_1.0.100.202602081740/tools/bin/../lib/gcc/arm-none-eabi/14.3.1/../../../../arm-none-eabi/lib/thumb/v7e-m+dp/hard/libc_nano.a(libc_a-fwalk.o)
                0x08011a60                _fwalk_sglue
 .text.sprintf  0x08011a9c       0x44 /opt/st/stm32cubeide_2.1.1/plugins/com.st.stm32cube.ide.mcu.externaltools.gnu-tools-for-stm32.14.3.rel1.linux64_1.0.100.202602081740/tools/bin/../lib/gcc/arm-none-eabi/14.3.1/../../../../arm-none-eabi/lib/thumb/v7e-m+dp/hard/libc_nano.a(libc_a-sprintf.o)
                0x08011a9c                sprintf
                0x08011a9c                siprintf
 .text.__sread  0x08011ae0       0x22 /opt/st/stm32cubeide_2.1.1/plugins/com.st.stm32cube.ide.mcu.externaltools.gnu-tools-for-stm32.14.3.rel1.linux64_1.0.100.202602081740/tools/bin/../lib/gcc/arm-none-eabi/14.3.1/../../../../arm-none-eabi/lib/thumb/v7e-m+dp/hard/libc_nano.a(libc_a-stdio.o)
                0x08011ae0                __sread
 .text.__swrite
                0x08011b02       0x38 /opt/st/stm32cubeide_2.1.1/plugins/com.st.stm32cube.ide.mcu.externaltools.gnu-tools-for-stm32.14.3.rel1.linux64_1.0.100.202602081740/tools/bin/../lib/gcc/arm-none-eabi/14.3.1/../../../../arm-none-eabi/lib/thumb/v7e-m+dp/hard/libc_nano.a(libc_a-stdio.o)
                0x08011b02                __swrite
 .text.__sseek  0x08011b3a       0x26 /opt/st/stm32cubeide_2.1.1/plugins/com.st.stm32cube.ide.mcu.externaltools.gnu-tools-for-stm32.14.3.rel1.linux64_1.0.100.202602081740/tools/bin/../lib/gcc/arm-none-eabi/14.3.1/../../../../arm-none-eabi/lib/thumb/v7e-m+dp/hard/libc_nano.a(libc_a-stdio.o)
                0x08011b3a                __sseek
 .text.__sclose
                0x08011b60        0x8 /opt/st/stm32cubeide_2.1.1/plugins/com.st.stm32cube.ide.mcu.externaltools.gnu-tools-for-stm32.14.3.rel1.linux64_1.0.100.202602081740/tools/bin/../lib/gcc/arm-none-eabi/14.3.1/../../../../arm-none-eabi/lib/thumb/v7e-m+dp/hard/libc_nano.a(libc_a-stdio.o)
                0x08011b60                __sclose
 .text.memset   0x08011b68       0x10 /opt/st/stm32cubeide_2.1.1/plugins/com.st.stm32cube.ide.mcu.externaltools.gnu-tools-for-stm32.14.3.rel1.linux64_1.0.100.202602081740/tools/bin/../lib/gcc/arm-none-eabi/14.3.1/../../../../arm-none-eabi/lib/thumb/v7e-m+dp/hard/libc_nano.a(libc_a-memset.o)
                0x08011b68                memset
 .text._localeconv_r
                0x08011b78        0x8 /opt/st/stm32cubeide_2.1.1/plugins/com.st.stm32cube.ide.mcu.externaltools.gnu-tools-for-stm32.14.3.rel1.linux64_1.0.100.202602081740/tools/bin/../lib/gcc/arm-none-eabi/14.3.1/../../../../arm-none-eabi/lib/thumb/v7e-m+dp/hard/libc_nano.a(libc_a-localeconv.o)
                0x08011b78                _localeconv_r
 .text._close_r
                0x08011b80       0x20 /opt/st/stm32cubeide_2.1.1/plugins/com.st.stm32cube.ide.mcu.externaltools.gnu-tools-for-stm32.14.3.rel1.linux64_1.0.100.202602081740/tools/bin/../lib/gcc/arm-none-eabi/14.3.1/../../../../arm-none-eabi/lib/thumb/v7e-m+dp/hard/libc_nano.a(libc_a-closer.o)
                0x08011b80                _close_r
 .text._reclaim_reent
                0x08011ba0       0xbc /opt/st/stm32cubeide_2.1.1/plugins/com.st.stm32cube.ide.mcu.externaltools.gnu-tools-for-stm32.14.3.rel1.linux64_1.0.100.202602081740/tools/bin/../lib/gcc/arm-none-eabi/14.3.1/../../../../arm-none-eabi/lib/thumb/v7e-m+dp/hard/libc_nano.a(libc_a-reent.o)
                0x08011ba0                _reclaim_reent
 .text._lseek_r
                0x08011c5c       0x24 /opt/st/stm32cubeide_2.1.1/plugins/com.st.stm32cube.ide.mcu.externaltools.gnu-tools-for-stm32.14.3.rel1.linux64_1.0.100.202602081740/tools/bin/../lib/gcc/arm-none-eabi/14.3.1/../../../../arm-none-eabi/lib/thumb/v7e-m+dp/hard/libc_nano.a(libc_a-lseekr.o)
                0x08011c5c                _lseek_r
 .text._read_r  0x08011c80       0x24 /opt/st/stm32cubeide_2.1.1/plugins/com.st.stm32cube.ide.mcu.externaltools.gnu-tools-for-stm32.14.3.rel1.linux64_1.0.100.202602081740/tools/bin/../lib/gcc/arm-none-eabi/14.3.1/../../../../arm-none-eabi/lib/thumb/v7e-m+dp/hard/libc_nano.a(libc_a-readr.o)
                0x08011c80                _read_r
 .text._write_r
                0x08011ca4       0x24 /opt/st/stm32cubeide_2.1.1/plugins/com.st.stm32cube.ide.mcu.externaltools.gnu-tools-for-stm32.14.3.rel1.linux64_1.0.100.202602081740/tools/bin/../lib/gcc/arm-none-eabi/14.3.1/../../../../arm-none-eabi/lib/thumb/v7e-m+dp/hard/libc_nano.a(libc_a-writer.o)
                0x08011ca4                _write_r
 .text.__errno  0x08011cc8        0xc /opt/st/stm32cubeide_2.1.1/plugins/com.st.stm32cube.ide.mcu.externaltools.gnu-tools-for-stm32.14.3.rel1.linux64_1.0.100.202602081740/tools/bin/../lib/gcc/arm-none-eabi/14.3.1/../../../../arm-none-eabi/lib/thumb/v7e-m+dp/hard/libc_nano.a(libc_a-errno.o)
                0x08011cc8                __errno
 .text.__libc_init_array
                0x08011cd4       0x48 /opt/st/stm32cubeide_2.1.1/plugins/com.st.stm32cube.ide.mcu.externaltools.gnu-tools-for-stm32.14.3.rel1.linux64_1.0.100.202602081740/tools/bin/../lib/gcc/arm-none-eabi/14.3.1/../../../../arm-none-eabi/lib/thumb/v7e-m+dp/hard/libc_nano.a(libc_a-init.o)
                0x08011cd4                __libc_init_array
 .text.__retarget_lock_init_recursive
                0x08011d1c        0x2 /opt/st/stm32cubeide_2.1.1/plugins/com.st.stm32cube.ide.mcu.externaltools.gnu-tools-for-stm32.14.3.rel1.linux64_1.0.100.202602081740/tools/bin/../lib/gcc/arm-none-eabi/14.3.1/../../../../arm-none-eabi/lib/thumb/v7e-m+dp/hard/libc_nano.a(libc_a-lock.o)
                0x08011d1c                __retarget_lock_init_recursive
 .text.__retarget_lock_acquire_recursive
                0x08011d1e        0x2 /opt/st/stm32cubeide_2.1.1/plugins/com.st.stm32cube.ide.mcu.externaltools.gnu-tools-for-stm32.14.3.rel1.linux64_1.0.100.202602081740/tools/bin/../lib/gcc/arm-none-eabi/14.3.1/../../../../arm-none-eabi/lib/thumb/v7e-m+dp/hard/libc_nano.a(libc_a-lock.o)
                0x08011d1e                __retarget_lock_acquire_recursive
 .text.__retarget_lock_release_recursive
                0x08011d20        0x2 /opt/st/stm32cubeide_2.1.1/plugins/com.st.stm32cube.ide.mcu.externaltools.gnu-tools-for-stm32.14.3.rel1.linux64_1.0.100.202602081740/tools/bin/../lib/gcc/arm-none-eabi/14.3.1/../../../../arm-none-eabi/lib/thumb/v7e-m+dp/hard/libc_nano.a(libc_a-lock.o)
                0x08011d20                __retarget_lock_release_recursive
 .text.memcpy   0x08011d22       0x1c /opt/st/stm32cubeide_2.1.1/plugins/com.st.stm32cube.ide.mcu.externaltools.gnu-tools-for-stm32.14.3.rel1.linux64_1.0.100.202602081740/tools/bin/../lib/gcc/arm-none-eabi/14.3.1/../../../../arm-none-eabi/lib/thumb/v7e-m+dp/hard/libc_nano.a(libc_a-memcpy-stub.o)
                0x08011d22                memcpy
 .text.quorem   0x08011d3e      0x110 /opt/st/stm32cubeide_2.1.1/plugins/com.st.stm32cube.ide.mcu.externaltools.gnu-tools-for-stm32.14.3.rel1.linux64_1.0.100.202602081740/tools/bin/../lib/gcc/arm-none-eabi/14.3.1/../../../../arm-none-eabi/lib/thumb/v7e-m+dp/hard/libc_nano.a(libc_a-dtoa.o)
 *fill*         0x08011e4e        0x2 
 .text._dtoa_r  0x08011e50      0xa94 /opt/st/stm32cubeide_2.1.1/plugins/com.st.stm32cube.ide.mcu.externaltools.gnu-tools-for-stm32.14.3.rel1.linux64_1.0.100.202602081740/tools/bin/../lib/gcc/arm-none-eabi/14.3.1/../../../../arm-none-eabi/lib/thumb/v7e-m+dp/hard/libc_nano.a(libc_a-dtoa.o)
                0x08011e50                _dtoa_r
 .text._free_r  0x080128e4       0x94 /opt/st/stm32cubeide_2.1.1/plugins/com.st.stm32cube.ide.mcu.externaltools.gnu-tools-for-stm32.14.3.rel1.linux64_1.0.100.202602081740/tools/bin/../lib/gcc/arm-none-eabi/14.3.1/../../../../arm-none-eabi/lib/thumb/v7e-m+dp/hard/libc_nano.a(libc_a-freer.o)
                0x080128e4                _free_r
 .text.malloc   0x08012978       0x10 /opt/st/stm32cubeide_2.1.1/plugins/com.st.stm32cube.ide.mcu.externaltools.gnu-tools-for-stm32.14.3.rel1.linux64_1.0.100.202602081740/tools/bin/../lib/gcc/arm-none-eabi/14.3.1/../../../../arm-none-eabi/lib/thumb/v7e-m+dp/hard/libc_nano.a(libc_a-malloc.o)
                0x08012978                malloc
 .text.sbrk_aligned
                0x08012988       0x44 /opt/st/stm32cubeide_2.1.1/plugins/com.st.stm32cube.ide.mcu.externaltools.gnu-tools-for-stm32.14.3.rel1.linux64_1.0.100.202602081740/tools/bin/../lib/gcc/arm-none-eabi/14.3.1/../../../../arm-none-eabi/lib/thumb/v7e-m+dp/hard/libc_nano.a(libc_a-mallocr.o)
 .text._malloc_r
                0x080129cc      0x100 /opt/st/stm32cubeide_2.1.1/plugins/com.st.stm32cube.ide.mcu.externaltools.gnu-tools-for-stm32.14.3.rel1.linux64_1.0.100.202602081740/tools/bin/../lib/gcc/arm-none-eabi/14.3.1/../../../../arm-none-eabi/lib/thumb/v7e-m+dp/hard/libc_nano.a(libc_a-mallocr.o)
                0x080129cc                _malloc_r
 .text.__malloc_lock
                0x08012acc        0xc /opt/st/stm32cubeide_2.1.1/plugins/com.st.stm32cube.ide.mcu.externaltools.gnu-tools-for-stm32.14.3.rel1.linux64_1.0.100.202602081740/tools/bin/../lib/gcc/arm-none-eabi/14.3.1/../../../../arm-none-eabi/lib/thumb/v7e-m+dp/hard/libc_nano.a(libc_a-mlock.o)
                0x08012acc                __malloc_lock
 .text.__malloc_unlock
                0x08012ad8        0xc /opt/st/stm32cubeide_2.1.1/plugins/com.st.stm32cube.ide.mcu.externaltools.gnu-tools-for-stm32.14.3.rel1.linux64_1.0.100.202602081740/tools/bin/../lib/gcc/arm-none-eabi/14.3.1/../../../../arm-none-eabi/lib/thumb/v7e-m+dp/hard/libc_nano.a(libc_a-mlock.o)
                0x08012ad8                __malloc_unlock
 .text._Balloc  0x08012ae4       0x7c /opt/st/stm32cubeide_2.1.1/plugins/com.st.stm32cube.ide.mcu.externaltools.gnu-tools-for-stm32.14.3.rel1.linux64_1.0.100.202602081740/tools/bin/../lib/gcc/arm-none-eabi/14.3.1/../../../../arm-none-eabi/lib/thumb/v7e-m+dp/hard/libc_nano.a(libc_a-mprec.o)
                0x08012ae4                _Balloc
 .text._Bfree   0x08012b60       0x44 /opt/st/stm32cubeide_2.1.1/plugins/com.st.stm32cube.ide.mcu.externaltools.gnu-tools-for-stm32.14.3.rel1.linux64_1.0.100.202602081740/tools/bin/../lib/gcc/arm-none-eabi/14.3.1/../../../../arm-none-eabi/lib/thumb/v7e-m+dp/hard/libc_nano.a(libc_a-mprec.o)
                0x08012b60                _Bfree
 .text.__multadd
                0x08012ba4       0x8c /opt/st/stm32cubeide_2.1.1/plugins/com.st.stm32cube.ide.mcu.externaltools.gnu-tools-for-stm32.14.3.rel1.linux64_1.0.100.202602081740/tools/bin/../lib/gcc/arm-none-eabi/14.3.1/../../../../arm-none-eabi/lib/thumb/v7e-m+dp/hard/libc_nano.a(libc_a-mprec.o)
                0x08012ba4                __multadd
 .text.__hi0bits
                0x08012c30       0x3e /opt/st/stm32cubeide_2.1.1/plugins/com.st.stm32cube.ide.mcu.externaltools.gnu-tools-for-stm32.14.3.rel1.linux64_1.0.100.202602081740/tools/bin/../lib/gcc/arm-none-eabi/14.3.1/../../../../arm-none-eabi/lib/thumb/v7e-m+dp/hard/libc_nano.a(libc_a-mprec.o)
                0x08012c30                __hi0bits
 .text.__lo0bits
                0x08012c6e       0x5a /opt/st/stm32cubeide_2.1.1/plugins/com.st.stm32cube.ide.mcu.externaltools.gnu-tools-for-stm32.14.3.rel1.linux64_1.0.100.202602081740/tools/bin/../lib/gcc/arm-none-eabi/14.3.1/../../../../arm-none-eabi/lib/thumb/v7e-m+dp/hard/libc_nano.a(libc_a-mprec.o)
                0x08012c6e                __lo0bits
 .text.__i2b    0x08012cc8       0x2c /opt/st/stm32cubeide_2.1.1/plugins/com.st.stm32cube.ide.mcu.externaltools.gnu-tools-for-stm32.14.3.rel1.linux64_1.0.100.202602081740/tools/bin/../lib/gcc/arm-none-eabi/14.3.1/../../../../arm-none-eabi/lib/thumb/v7e-m+dp/hard/libc_nano.a(libc_a-mprec.o)
                0x08012cc8                __i2b
 .text.__multiply
                0x08012cf4      0x154 /opt/st/stm32cubeide_2.1.1/plugins/com.st.stm32cube.ide.mcu.externaltools.gnu-tools-for-stm32.14.3.rel1.linux64_1.0.100.202602081740/tools/bin/../lib/gcc/arm-none-eabi/14.3.1/../../../../arm-none-eabi/lib/thumb/v7e-m+dp/hard/libc_nano.a(libc_a-mprec.o)
                0x08012cf4                __multiply
 .text.__pow5mult
                0x08012e48       0xb8 /opt/st/stm32cubeide_2.1.1/plugins/com.st.stm32cube.ide.mcu.externaltools.gnu-tools-for-stm32.14.3.rel1.linux64_1.0.100.202602081740/tools/bin/../lib/gcc/arm-none-eabi/14.3.1/../../../../arm-none-eabi/lib/thumb/v7e-m+dp/hard/libc_nano.a(libc_a-mprec.o)
                0x08012e48                __pow5mult
 .text.__lshift
                0x08012f00       0xdc /opt/st/stm32cubeide_2.1.1/plugins/com.st.stm32cube.ide.mcu.externaltools.gnu-tools-for-stm32.14.3.rel1.linux64_1.0.100.202602081740/tools/bin/../lib/gcc/arm-none-eabi/14.3.1/../../../../arm-none-eabi/lib/thumb/v7e-m+dp/hard/libc_nano.a(libc_a-mprec.o)
                0x08012f00                __lshift
 .text.__mcmp   0x08012fdc       0x36 /opt/st/stm32cubeide_2.1.1/plugins/com.st.stm32cube.ide.mcu.externaltools.gnu-tools-for-stm32.14.3.rel1.linux64_1.0.100.202602081740/tools/bin/../lib/gcc/arm-none-eabi/14.3.1/../../../../arm-none-eabi/lib/thumb/v7e-m+dp/hard/libc_nano.a(libc_a-mprec.o)
                0x08012fdc                __mcmp
 *fill*         0x08013012        0x2 
 .text.__mdiff  0x08013014      0x130 /opt/st/stm32cubeide_2.1.1/plugins/com.st.stm32cube.ide.mcu.externaltools.gnu-tools-for-stm32.14.3.rel1.linux64_1.0.100.202602081740/tools/bin/../lib/gcc/arm-none-eabi/14.3.1/../../../../arm-none-eabi/lib/thumb/v7e-m+dp/hard/libc_nano.a(libc_a-mprec.o)
                0x08013014                __mdiff
 .text.__d2b    0x08013144       0xb0 /opt/st/stm32cubeide_2.1.1/plugins/com.st.stm32cube.ide.mcu.externaltools.gnu-tools-for-stm32.14.3.rel1.linux64_1.0.100.202602081740/tools/bin/../lib/gcc/arm-none-eabi/14.3.1/../../../../arm-none-eabi/lib/thumb/v7e-m+dp/hard/libc_nano.a(libc_a-mprec.o)
                0x08013144                __d2b
 .text.__ssputs_r
                0x080131f4       0xc0 /opt/st/stm32cubeide_2.1.1/plugins/com.st.stm32cube.ide.mcu.externaltools.gnu-tools-for-stm32.14.3.rel1.linux64_1.0.100.202602081740/tools/bin/../lib/gcc/arm-none-eabi/14.3.1/../../../../arm-none-eabi/lib/thumb/v7e-m+dp/hard/libc_nano.a(libc_a-nano-svfprintf.o)
                0x080131f4                __ssputs_r
 .text._svfprintf_r
                0x080132b4      0x1f0 /opt/st/stm32cubeide_2.1.1/plugins/com.st.stm32cube.ide.mcu.externaltools.gnu-tools-for-stm32.14.3.rel1.linux64_1.0.100.202602081740/tools/bin/../lib/gcc/arm-none-eabi/14.3.1/../../../../arm-none-eabi/lib/thumb/v7e-m+dp/hard/libc_nano.a(libc_a-nano-svfprintf.o)
                0x080132b4                _svfprintf_r
                0x080132b4                _svfiprintf_r
 .text.__sflush_r
                0x080134a4      0x104 /opt/st/stm32cubeide_2.1.1/plugins/com.st.stm32cube.ide.mcu.externaltools.gnu-tools-for-stm32.14.3.rel1.linux64_1.0.100.202602081740/tools/bin/../lib/gcc/arm-none-eabi/14.3.1/../../../../arm-none-eabi/lib/thumb/v7e-m+dp/hard/libc_nano.a(libc_a-fflush.o)
                0x080134a4                __sflush_r
 .text._fflush_r
                0x080135a8       0x50 /opt/st/stm32cubeide_2.1.1/plugins/com.st.stm32cube.ide.mcu.externaltools.gnu-tools-for-stm32.14.3.rel1.linux64_1.0.100.202602081740/tools/bin/../lib/gcc/arm-none-eabi/14.3.1/../../../../arm-none-eabi/lib/thumb/v7e-m+dp/hard/libc_nano.a(libc_a-fflush.o)
                0x080135a8                _fflush_r
 .text.memmove  0x080135f8       0x32 /opt/st/stm32cubeide_2.1.1/plugins/com.st.stm32cube.ide.mcu.externaltools.gnu-tools-for-stm32.14.3.rel1.linux64_1.0.100.202602081740/tools/bin/../lib/gcc/arm-none-eabi/14.3.1/../../../../arm-none-eabi/lib/thumb/v7e-m+dp/hard/libc_nano.a(libc_a-memmove.o)
                0x080135f8                memmove
 *fill*         0x0801362a        0x2 
 .text._sbrk_r  0x0801362c       0x20 /opt/st/stm32cubeide_2.1.1/plugins/com.st.stm32cube.ide.mcu.externaltools.gnu-tools-for-stm32.14.3.rel1.linux64_1.0.100.202602081740/tools/bin/../lib/gcc/arm-none-eabi/14.3.1/../../../../arm-none-eabi/lib/thumb/v7e-m+dp/hard/libc_nano.a(libc_a-sbrkr.o)
                0x0801362c                _sbrk_r
 .text.__assert_func
                0x0801364c       0x3c /opt/st/stm32cubeide_2.1.1/plugins/com.st.stm32cube.ide.mcu.externaltools.gnu-tools-for-stm32.14.3.rel1.linux64_1.0.100.202602081740/tools/bin/../lib/gcc/arm-none-eabi/14.3.1/../../../../arm-none-eabi/lib/thumb/v7e-m+dp/hard/libc_nano.a(libc_a-assert.o)
                0x0801364c                __assert_func
 .text._calloc_r
                0x08013688       0x28 /opt/st/stm32cubeide_2.1.1/plugins/com.st.stm32cube.ide.mcu.externaltools.gnu-tools-for-stm32.14.3.rel1.linux64_1.0.100.202602081740/tools/bin/../lib/gcc/arm-none-eabi/14.3.1/../../../../arm-none-eabi/lib/thumb/v7e-m+dp/hard/libc_nano.a(libc_a-callocr.o)
                0x08013688                _calloc_r
 .text.__ascii_mbtowc
                0x080136b0       0x24 /opt/st/stm32cubeide_2.1.1/plugins/com.st.stm32cube.ide.mcu.externaltools.gnu-tools-for-stm32.14.3.rel1.linux64_1.0.100.202602081740/tools/bin/../lib/gcc/arm-none-eabi/14.3.1/../../../../arm-none-eabi/lib/thumb/v7e-m+dp/hard/libc_nano.a(libc_a-mbtowc_r.o)