/home/arthur/IC_STM32/CM4/Core/Src/main.c:112:5:main	2
/home/arthur/IC_STM32/CM4/Core/Src/main.c:221:6:MX_ADC1_Init	5
/home/arthur/IC_STM32/CM4/Core/Src/main.c:299:6:MX_TIM1_Init	4
/home/arthur/IC_STM32/CM4/Core/Src/main.c:344:13:MX_DMA_Init	1
/home/arthur/IC_STM32/CM4/Core/Src/main.c:353:6:HAL_ADC_ConvHalfCpltCallback	1
/home/arthur/IC_STM32/CM4/Core/Src/main.c:359:6:HAL_ADC_ConvCpltCallback	1
/home/arthur/IC_STM32/CM4/Core/Src/main.c:373:6:StartDefaultTask	1
/home/arthur/IC_STM32/CM4/Core/Src/main.c:391:13:tkImpressao	1
/home/arthur/IC_STM32/CM4/Core/Src/main.c:404:6:MPU_Config	1
/home/arthur/IC_STM32/CM4/Core/Src/main.c:449:6:HAL_TIM_PeriodElapsedCallback	2
/home/arthur/IC_STM32/CM4/Core/Src/main.c:467:6:Error_Handler	1
