/home/arthur/IC_STM32/CM4/Core/Src/main.c:107:5:main	2
/home/arthur/IC_STM32/CM4/Core/Src/main.c:216:13:MX_ADC1_Init	5
/home/arthur/IC_STM32/CM4/Core/Src/main.c:295:13:MX_TIM1_Init	4
/home/arthur/IC_STM32/CM4/Core/Src/main.c:340:13:MX_DMA_Init	1
/home/arthur/IC_STM32/CM4/Core/Src/main.c:358:13:MX_GPIO_Init	1
/home/arthur/IC_STM32/CM4/Core/Src/main.c:386:6:HAL_ADC_ConvHalfCpltCallback	1
/home/arthur/IC_STM32/CM4/Core/Src/main.c:393:6:HAL_ADC_ConvCpltCallback	1
/home/arthur/IC_STM32/CM4/Core/Src/main.c:408:6:StartDefaultTask	1
/home/arthur/IC_STM32/CM4/Core/Src/main.c:421:6:MPU_Config	1
/home/arthur/IC_STM32/CM4/Core/Src/main.c:466:6:HAL_TIM_PeriodElapsedCallback	2
/home/arthur/IC_STM32/CM4/Core/Src/main.c:484:6:Error_Handler	1
