Archive member included to satisfy reference by file (symbol)

/opt/st/stm32cubeide_2.1.1/plugins/com.st.stm32cube.ide.mcu.externaltools.gnu-tools-for-stm32.14.3.rel1.linux64_1.0.100.202602081740/tools/bin/../lib/gcc/arm-none-eabi/14.3.1/../../../../arm-none-eabi/lib/thumb/v7e-m+fp/hard/libc_nano.a(libc_a-exit.o)
                              /opt/st/stm32cubeide_2.1.1/plugins/com.st.stm32cube.ide.mcu.externaltools.gnu-tools-for-stm32.14.3.rel1.linux64_1.0.100.202602081740/tools/bin/../lib/gcc/arm-none-eabi/14.3.1/../../../../arm-none-eabi/lib/thumb/v7e-m+fp/hard/crt0.o (exit)
/opt/st/stm32cubeide_2.1.1/plugins/com.st.stm32cube.ide.mcu.externaltools.gnu-tools-for-stm32.14.3.rel1.linux64_1.0.100.202602081740/tools/bin/../lib/gcc/arm-none-eabi/14.3.1/../../../../arm-none-eabi/lib/thumb/v7e-m+fp/hard/libc_nano.a(libc_a-nano-vfprintf_float.o)
                              (_printf_float)
/opt/st/stm32cubeide_2.1.1/plugins/com.st.stm32cube.ide.mcu.externaltools.gnu-tools-for-stm32.14.3.rel1.linux64_1.0.100.202602081740/tools/bin/../lib/gcc/arm-none-eabi/14.3.1/../../../../arm-none-eabi/lib/thumb/v7e-m+fp/hard/libc_nano.a(libc_a-nano-vfprintf_i.o)
                              /opt/st/stm32cubeide_2.1.1/plugins/com.st.stm32cube.ide.mcu.externaltools.gnu-tools-for-stm32.14.3.rel1.linux64_1.0.100.202602081740/tools/bin/../lib/gcc/arm-none-eabi/14.3.1/../../../../arm-none-eabi/lib/thumb/v7e-m+fp/hard/libc_nano.a(libc_a-nano-vfprintf_float.o) (_printf_common)
/opt/st/stm32cubeide_2.1.1/plugins/com.st.stm32cube.ide.mcu.externaltools.gnu-tools-for-stm32.14.3.rel1.linux64_1.0.100.202602081740/tools/bin/../lib/gcc/arm-none-eabi/14.3.1/../../../../arm-none-eabi/lib/thumb/v7e-m+fp/hard/libc_nano.a(libc_a-findfp.o)
                              ./Middlewares/FreeRTOS/tasks.o (__sf)
/opt/st/stm32cubeide_2.1.1/plugins/com.st.stm32cube.ide.mcu.externaltools.gnu-tools-for-stm32.14.3.rel1.linux64_1.0.100.202602081740/tools/bin/../lib/gcc/arm-none-eabi/14.3.1/../../../../arm-none-eabi/lib/thumb/v7e-m+fp/hard/libc_nano.a(libc_a-fwalk.o)
                              /opt/st/stm32cubeide_2.1.1/plugins/com.st.stm32cube.ide.mcu.externaltools.gnu-tools-for-stm32.14.3.rel1.linux64_1.0.100.202602081740/tools/bin/../lib/gcc/arm-none-eabi/14.3.1/../../../../arm-none-eabi/lib/thumb/v7e-m+fp/hard/libc_nano.a(libc_a-findfp.o) (_fwalk_sglue)
/opt/st/stm32cubeide_2.1.1/plugins/com.st.stm32cube.ide.mcu.externaltools.gnu-tools-for-stm32.14.3.rel1.linux64_1.0.100.202602081740/tools/bin/../lib/gcc/arm-none-eabi/14.3.1/../../../../arm-none-eabi/lib/thumb/v7e-m+fp/hard/libc_nano.a(libc_a-stdio.o)
                              /opt/st/stm32cubeide_2.1.1/plugins/com.st.stm32cube.ide.mcu.externaltools.gnu-tools-for-stm32.14.3.rel1.linux64_1.0.100.202602081740/tools/bin/../lib/gcc/arm-none-eabi/14.3.1/../../../../arm-none-eabi/lib/thumb/v7e-m+fp/hard/libc_nano.a(libc_a-findfp.o) (__sread)
/opt/st/stm32cubeide_2.1.1/plugins/com.st.stm32cube.ide.mcu.externaltools.gnu-tools-for-stm32.14.3.rel1.linux64_1.0.100.202602081740/tools/bin/../lib/gcc/arm-none-eabi/14.3.1/../../../../arm-none-eabi/lib/thumb/v7e-m+fp/hard/libc_nano.a(libc_a-memset.o)
                              /opt/st/stm32cubeide_2.1.1/plugins/com.st.stm32cube.ide.mcu.externaltools.gnu-tools-for-stm32.14.3.rel1.linux64_1.0.100.202602081740/tools/bin/../lib/gcc/arm-none-eabi/14.3.1/../../../../arm-none-eabi/lib/thumb/v7e-m+fp/hard/crt0.o (memset)
/opt/st/stm32cubeide_2.1.1/plugins/com.st.stm32cube.ide.mcu.externaltools.gnu-tools-for-stm32.14.3.rel1.linux64_1.0.100.202602081740/tools/bin/../lib/gcc/arm-none-eabi/14.3.1/../../../../arm-none-eabi/lib/thumb/v7e-m+fp/hard/libc_nano.a(libc_a-localeconv.o)
                              /opt/st/stm32cubeide_2.1.1/plugins/com.st.stm32cube.ide.mcu.externaltools.gnu-tools-for-stm32.14.3.rel1.linux64_1.0.100.202602081740/tools/bin/../lib/gcc/arm-none-eabi/14.3.1/../../../../arm-none-eabi/lib/thumb/v7e-m+fp/hard/libc_nano.a(libc_a-nano-vfprintf_float.o) (_localeconv_r)
/opt/st/stm32cubeide_2.1.1/plugins/com.st.stm32cube.ide.mcu.externaltools.gnu-tools-for-stm32.14.3.rel1.linux64_1.0.100.202602081740/tools/bin/../lib/gcc/arm-none-eabi/14.3.1/../../../../arm-none-eabi/lib/thumb/v7e-m+fp/hard/libc_nano.a(libc_a-closer.o)
                              /opt/st/stm32cubeide_2.1.1/plugins/com.st.stm32cube.ide.mcu.externaltools.gnu-tools-for-stm32.14.3.rel1.linux64_1.0.100.202602081740/tools/bin/../lib/gcc/arm-none-eabi/14.3.1/../../../../arm-none-eabi/lib/thumb/v7e-m+fp/hard/libc_nano.a(libc_a-stdio.o) (_close_r)
/opt/st/stm32cubeide_2.1.1/plugins/com.st.stm32cube.ide.mcu.externaltools.gnu-tools-for-stm32.14.3.rel1.linux64_1.0.100.202602081740/tools/bin/../lib/gcc/arm-none-eabi/14.3.1/../../../../arm-none-eabi/lib/thumb/v7e-m+fp/hard/libc_nano.a(libc_a-reent.o)
                              ./Middlewares/FreeRTOS/tasks.o (_reclaim_reent)
[...]
Memory Configuration

Name             Origin             Length             Attributes
FLASH            0x08100000         0x00100000         xr
RAM              0x10000000         0x00048000         xrw
SRAM3            0x30040000         0x00008000         xrw
SRAM4            0x38000000         0x00010000         xrw
*default*        0x00000000         0xffffffff

Linker script and memory map

LOAD /opt/st/stm32cubeide_2.1.1/plugins/com.st.stm32cube.ide.mcu.externaltools.gnu-tools-for-stm32.14.3.rel1.linux64_1.0.100.202602081740/tools/bin/../lib/gcc/arm-none-eabi/14.3.1/thumb/v7e-m+fp/hard/crti.o
LOAD /opt/st/stm32cubeide_2.1.1/plugins/com.st.stm32cube.ide.mcu.externaltools.gnu-tools-for-stm32.14.3.rel1.linux64_1.0.100.202602081740/tools/bin/../lib/gcc/arm-none-eabi/14.3.1/thumb/v7e-m+fp/hard/crtbegin.o
LOAD /opt/st/stm32cubeide_2.1.1/plugins/com.st.stm32cube.ide.mcu.externaltools.gnu-tools-for-stm32.14.3.rel1.linux64_1.0.100.202602081740/tools/bin/../lib/gcc/arm-none-eabi/14.3.1/../../../../arm-none-eabi/lib/thumb/v7e-m+fp/hard/crt0.o
LOAD ./Application/User/Core/freertos.o
LOAD ./Application/User/Core/main.o
LOAD ./Application/User/Core/stm32h7xx_hal_msp.o
LOAD ./Application/User/Core/stm32h7xx_hal_timebase_tim.o
LOAD ./Application/User/Core/stm32h7xx_it.o
LOAD ./Application/User/Core/syscalls.o
LOAD ./Application/User/Core/sysmem.o
LOAD ./Application/User/Startup/startup_stm32h747xihx.o
LOAD ./Drivers/CMSIS/system_stm32h7xx_dualcore_boot_cm4_cm7.o
LOAD ./Drivers/STM32H7xx_HAL_Driver/stm32h7xx_hal.o
LOAD ./Drivers/STM32H7xx_HAL_Driver/stm32h7xx_hal_adc.o
LOAD ./Drivers/STM32H7xx_HAL_Driver/stm32h7xx_hal_adc_ex.o
LOAD ./Drivers/STM32H7xx_HAL_Driver/stm32h7xx_hal_cortex.o
LOAD ./Drivers/STM32H7xx_HAL_Driver/stm32h7xx_hal_dma.o
LOAD ./Drivers/STM32H7xx_HAL_Driver/stm32h7xx_hal_dma_ex.o
LOAD ./Drivers/STM32H7xx_HAL_Driver/stm32h7xx_hal_exti.o
LOAD ./Drivers/STM32H7xx_HAL_Driver/stm32h7xx_hal_flash.o
LOAD ./Drivers/STM32H7xx_HAL_Driver/stm32h7xx_hal_flash_ex.o
LOAD ./Drivers/STM32H7xx_HAL_Driver/stm32h7xx_hal_gpio.o
LOAD ./Drivers/STM32H7xx_HAL_Driver/stm32h7xx_hal_hsem.o
LOAD ./Drivers/STM32H7xx_HAL_Driver/stm32h7xx_hal_i2c.o
LOAD ./Drivers/STM32H7xx_HAL_Driver/stm32h7xx_hal_i2c_ex.o
LOAD ./Drivers/STM32H7xx_HAL_Driver/stm32h7xx_hal_mdma.o
LOAD ./Drivers/STM32H7xx_HAL_Driver/stm32h7xx_hal_pwr.o
LOAD ./Drivers/STM32H7xx_HAL_Driver/stm32h7xx_hal_pwr_ex.o
LOAD ./Drivers/STM32H7xx_HAL_Driver/stm32h7xx_hal_rcc.o
LOAD ./Drivers/STM32H7xx_HAL_Driver/stm32h7xx_hal_rcc_ex.o
LOAD ./Drivers/STM32H7xx_HAL_Driver/stm32h7xx_hal_tim.o
LOAD ./Drivers/STM32H7xx_HAL_Driver/stm32h7xx_hal_tim_ex.o
LOAD ./Middlewares/FreeRTOS/cmsis_os2.o
LOAD ./Middlewares/FreeRTOS/croutine.o
LOAD ./Middlewares/FreeRTOS/event_groups.o
LOAD ./Middlewares/FreeRTOS/heap_4.o
LOAD ./Middlewares/FreeRTOS/list.o
LOAD ./Middlewares/FreeRTOS/mpu_wrappers_v2.o
LOAD ./Middlewares/FreeRTOS/port.o
LOAD ./Middlewares/FreeRTOS/queue.o
LOAD ./Middlewares/FreeRTOS/stream_buffer.o
LOAD ./Middlewares/FreeRTOS/tasks.o
LOAD ./Middlewares/FreeRTOS/timers.o
START GROUP
LOAD /opt/st/stm32cubeide_2.1.1/plugins/com.st.stm32cube.ide.mcu.externaltools.gnu-tools-for-stm32.14.3.rel1.linux64_1.0.100.202602081740/tools/bin/../lib/gcc/arm-none-eabi/14.3.1/../../../../arm-none-eabi/lib/thumb/v7e-m+fp/hard/libc_nano.a
LOAD /opt/st/stm32cubeide_2.1.1/plugins/com.st.stm32cube.ide.mcu.externaltools.gnu-tools-for-stm32.14.3.rel1.linux64_1.0.100.202602081740/tools/bin/../lib/gcc/arm-none-eabi/14.3.1/../../../../arm-none-eabi/lib/thumb/v7e-m+fp/hard/libm.a
END GROUP
START GROUP
LOAD /opt/st/stm32cubeide_2.1.1/plugins/com.st.stm32cube.ide.mcu.externaltools.gnu-tools-for-stm32.14.3.rel1.linux64_1.0.100.202602081740/tools/bin/../lib/gcc/arm-none-eabi/14.3.1/thumb/v7e-m+fp/hard/libgcc.a
LOAD /opt/st/stm32cubeide_2.1.1/plugins/com.st.stm32cube.ide.mcu.externaltools.gnu-tools-for-stm32.14.3.rel1.linux64_1.0.100.202602081740/tools/bin/../lib/gcc/arm-none-eabi/14.3.1/../../../../arm-none-eabi/lib/thumb/v7e-m+fp/hard/libc_nano.a
END GROUP
START GROUP
LOAD /opt/st/stm32cubeide_2.1.1/plugins/com.st.stm32cube.ide.mcu.externaltools.gnu-tools-for-stm32.14.3.rel1.linux64_1.0.100.202602081740/tools/bin/../lib/gcc/arm-none-eabi/14.3.1/thumb/v7e-m+fp/hard/libgcc.a
LOAD /opt/st/stm32cubeide_2.1.1/plugins/com.st.stm32cube.ide.mcu.externaltools.gnu-tools-for-stm32.14.3.rel1.linux64_1.0.100.202602081740/tools/bin/../lib/gcc/arm-none-eabi/14.3.1/../../../../arm-none-eabi/lib/thumb/v7e-m+fp/hard/libc_nano.a
LOAD /opt/st/stm32cubeide_2.1.1/plugins/com.st.stm32cube.ide.mcu.externaltools.gnu-tools-for-stm32.14.3.rel1.linux64_1.0.100.202602081740/tools/bin/../lib/gcc/arm-none-eabi/14.3.1/../../../../arm-none-eabi/lib/thumb/v7e-m+fp/hard/libnosys.a
END GROUP
START GROUP
LOAD /opt/st/stm32cubeide_2.1.1/plugins/com.st.stm32cube.ide.mcu.externaltools.gnu-tools-for-stm32.14.3.rel1.linux64_1.0.100.202602081740/tools/bin/../lib/gcc/arm-none-eabi/14.3.1/thumb/v7e-m+fp/hard/libgcc.a
LOAD /opt/st/stm32cubeide_2.1.1/plugins/com.st.stm32cube.ide.mcu.externaltools.gnu-tools-for-stm32.14.3.rel1.linux64_1.0.100.202602081740/tools/bin/../lib/gcc/arm-none-eabi/14.3.1/../../../../arm-none-eabi/lib/thumb/v7e-m+fp/hard/libc_nano.a
LOAD /opt/st/stm32cubeide_2.1.1/plugins/com.st.stm32cube.ide.mcu.externaltools.gnu-tools-for-stm32.14.3.rel1.linux64_1.0.100.202602081740/tools/bin/../lib/gcc/arm-none-eabi/14.3.1/../../../../arm-none-eabi/lib/thumb/v7e-m+fp/hard/libnosys.a
END GROUP
LOAD /opt/st/stm32cubeide_2.1.1/plugins/com.st.stm32cube.ide.mcu.externaltools.gnu-tools-for-stm32.14.3.rel1.linux64_1.0.100.202602081740/tools/bin/../lib/gcc/arm-none-eabi/14.3.1/thumb/v7e-m+fp/hard/crtend.o
LOAD /opt/st/stm32cubeide_2.1.1/plugins/com.st.stm32cube.ide.mcu.externaltools.gnu-tools-for-stm32.14.3.rel1.linux64_1.0.100.202602081740/tools/bin/../lib/gcc/arm-none-eabi/14.3.1/thumb/v7e-m+fp/hard/crtn.o
                0x10048000                        _estack = (ORIGIN (RAM) + LENGTH (RAM))
                0x00001000                        _Min_Heap_Size = 0x1000
                0x00002000                        _Min_Stack_Size = 0x2000

.isr_vector     0x08100000      0x298
                0x08100000                        . = ALIGN (0x4)
 *(.isr_vector)
 .isr_vector    0x08100000      0x298 ./Application/User/Startup/startup_stm32h747xihx.o
                0x08100000                g_pfnVectors
                0x08100298                        . = ALIGN (0x4)

.text           0x081002a0     0xd768
                0x081002a0                        . = ALIGN (0x4)
 *(.text)
 .text          0x081002a0       0x40 /opt/st/stm32cubeide_2.1.1/plugins/com.st.stm32cube.ide.mcu.externaltools.gnu-tools-for-stm32.14.3.rel1.linux64_1.0.100.202602081740/tools/bin/../lib/gcc/arm-none-eabi/14.3.1/thumb/v7e-m+fp/hard/crtbegin.o
 .text          0x081002e0       0xa0 /opt/st/stm32cubeide_2.1.1/plugins/com.st.stm32cube.ide.mcu.externaltools.gnu-tools-for-stm32.14.3.rel1.linux64_1.0.100.202602081740/tools/bin/../lib/gcc/arm-none-eabi/14.3.1/../../../../arm-none-eabi/lib/thumb/v7e-m+fp/hard/libc_nano.a(libc_a-memchr.o)
                0x081002e0                memchr
 .text          0x08100380       0x10 /opt/st/stm32cubeide_2.1.1/plugins/com.st.stm32cube.ide.mcu.externaltools.gnu-tools-for-stm32.14.3.rel1.linux64_1.0.100.202602081740/tools/bin/../lib/gcc/arm-none-eabi/14.3.1/../../../../arm-none-eabi/lib/thumb/v7e-m+fp/hard/libc_nano.a(libc_a-strlen.o)
                0x08100380                strlen
 .text          0x08100390      0x378 /opt/st/stm32cubeide_2.1.1/plugins/com.st.stm32cube.ide.mcu.externaltools.gnu-tools-for-stm32.14.3.rel1.linux64_1.0.100.202602081740/tools/bin/../lib/gcc/arm-none-eabi/14.3.1/thumb/v7e-m+fp/hard/libgcc.a(_arm_addsubdf3.o)
                0x08100390                __aeabi_drsub
                0x08100398                __aeabi_dsub
                0x08100398                __subdf3
                0x0810039c                __adddf3
                0x0810039c                __aeabi_dadd
                0x08100614                __aeabi_ui2d
                0x08100614                __floatunsidf
                0x08100634                __floatsidf
                0x08100634                __aeabi_i2d
                0x08100658                __extendsfdf2
                0x08100658                __aeabi_f2d
                0x0810069c                __aeabi_ul2d
                0x0810069c                __floatundidf
                0x081006ac                __floatdidf
                0x081006ac                __aeabi_l2d
 .text          0x08100708      0x424 /opt/st/stm32cubeide_2.1.1/plugins/com.st.stm32cube.ide.mcu.externaltools.gnu-tools-for-stm32.14.3.rel1.linux64_1.0.100.202602081740/tools/bin/../lib/gcc/arm-none-eabi/14.3.1/thumb/v7e-m+fp/hard/libgcc.a(_arm_muldivdf3.o)
                0x08100708                __aeabi_dmul
                0x08100708                __muldf3
                0x0810095c                __aeabi_ddiv
                0x0810095c                __divdf3
 .text          0x08100b2c      0x110 /opt/st/stm32cubeide_2.1.1/plugins/com.st.stm32cube.ide.mcu.externaltools.gnu-tools-for-stm32.14.3.rel1.linux64_1.0.100.202602081740/tools/bin/../lib/gcc/arm-none-eabi/14.3.1/thumb/v7e-m+fp/hard/libgcc.a(_arm_cmpdf2.o)
                0x08100b2c                __gtdf2
                0x08100b2c                __gedf2
                0x08100b34                __ltdf2
                0x08100b34                __ledf2
                0x08100b3c                __cmpdf2
                0x08100b3c                __eqdf2
                0x08100b3c                __nedf2
                0x08100bb8                __aeabi_cdrcmple
                0x08100bc8                __aeabi_cdcmple
                0x08100bc8                __aeabi_cdcmpeq
                0x08100bd8                __aeabi_dcmpeq
                0x08100bec                __aeabi_dcmplt
                0x08100c00                __aeabi_dcmple
                0x08100c14                __aeabi_dcmpge
                0x08100c28                __aeabi_dcmpgt
 .text          0x08100c3c       0x2c /opt/st/stm32cubeide_2.1.1/plugins/com.st.stm32cube.ide.mcu.externaltools.gnu-tools-for-stm32.14.3.rel1.linux64_1.0.100.202602081740/tools/bin/../lib/gcc/arm-none-eabi/14.3.1/thumb/v7e-m+fp/hard/libgcc.a(_arm_unorddf2.o)
                0x08100c3c                __aeabi_dcmpun
                0x08100c3c                __unorddf2
 .text          0x08100c68       0x50 /opt/st/stm32cubeide_2.1.1/plugins/com.st.stm32cube.ide.mcu.externaltools.gnu-tools-for-stm32.14.3.rel1.linux64_1.0.100.202602081740/tools/bin/../lib/gcc/arm-none-eabi/14.3.1/thumb/v7e-m+fp/hard/libgcc.a(_arm_fixdfsi.o)
                0x08100c68                __fixdfsi
                0x08100c68                __aeabi_d2iz
 *(.text*)
 .text.main     0x08100cb8      0x110 ./Application/User/Core/main.o
                0x08100cb8                main
 .text.MX_ADC1_Init
                0x08100dc8      0x11c ./Application/User/Core/main.o
                0x08100dc8                MX_ADC1_Init
 .text.MX_TIM1_Init
                0x08100ee4       0xa4 ./Application/User/Core/main.o
                0x08100ee4                MX_TIM1_Init
 .text.MX_DMA_Init
                0x08100f88       0x34 ./Application/User/Core/main.o
 .text.HAL_ADC_ConvHalfCpltCallback
                0x08100fbc       0x2c ./Application/User/Core/main.o
                0x08100fbc                HAL_ADC_ConvHalfCpltCallback
 .text.HAL_ADC_ConvCpltCallback
                0x08100fe8       0x2c ./Application/User/Core/main.o
                0x08100fe8                HAL_ADC_ConvCpltCallback
 .text.StartDefaultTask
                0x08101014       0x10 ./Application/User/Core/main.o
                0x08101014                StartDefaultTask
 .text.tkImpressao
                0x08101024        0xc ./Application/User/Core/main.o
                0x08101024                tkImpressao
 .text.MPU_Config
                0x08101030       0x7c ./Application/User/Core/main.o
 .text.HAL_TIM_PeriodElapsedCallback
                0x081010ac       0x24 ./Application/User/Core/main.o
                0x081010ac                HAL_TIM_PeriodElapsedCallback
 .text.Error_Handler
                0x081010d0        0xc ./Application/User/Core/main.o
                0x081010d0                Error_Handler
 .text.HAL_MspInit
                0x081010dc       0x3c ./Application/User/Core/stm32h7xx_hal_msp.o
                0x081010dc                HAL_MspInit
 .text.HAL_ADC_MspInit
                0x08101118       0xfc ./Application/User/Core/stm32h7xx_hal_msp.o
                0x08101118                HAL_ADC_MspInit
 .text.HAL_TIM_Base_MspInit
                0x08101214       0x44 ./Application/User/Core/stm32h7xx_hal_msp.o
                0x08101214                HAL_TIM_Base_MspInit
 .text.HAL_InitTick
                0x08101258       0xd8 ./Application/User/Core/stm32h7xx_hal_timebase_tim.o
                0x08101258                HAL_InitTick
 .text.NMI_Handler
                0x08101330        0x8 ./Application/User/Core/stm32h7xx_it.o
                0x08101330                NMI_Handler
 .text.HardFault_Handler
                0x08101338        0x8 ./Application/User/Core/stm32h7xx_it.o
                0x08101338                HardFault_Handler
 .text.MemManage_Handler
                0x08101340        0x8 ./Application/User/Core/stm32h7xx_it.o
                0x08101340                MemManage_Handler
 .text.BusFault_Handler
                0x08101348        0x8 ./Application/User/Core/stm32h7xx_it.o
                0x08101348                BusFault_Handler
 .text.UsageFault_Handler
                0x08101350        0x8 ./Application/User/Core/stm32h7xx_it.o
                0x08101350                UsageFault_Handler
 .text.DebugMon_Handler
                0x08101358        0xe ./Application/User/Core/stm32h7xx_it.o
                0x08101358                DebugMon_Handler
 *fill*         0x08101366        0x2 
 .text.TIM7_IRQHandler
                0x08101368       0x14 ./Application/User/Core/stm32h7xx_it.o
                0x08101368                TIM7_IRQHandler
 .text._getpid  0x0810137c       0x10 ./Application/User/Core/syscalls.o
                0x0810137c                _getpid
 .text._kill    0x0810138c       0x20 ./Application/User/Core/syscalls.o
                0x0810138c                _kill
 .text._exit    0x081013ac       0x16 ./Application/User/Core/syscalls.o
                0x081013ac                _exit
 .text._read    0x081013c2       0x3a ./Application/User/Core/syscalls.o
                0x081013c2                _read
 .text._write   0x081013fc       0x38 ./Application/User/Core/syscalls.o
                0x081013fc                _write
 .text._close   0x08101434       0x18 ./Application/User/Core/syscalls.o
                0x08101434                _close
 .text._fstat   0x0810144c       0x20 ./Application/User/Core/syscalls.o
                0x0810144c                _fstat
 .text._isatty  0x0810146c       0x16 ./Application/User/Core/syscalls.o
                0x0810146c                _isatty
 .text._lseek   0x08101482       0x1a ./Application/User/Core/syscalls.o
                0x08101482                _lseek
 .text._sbrk    0x0810149c       0x6c ./Application/User/Core/sysmem.o
                0x0810149c                _sbrk
 .text.Reset_Handler
                0x08101508       0x54 ./Application/User/Startup/startup_stm32h747xihx.o
                0x08101508                Reset_Handler
 .text.Default_Handler
                0x0810155c        0x2 ./Application/User/Startup/startup_stm32h747xihx.o
                0x0810155c                RTC_Alarm_IRQHandler
                0x0810155c                EXTI2_IRQHandler
                0x0810155c                TIM8_CC_IRQHandler
                0x0810155c                HRTIM1_Master_IRQHandler
                0x0810155c                UART8_IRQHandler
                0x0810155c                SPI4_IRQHandler
                0x0810155c                TIM1_CC_IRQHandler
                0x0810155c                BDMA_Channel6_IRQHandler
                0x0810155c                DMA2_Stream5_IRQHandler
                0x0810155c                HRTIM1_FLT_IRQHandler
                0x0810155c                JPEG_IRQHandler
                0x0810155c                DMA1_Stream5_IRQHandler
                0x0810155c                BDMA_Channel1_IRQHandler
                0x0810155c                HRTIM1_TIMD_IRQHandler
                0x0810155c                TAMP_STAMP_IRQHandler
                0x0810155c                EXTI3_IRQHandler
                0x0810155c                LPTIM4_IRQHandler
                0x0810155c                TIM8_TRG_COM_TIM14_IRQHandler
                0x0810155c                LPTIM2_IRQHandler
                0x0810155c                DFSDM1_FLT1_IRQHandler
                0x0810155c                DMAMUX2_OVR_IRQHandler
                0x0810155c                TIM8_UP_TIM13_IRQHandler
                0x0810155c                I2C3_ER_IRQHandler
                0x0810155c                DFSDM1_FLT2_IRQHandler
                0x0810155c                MDMA_IRQHandler
                0x0810155c                LPTIM3_IRQHandler
                0x0810155c                HSEM1_IRQHandler
                0x0810155c                EXTI0_IRQHandler
                0x0810155c                I2C2_EV_IRQHandler
                0x0810155c                DMA1_Stream2_IRQHandler
                0x0810155c                FPU_IRQHandler
                0x0810155c                OTG_HS_WKUP_IRQHandler
                0x0810155c                FDCAN1_IT1_IRQHandler
                0x0810155c                LTDC_ER_IRQHandler
                0x0810155c                DMA2_Stream2_IRQHandler
                0x0810155c                HRTIM1_TIME_IRQHandler
                0x0810155c                SPI1_IRQHandler
                0x0810155c                TIM6_DAC_IRQHandler
                0x0810155c                DCMI_IRQHandler
                0x0810155c                HRTIM1_TIMC_IRQHandler
                0x0810155c                DMA2_Stream3_IRQHandler
                0x0810155c                SAI2_IRQHandler
                0x0810155c                DFSDM1_FLT3_IRQHandler
                0x0810155c                USART6_IRQHandler
                0x0810155c                TIM17_IRQHandler
                0x0810155c                USART3_IRQHandler
                0x0810155c                BDMA_Channel7_IRQHandler
                0x0810155c                LPTIM5_IRQHandler
                0x0810155c                UART5_IRQHandler
                0x0810155c                ADC3_IRQHandler
                0x0810155c                DMA2_Stream0_IRQHandler
                0x0810155c                TIM4_IRQHandler
                0x0810155c                BDMA_Channel2_IRQHandler
                0x0810155c                QUADSPI_IRQHandler
                0x0810155c                I2C1_EV_IRQHandler
                0x0810155c                DMA1_Stream6_IRQHandler
                0x0810155c                DMAMUX1_OVR_IRQHandler
                0x0810155c                DMA1_Stream1_IRQHandler
                0x0810155c                TIM16_IRQHandler
                0x0810155c                UART4_IRQHandler
                0x0810155c                BDMA_Channel5_IRQHandler
                0x0810155c                TIM3_IRQHandler
                0x0810155c                RCC_IRQHandler
                0x0810155c                TIM8_BRK_TIM12_IRQHandler
                0x0810155c                TIM1_TRG_COM_IRQHandler
                0x0810155c                Default_Handler
                0x0810155c                ECC_IRQHandler
                0x0810155c                CEC_IRQHandler
                0x0810155c                EXTI15_10_IRQHandler
                0x0810155c                BDMA_Channel0_IRQHandler
                0x0810155c                ADC_IRQHandler
                0x0810155c                DMA1_Stream7_IRQHandler
                0x0810155c                HRTIM1_TIMA_IRQHandler
                0x0810155c                SPI5_IRQHandler
                0x0810155c                SDMMC1_IRQHandler
                0x0810155c                TIM5_IRQHandler
                0x0810155c                DMA2_Stream7_IRQHandler
                0x0810155c                TIM15_IRQHandler
                0x0810155c                PVD_AVD_IRQHandler
                0x0810155c                I2C3_EV_IRQHandler
                0x0810155c                EXTI9_5_IRQHandler
                0x0810155c                RTC_WKUP_IRQHandler
                0x0810155c                LTDC_IRQHandler
                0x0810155c                SAI3_IRQHandler
                0x0810155c                ETH_WKUP_IRQHandler
                0x0810155c                SPDIF_RX_IRQHandler
                0x0810155c                SPI2_IRQHandler
                0x0810155c                OTG_HS_EP1_IN_IRQHandler
                0x0810155c                DMA1_Stream0_IRQHandler
                0x0810155c                CRS_IRQHandler
                0x0810155c                CM7_SEV_IRQHandler
                0x0810155c                EXTI4_IRQHandler
                0x0810155c                RNG_IRQHandler
                0x0810155c                CM4_SEV_IRQHandler
                0x0810155c                HRTIM1_TIMB_IRQHandler
                0x0810155c                FDCAN2_IT1_IRQHandler
                0x0810155c                DSI_IRQHandler
                0x0810155c                ETH_IRQHandler
                0x0810155c                TIM1_UP_IRQHandler
                0x0810155c                WWDG_RST_IRQHandler
                0x0810155c                BDMA_Channel4_IRQHandler
                0x0810155c                OTG_HS_EP1_OUT_IRQHandler
                0x0810155c                WWDG_IRQHandler
                0x0810155c                SPI6_IRQHandler
                0x0810155c                MDIOS_IRQHandler
                0x0810155c                I2C4_EV_IRQHandler
                0x0810155c                FDCAN2_IT0_IRQHandler
                0x0810155c                LPUART1_IRQHandler
                0x0810155c                FDCAN1_IT0_IRQHandler
                0x0810155c                TIM2_IRQHandler
                0x0810155c                OTG_FS_WKUP_IRQHandler
                0x0810155c                OTG_HS_IRQHandler
                0x0810155c                HSEM2_IRQHandler
                0x0810155c                DMA2D_IRQHandler
                0x0810155c                TIM1_BRK_IRQHandler
                0x0810155c                EXTI1_IRQHandler
                0x0810155c                SDMMC2_IRQHandler
                0x0810155c                OTG_FS_EP1_OUT_IRQHandler
                0x0810155c                BDMA_Channel3_IRQHandler
                0x0810155c                HOLD_CORE_IRQHandler
                0x0810155c                UART7_IRQHandler
                0x0810155c                MDIOS_WKUP_IRQHandler
                0x0810155c                USART2_IRQHandler
                0x0810155c                DFSDM1_FLT0_IRQHandler
                0x0810155c                SAI4_IRQHandler
                0x0810155c                I2C2_ER_IRQHandler
                0x0810155c                DMA2_Stream1_IRQHandler
                0x0810155c                FLASH_IRQHandler
                0x0810155c                DMA2_Stream4_IRQHandler
                0x0810155c                USART1_IRQHandler
                0x0810155c                OTG_FS_IRQHandler
                0x0810155c                SPI3_IRQHandler
                0x0810155c                WAKEUP_PIN_IRQHandler
                0x0810155c                DMA1_Stream4_IRQHandler
                0x0810155c                OTG_FS_EP1_IN_IRQHandler
                0x0810155c                I2C1_ER_IRQHandler
                0x0810155c                FMC_IRQHandler
                0x0810155c                FDCAN_CAL_IRQHandler
                0x0810155c                SWPMI1_IRQHandler
                0x0810155c                COMP1_IRQHandler
                0x0810155c                LPTIM1_IRQHandler
                0x0810155c                I2C4_ER_IRQHandler
                0x0810155c                DMA2_Stream6_IRQHandler
                0x0810155c                SAI1_IRQHandler
                0x0810155c                DMA1_Stream3_IRQHandler
 *fill*         0x0810155e        0x2 
 .text.SystemInit
                0x08101560       0x30 ./Drivers/CMSIS/system_stm32h7xx_dualcore_boot_cm4_cm7.o
                0x08101560                SystemInit
 .text.ExitRun0Mode
                0x08101590       0x18 ./Drivers/CMSIS/system_stm32h7xx_dualcore_boot_cm4_cm7.o
                0x08101590                ExitRun0Mode
 .text.HAL_Init
                0x081015a8       0xbc ./Drivers/STM32H7xx_HAL_Driver/stm32h7xx_hal.o
                0x081015a8                HAL_Init
 .text.HAL_IncTick
                0x08101664       0x28 ./Drivers/STM32H7xx_HAL_Driver/stm32h7xx_hal.o
                0x08101664                HAL_IncTick
 .text.HAL_GetTick
                0x0810168c       0x18 ./Drivers/STM32H7xx_HAL_Driver/stm32h7xx_hal.o
                0x0810168c                HAL_GetTick
 .text.HAL_GetREVID
                0x081016a4       0x18 ./Drivers/STM32H7xx_HAL_Driver/stm32h7xx_hal.o
                0x081016a4                HAL_GetREVID
 .text.LL_ADC_SetCommonClock
                0x081016bc       0x26 ./Drivers/STM32H7xx_HAL_Driver/stm32h7xx_hal_adc.o
 .text.LL_ADC_SetCommonPathInternalCh
                0x081016e2       0x26 ./Drivers/STM32H7xx_HAL_Driver/stm32h7xx_hal_adc.o
 .text.LL_ADC_GetCommonPathInternalCh
                0x08101708       0x1c ./Drivers/STM32H7xx_HAL_Driver/stm32h7xx_hal_adc.o
 .text.LL_ADC_SetChannelPreselection
                0x08101724       0x66 ./Drivers/STM32H7xx_HAL_Driver/stm32h7xx_hal_adc.o
 .text.LL_ADC_SetOffset
                0x0810178a       0x40 ./Drivers/STM32H7xx_HAL_Driver/stm32h7xx_hal_adc.o
 .text.LL_ADC_SetDataRightShift
                0x081017ca       0x32 ./Drivers/STM32H7xx_HAL_Driver/stm32h7xx_hal_adc.o
 .text.LL_ADC_SetOffsetSignedSaturation
                0x081017fc       0x36 ./Drivers/STM32H7xx_HAL_Driver/stm32h7xx_hal_adc.o
 .text.LL_ADC_REG_IsTriggerSourceSWStart
                0x08101832       0x26 ./Drivers/STM32H7xx_HAL_Driver/stm32h7xx_hal_adc.o
 .text.LL_ADC_REG_SetSequencerRanks
                0x08101858       0x58 ./Drivers/STM32H7xx_HAL_Driver/stm32h7xx_hal_adc.o
 .text.LL_ADC_REG_SetDataTransferMode
                0x081018b0       0x26 ./Drivers/STM32H7xx_HAL_Driver/stm32h7xx_hal_adc.o
 .text.LL_ADC_SetChannelSamplingTime
                0x081018d6       0x56 ./Drivers/STM32H7xx_HAL_Driver/stm32h7xx_hal_adc.o
 .text.LL_ADC_SetChannelSingleDiff
                0x0810192c       0x48 ./Drivers/STM32H7xx_HAL_Driver/stm32h7xx_hal_adc.o
 .text.LL_ADC_GetMultimode
                0x08101974       0x1c ./Drivers/STM32H7xx_HAL_Driver/stm32h7xx_hal_adc.o
 .text.LL_ADC_DisableDeepPowerDown
                0x08101990       0x24 ./Drivers/STM32H7xx_HAL_Driver/stm32h7xx_hal_adc.o
 .text.LL_ADC_IsDeepPowerDownEnabled
                0x081019b4       0x28 ./Drivers/STM32H7xx_HAL_Driver/stm32h7xx_hal_adc.o
 .text.LL_ADC_EnableInternalRegulator
                0x081019dc       0x28 ./Drivers/STM32H7xx_HAL_Driver/stm32h7xx_hal_adc.o
 .text.LL_ADC_IsInternalRegulatorEnabled
                0x08101a04       0x28 ./Drivers/STM32H7xx_HAL_Driver/stm32h7xx_hal_adc.o
 .text.LL_ADC_Enable
                0x08101a2c       0x28 ./Drivers/STM32H7xx_HAL_Driver/stm32h7xx_hal_adc.o
 .text.LL_ADC_Disable
                0x08101a54       0x28 ./Drivers/STM32H7xx_HAL_Driver/stm32h7xx_hal_adc.o
 .text.LL_ADC_IsEnabled
                0x08101a7c       0x26 ./Drivers/STM32H7xx_HAL_Driver/stm32h7xx_hal_adc.o
 .text.LL_ADC_IsDisableOngoing
                0x08101aa2       0x26 ./Drivers/STM32H7xx_HAL_Driver/stm32h7xx_hal_adc.o
 .text.LL_ADC_REG_StartConversion
                0x08101ac8       0x28 ./Drivers/STM32H7xx_HAL_Driver/stm32h7xx_hal_adc.o
 .text.LL_ADC_REG_IsConversionOngoing
                0x08101af0       0x26 ./Drivers/STM32H7xx_HAL_Driver/stm32h7xx_hal_adc.o
 .text.LL_ADC_INJ_IsConversionOngoing
                0x08101b16       0x26 ./Drivers/STM32H7xx_HAL_Driver/stm32h7xx_hal_adc.o
 .text.HAL_ADC_Init
                0x08101b3c      0x344 ./Drivers/STM32H7xx_HAL_Driver/stm32h7xx_hal_adc.o
                0x08101b3c                HAL_ADC_Init
 .text.HAL_ADC_Start_DMA
                0x08101e80      0x188 ./Drivers/STM32H7xx_HAL_Driver/stm32h7xx_hal_adc.o
                0x08101e80                HAL_ADC_Start_DMA
 .text.HAL_ADC_ErrorCallback
                0x08102008       0x14 ./Drivers/STM32H7xx_HAL_Driver/stm32h7xx_hal_adc.o
                0x08102008                HAL_ADC_ErrorCallback
 .text.HAL_ADC_ConfigChannel
                0x0810201c      0x5e0 ./Drivers/STM32H7xx_HAL_Driver/stm32h7xx_hal_adc.o
                0x0810201c                HAL_ADC_ConfigChannel
 .text.ADC_Enable
                0x081025fc      0x114 ./Drivers/STM32H7xx_HAL_Driver/stm32h7xx_hal_adc.o
                0x081025fc                ADC_Enable
 .text.ADC_Disable
                0x08102710       0xbe ./Drivers/STM32H7xx_HAL_Driver/stm32h7xx_hal_adc.o
                0x08102710                ADC_Disable
 .text.ADC_DMAConvCplt
                0x081027ce       0xd8 ./Drivers/STM32H7xx_HAL_Driver/stm32h7xx_hal_adc.o
                0x081027ce                ADC_DMAConvCplt
 .text.ADC_DMAHalfConvCplt
                0x081028a6       0x1c ./Drivers/STM32H7xx_HAL_Driver/stm32h7xx_hal_adc.o
                0x081028a6                ADC_DMAHalfConvCplt
 .text.ADC_DMAError
                0x081028c2       0x34 ./Drivers/STM32H7xx_HAL_Driver/stm32h7xx_hal_adc.o
                0x081028c2                ADC_DMAError
 *fill*         0x081028f6        0x2 
 .text.ADC_ConfigureBoostMode
                0x081028f8      0x218 ./Drivers/STM32H7xx_HAL_Driver/stm32h7xx_hal_adc.o
                0x081028f8                ADC_ConfigureBoostMode
 .text.LL_ADC_IsEnabled
                0x08102b10       0x26 ./Drivers/STM32H7xx_HAL_Driver/stm32h7xx_hal_adc_ex.o
 *fill*         0x08102b36        0x2 
 .text.LL_ADC_StartCalibration
                0x08102b38       0x3c ./Drivers/STM32H7xx_HAL_Driver/stm32h7xx_hal_adc_ex.o
 .text.LL_ADC_IsCalibrationOnGoing
                0x08102b74       0x28 ./Drivers/STM32H7xx_HAL_Driver/stm32h7xx_hal_adc_ex.o
 .text.LL_ADC_REG_IsConversionOngoing
                0x08102b9c       0x26 ./Drivers/STM32H7xx_HAL_Driver/stm32h7xx_hal_adc_ex.o
 *fill*         0x08102bc2        0x2 
 .text.HAL_ADCEx_Calibration_Start
                0x08102bc4       0xc8 ./Drivers/STM32H7xx_HAL_Driver/stm32h7xx_hal_adc_ex.o
                0x08102bc4                HAL_ADCEx_Calibration_Start
 .text.HAL_ADCEx_MultiModeConfigChannel
                0x08102c8c      0x1c4 ./Drivers/STM32H7xx_HAL_Driver/stm32h7xx_hal_adc_ex.o
                0x08102c8c                HAL_ADCEx_MultiModeConfigChannel
 .text.__NVIC_SetPriorityGrouping
                0x08102e50       0x48 ./Drivers/STM32H7xx_HAL_Driver/stm32h7xx_hal_cortex.o
 .text.__NVIC_GetPriorityGrouping
                0x08102e98       0x1c ./Drivers/STM32H7xx_HAL_Driver/stm32h7xx_hal_cortex.o
 .text.__NVIC_EnableIRQ
                0x08102eb4       0x3c ./Drivers/STM32H7xx_HAL_Driver/stm32h7xx_hal_cortex.o
 .text.__NVIC_SetPriority
                0x08102ef0       0x54 ./Drivers/STM32H7xx_HAL_Driver/stm32h7xx_hal_cortex.o
 .text.NVIC_EncodePriority
                0x08102f44       0x66 ./Drivers/STM32H7xx_HAL_Driver/stm32h7xx_hal_cortex.o
 .text.HAL_NVIC_SetPriorityGrouping
                0x08102faa       0x16 ./Drivers/STM32H7xx_HAL_Driver/stm32h7xx_hal_cortex.o
                0x08102faa                HAL_NVIC_SetPriorityGrouping
 .text.HAL_NVIC_SetPriority
                0x08102fc0       0x34 ./Drivers/STM32H7xx_HAL_Driver/stm32h7xx_hal_cortex.o
                0x08102fc0                HAL_NVIC_SetPriority
 .text.HAL_NVIC_EnableIRQ
                0x08102ff4       0x1c ./Drivers/STM32H7xx_HAL_Driver/stm32h7xx_hal_cortex.o
                0x08102ff4                HAL_NVIC_EnableIRQ
 .text.HAL_MPU_Disable
                0x08103010       0x30 ./Drivers/STM32H7xx_HAL_Driver/stm32h7xx_hal_cortex.o
                0x08103010                HAL_MPU_Disable
 .text.HAL_MPU_Enable
                0x08103040       0x40 ./Drivers/STM32H7xx_HAL_Driver/stm32h7xx_hal_cortex.o
                0x08103040                HAL_MPU_Enable
 .text.HAL_MPU_ConfigRegion
                0x08103080       0x80 ./Drivers/STM32H7xx_HAL_Driver/stm32h7xx_hal_cortex.o
                0x08103080                HAL_MPU_ConfigRegion
 .text.HAL_GetCurrentCPUID
                0x08103100       0x24 ./Drivers/STM32H7xx_HAL_Driver/stm32h7xx_hal_cortex.o
                0x08103100                HAL_GetCurrentCPUID
 .text.HAL_DMA_Init
                0x08103124      0x6b4 ./Drivers/STM32H7xx_HAL_Driver/stm32h7xx_hal_dma.o
                0x08103124                HAL_DMA_Init
 .text.HAL_DMA_Start_IT
                0x081037d8      0x4d4 ./Drivers/STM32H7xx_HAL_Driver/stm32h7xx_hal_dma.o
                0x081037d8                HAL_DMA_Start_IT
 .text.DMA_SetConfig
                0x08103cac      0x358 ./Drivers/STM32H7xx_HAL_Driver/stm32h7xx_hal_dma.o
 .text.DMA_CalcBaseAndBitshift
                0x08104004      0x164 ./Drivers/STM32H7xx_HAL_Driver/stm32h7xx_hal_dma.o
 .text.DMA_CheckFifoParam
                0x08104168       0xf8 ./Drivers/STM32H7xx_HAL_Driver/stm32h7xx_hal_dma.o
 .text.DMA_CalcDMAMUXChannelBaseAndMask
                0x08104260      0x134 ./Drivers/STM32H7xx_HAL_Driver/stm32h7xx_hal_dma.o
 .text.DMA_CalcDMAMUXRequestGenBaseAndMask
                0x08104394       0xe8 ./Drivers/STM32H7xx_HAL_Driver/stm32h7xx_hal_dma.o
 .text.HAL_HSEM_Take
                0x0810447c       0x48 ./Drivers/STM32H7xx_HAL_Driver/stm32h7xx_hal_hsem.o
                0x0810447c                HAL_HSEM_Take
 .text.HAL_HSEM_Release
                0x081044c4       0x28 ./Drivers/STM32H7xx_HAL_Driver/stm32h7xx_hal_hsem.o
                0x081044c4                HAL_HSEM_Release
 .text.HAL_HSEM_ActivateNotification
                0x081044ec       0x24 ./Drivers/STM32H7xx_HAL_Driver/stm32h7xx_hal_hsem.o
                0x081044ec                HAL_HSEM_ActivateNotification
 .text.HAL_PWREx_EnterSTOPMode
                0x08104510       0xf4 ./Drivers/STM32H7xx_HAL_Driver/stm32h7xx_hal_pwr_ex.o
                0x08104510                HAL_PWREx_EnterSTOPMode
 .text.HAL_PWREx_ClearPendingEvent
                0x08104604       0x1a ./Drivers/STM32H7xx_HAL_Driver/stm32h7xx_hal_pwr_ex.o
                0x08104604                HAL_PWREx_ClearPendingEvent
 *fill*         0x0810461e        0x2 
 .text.HAL_RCC_GetSysClockFreq
                0x08104620      0x2f4 ./Drivers/STM32H7xx_HAL_Driver/stm32h7xx_hal_rcc.o
                0x08104620                HAL_RCC_GetSysClockFreq
 .text.HAL_RCC_GetHCLKFreq
                0x08104914       0x64 ./Drivers/STM32H7xx_HAL_Driver/stm32h7xx_hal_rcc.o
                0x08104914                HAL_RCC_GetHCLKFreq
 .text.HAL_RCC_GetPCLK1Freq
                0x08104978       0x2c ./Drivers/STM32H7xx_HAL_Driver/stm32h7xx_hal_rcc.o
                0x08104978                HAL_RCC_GetPCLK1Freq
 .text.HAL_RCC_GetClockConfig
                0x081049a4       0x84 ./Drivers/STM32H7xx_HAL_Driver/stm32h7xx_hal_rcc.o
                0x081049a4                HAL_RCC_GetClockConfig
 .text.HAL_RCCEx_PeriphCLKConfig
                0x08104a28     0x1494 ./Drivers/STM32H7xx_HAL_Driver/stm32h7xx_hal_rcc_ex.o
                0x08104a28                HAL_RCCEx_PeriphCLKConfig
 .text.HAL_RCCEx_GetPeriphCLKFreq
                0x08105ebc      0xb00 ./Drivers/STM32H7xx_HAL_Driver/stm32h7xx_hal_rcc_ex.o
                0x08105ebc                HAL_RCCEx_GetPeriphCLKFreq
 .text.HAL_RCCEx_GetD3PCLK1Freq
                0x081069bc       0x2c ./Drivers/STM32H7xx_HAL_Driver/stm32h7xx_hal_rcc_ex.o
                0x081069bc                HAL_RCCEx_GetD3PCLK1Freq
 .text.HAL_RCCEx_GetPLL2ClockFreq
                0x081069e8      0x2a8 ./Drivers/STM32H7xx_HAL_Driver/stm32h7xx_hal_rcc_ex.o
                0x081069e8                HAL_RCCEx_GetPLL2ClockFreq
 .text.HAL_RCCEx_GetPLL3ClockFreq
                0x08106c90      0x2a8 ./Drivers/STM32H7xx_HAL_Driver/stm32h7xx_hal_rcc_ex.o
                0x08106c90                HAL_RCCEx_GetPLL3ClockFreq
 .text.HAL_RCCEx_GetPLL1ClockFreq
                0x08106f38      0x2a4 ./Drivers/STM32H7xx_HAL_Driver/stm32h7xx_hal_rcc_ex.o
                0x08106f38                HAL_RCCEx_GetPLL1ClockFreq
 .text.RCCEx_PLL2_Config
                0x081071dc      0x164 ./Drivers/STM32H7xx_HAL_Driver/stm32h7xx_hal_rcc_ex.o
 .text.RCCEx_PLL3_Config
                0x08107340      0x164 ./Drivers/STM32H7xx_HAL_Driver/stm32h7xx_hal_rcc_ex.o
 .text.HAL_TIM_Base_Init
                0x081074a4       0xae ./Drivers/STM32H7xx_HAL_Driver/stm32h7xx_hal_tim.o
                0x081074a4                HAL_TIM_Base_Init
 *fill*         0x08107552        0x2 
 .text.HAL_TIM_Base_Start
                0x08107554       0xe0 ./Drivers/STM32H7xx_HAL_Driver/stm32h7xx_hal_tim.o
                0x08107554                HAL_TIM_Base_Start
 .text.HAL_TIM_Base_Start_IT
                0x08107634       0xf0 ./Drivers/STM32H7xx_HAL_Driver/stm32h7xx_hal_tim.o
                0x08107634                HAL_TIM_Base_Start_IT
 .text.HAL_TIM_IRQHandler
                0x08107724      0x20e ./Drivers/STM32H7xx_HAL_Driver/stm32h7xx_hal_tim.o
                0x08107724                HAL_TIM_IRQHandler
 *fill*         0x08107932        0x2 
 .text.HAL_TIM_ConfigClockSource
                0x08107934      0x1f0 ./Drivers/STM32H7xx_HAL_Driver/stm32h7xx_hal_tim.o
                0x08107934                HAL_TIM_ConfigClockSource
 .text.HAL_TIM_OC_DelayElapsedCallback
                0x08107b24       0x14 ./Drivers/STM32H7xx_HAL_Driver/stm32h7xx_hal_tim.o
                0x08107b24                HAL_TIM_OC_DelayElapsedCallback
 .text.HAL_TIM_IC_CaptureCallback
                0x08107b38       0x14 ./Drivers/STM32H7xx_HAL_Driver/stm32h7xx_hal_tim.o
                0x08107b38                HAL_TIM_IC_CaptureCallback
 .text.HAL_TIM_PWM_PulseFinishedCallback
                0x08107b4c       0x14 ./Drivers/STM32H7xx_HAL_Driver/stm32h7xx_hal_tim.o
                0x08107b4c                HAL_TIM_PWM_PulseFinishedCallback
 .text.HAL_TIM_TriggerCallback
                0x08107b60       0x14 ./Drivers/STM32H7xx_HAL_Driver/stm32h7xx_hal_tim.o
                0x08107b60                HAL_TIM_TriggerCallback
 .text.TIM_Base_SetConfig
                0x08107b74      0x140 ./Drivers/STM32H7xx_HAL_Driver/stm32h7xx_hal_tim.o
                0x08107b74                TIM_Base_SetConfig
 .text.TIM_TI1_ConfigInputStage
                0x08107cb4       0xa8 ./Drivers/STM32H7xx_HAL_Driver/stm32h7xx_hal_tim.o
 .text.TIM_TI2_ConfigInputStage
                0x08107d5c       0x84 ./Drivers/STM32H7xx_HAL_Driver/stm32h7xx_hal_tim.o
 .text.TIM_ITRx_SetConfig
                0x08107de0       0x3a ./Drivers/STM32H7xx_HAL_Driver/stm32h7xx_hal_tim.o
 .text.TIM_ETR_SetConfig
                0x08107e1a       0x40 ./Drivers/STM32H7xx_HAL_Driver/stm32h7xx_hal_tim.o
                0x08107e1a                TIM_ETR_SetConfig
 *fill*         0x08107e5a        0x2 
 .text.HAL_TIMEx_MasterConfigSynchronization
                0x08107e5c      0x11c ./Drivers/STM32H7xx_HAL_Driver/stm32h7xx_hal_tim_ex.o
                0x08107e5c                HAL_TIMEx_MasterConfigSynchronization
 .text.HAL_TIMEx_CommutCallback
                0x08107f78       0x14 ./Drivers/STM32H7xx_HAL_Driver/stm32h7xx_hal_tim_ex.o
                0x08107f78                HAL_TIMEx_CommutCallback
 .text.HAL_TIMEx_BreakCallback
                0x08107f8c       0x14 ./Drivers/STM32H7xx_HAL_Driver/stm32h7xx_hal_tim_ex.o
                0x08107f8c                HAL_TIMEx_BreakCallback
 .text.HAL_TIMEx_Break2Callback
                0x08107fa0       0x14 ./Drivers/STM32H7xx_HAL_Driver/stm32h7xx_hal_tim_ex.o
                0x08107fa0                HAL_TIMEx_Break2Callback
 .text.__NVIC_SetPriority
                0x08107fb4       0x54 ./Middlewares/FreeRTOS/cmsis_os2.o
 .text.SysTick_Handler
                0x08108008       0x20 ./Middlewares/FreeRTOS/cmsis_os2.o
                0x08108008                SysTick_Handler
 .text.SVC_Setup
                0x08108028       0x12 ./Middlewares/FreeRTOS/cmsis_os2.o
 .text.IRQ_Context
                0x0810803a       0x4e ./Middlewares/FreeRTOS/cmsis_os2.o
 .text.osKernelInitialize
                0x08108088       0x4c ./Middlewares/FreeRTOS/cmsis_os2.o
                0x08108088                osKernelInitialize
 .text.osKernelStart
                0x081080d4       0x54 ./Middlewares/FreeRTOS/cmsis_os2.o
                0x081080d4                osKernelStart
 .text.osThreadNew
                0x08108128      0x122 ./Middlewares/FreeRTOS/cmsis_os2.o
                0x08108128                osThreadNew
 .text.osDelay  0x0810824a       0x34 ./Middlewares/FreeRTOS/cmsis_os2.o
                0x0810824a                osDelay
 .text.osSemaphoreNew
                0x0810827e      0x110 ./Middlewares/FreeRTOS/cmsis_os2.o
                0x0810827e                osSemaphoreNew
 *fill*         0x0810838e        0x2 
 .text.vApplicationGetIdleTaskMemory
                0x08108390       0x34 ./Middlewares/FreeRTOS/cmsis_os2.o
                0x08108390                vApplicationGetIdleTaskMemory
 .text.vApplicationGetTimerTaskMemory
                0x081083c4       0x34 ./Middlewares/FreeRTOS/cmsis_os2.o
                0x081083c4                vApplicationGetTimerTaskMemory
 .text.pvPortMalloc
                0x081083f8      0x198 ./Middlewares/FreeRTOS/heap_4.o
                0x081083f8                pvPortMalloc
 .text.vPortFree
                0x08108590       0xb4 ./Middlewares/FreeRTOS/heap_4.o
                0x08108590                vPortFree
 .text.prvHeapInit
                0x08108644       0xb8 ./Middlewares/FreeRTOS/heap_4.o
 .text.prvInsertBlockIntoFreeList
                0x081086fc       0xb4 ./Middlewares/FreeRTOS/heap_4.o
 .text.vListInitialise
                0x081087b0       0x4c ./Middlewares/FreeRTOS/list.o
                0x081087b0                vListInitialise
 .text.vListInitialiseItem
                0x081087fc       0x1a ./Middlewares/FreeRTOS/list.o
                0x081087fc                vListInitialiseItem
 .text.vListInsert
                0x08108816       0x72 ./Middlewares/FreeRTOS/list.o
                0x08108816                vListInsert
 .text.uxListRemove
                0x08108888       0x54 ./Middlewares/FreeRTOS/list.o
                0x08108888                uxListRemove
 .text.pxPortInitialiseStack
                0x081088dc       0x68 ./Middlewares/FreeRTOS/port.o
                0x081088dc                pxPortInitialiseStack
 .text.prvTaskExitError
                0x08108944       0x5c ./Middlewares/FreeRTOS/port.o
 .text.SVC_Handler
                0x081089a0       0x28 ./Middlewares/FreeRTOS/port.o
                0x081089a0                SVC_Handler
 .text.prvPortStartFirstTask
                0x081089c8       0x2c ./Middlewares/FreeRTOS/port.o
 .text.xPortStartScheduler
                0x081089f4      0x17c ./Middlewares/FreeRTOS/port.o
                0x081089f4                xPortStartScheduler
 .text.vPortEnterCritical
                0x08108b70       0x64 ./Middlewares/FreeRTOS/port.o
                0x08108b70                vPortEnterCritical
 .text.vPortExitCritical
                0x08108bd4       0x54 ./Middlewares/FreeRTOS/port.o
                0x08108bd4                vPortExitCritical
 *fill*         0x08108c28        0x8 
 .text.PendSV_Handler
                0x08108c30       0x68 ./Middlewares/FreeRTOS/port.o
                0x08108c30                PendSV_Handler
 .text.xPortSysTickHandler
                0x08108c98       0x44 ./Middlewares/FreeRTOS/port.o
                0x08108c98                xPortSysTickHandler
 .text.vPortSetupTimerInterrupt
                0x08108cdc       0x48 ./Middlewares/FreeRTOS/port.o
                0x08108cdc                vPortSetupTimerInterrupt
 .text.vPortEnableVFP
                0x08108d24       0x18 ./Middlewares/FreeRTOS/port.o
 .text.xQueueGenericReset
                0x08108d3c      0x124 ./Middlewares/FreeRTOS/queue.o
                0x08108d3c                xQueueGenericReset
 .text.xQueueGenericCreateStatic
                0x08108e60       0xc2 ./Middlewares/FreeRTOS/queue.o
                0x08108e60                xQueueGenericCreateStatic
 .text.xQueueGenericCreate
                0x08108f22       0xa6 ./Middlewares/FreeRTOS/queue.o
                0x08108f22                xQueueGenericCreate
 .text.prvInitialiseNewQueue
                0x08108fc8       0x46 ./Middlewares/FreeRTOS/queue.o
 .text.xQueueCreateCountingSemaphoreStatic
                0x0810900e       0x66 ./Middlewares/FreeRTOS/queue.o
                0x0810900e                xQueueCreateCountingSemaphoreStatic
 .text.xQueueCreateCountingSemaphore
                0x08109074       0x5e ./Middlewares/FreeRTOS/queue.o
                0x08109074                xQueueCreateCountingSemaphore
 *fill*         0x081090d2        0x2 
 .text.xQueueGenericSend
                0x081090d4      0x204 ./Middlewares/FreeRTOS/queue.o
                0x081090d4                xQueueGenericSend
 .text.xQueueReceive
                0x081092d8      0x1c4 ./Middlewares/FreeRTOS/queue.o
                0x081092d8                xQueueReceive
 .text.vQueueDelete
                0x0810949c       0x48 ./Middlewares/FreeRTOS/queue.o
                0x0810949c                vQueueDelete
 .text.prvCopyDataToQueue
                0x081094e4       0xd4 ./Middlewares/FreeRTOS/queue.o
 .text.prvCopyDataFromQueue
                0x081095b8       0x4c ./Middlewares/FreeRTOS/queue.o
 .text.prvUnlockQueue
                0x08109604       0xa4 ./Middlewares/FreeRTOS/queue.o
 .text.prvIsQueueEmpty
                0x081096a8       0x2c ./Middlewares/FreeRTOS/queue.o
 .text.prvIsQueueFull
                0x081096d4       0x30 ./Middlewares/FreeRTOS/queue.o
 .text.vQueueAddToRegistry
                0x08109704       0xa0 ./Middlewares/FreeRTOS/queue.o
                0x08109704                vQueueAddToRegistry
 .text.vQueueUnregisterQueue
                0x081097a4       0x74 ./Middlewares/FreeRTOS/queue.o
                0x081097a4                vQueueUnregisterQueue
 .text.vQueueWaitForMessageRestricted
                0x08109818       0x68 ./Middlewares/FreeRTOS/queue.o
                0x08109818                vQueueWaitForMessageRestricted
 .text.xTaskCreateStatic
                0x08109880       0xca ./Middlewares/FreeRTOS/tasks.o
                0x08109880                xTaskCreateStatic
 .text.xTaskCreate
                0x0810994a       0x94 ./Middlewares/FreeRTOS/tasks.o
                0x0810994a                xTaskCreate
 *fill*         0x081099de        0x2 
 .text.prvInitialiseNewTask
                0x081099e0      0x14c ./Middlewares/FreeRTOS/tasks.o
 .text.prvAddNewTaskToReadyList
                0x08109b2c      0x130 ./Middlewares/FreeRTOS/tasks.o
 .text.vTaskDelay
                0x08109c5c       0x6c ./Middlewares/FreeRTOS/tasks.o
                0x08109c5c                vTaskDelay
 .text.vTaskStartScheduler
                0x08109cc8       0xe8 ./Middlewares/FreeRTOS/tasks.o
                0x08109cc8                vTaskStartScheduler
 .text.vTaskSuspendAll
                0x08109db0       0x1c ./Middlewares/FreeRTOS/tasks.o
                0x08109db0                vTaskSuspendAll
 .text.xTaskResumeAll
                0x08109dcc      0x1fc ./Middlewares/FreeRTOS/tasks.o
                0x08109dcc                xTaskResumeAll
 .text.xTaskGetTickCount
                0x08109fc8       0x20 ./Middlewares/FreeRTOS/tasks.o
                0x08109fc8                xTaskGetTickCount
 .text.xTaskIncrementTick
                0x08109fe8      0x230 ./Middlewares/FreeRTOS/tasks.o
                0x08109fe8                xTaskIncrementTick
 .text.vTaskSwitchContext
                0x0810a218       0xc8 ./Middlewares/FreeRTOS/tasks.o
                0x0810a218                vTaskSwitchContext
 .text.vTaskPlaceOnEventList
                0x0810a2e0       0x4c ./Middlewares/FreeRTOS/tasks.o
                0x0810a2e0                vTaskPlaceOnEventList
 .text.vTaskPlaceOnEventListRestricted
                0x0810a32c       0x8c ./Middlewares/FreeRTOS/tasks.o
                0x0810a32c                vTaskPlaceOnEventListRestricted
 .text.xTaskRemoveFromEventList
                0x0810a3b8      0x1b0 ./Middlewares/FreeRTOS/tasks.o
                0x0810a3b8                xTaskRemoveFromEventList
 .text.vTaskInternalSetTimeOutState
                0x0810a568       0x2c ./Middlewares/FreeRTOS/tasks.o
                0x0810a568                vTaskInternalSetTimeOutState
 .text.xTaskCheckForTimeOut
                0x0810a594       0xd0 ./Middlewares/FreeRTOS/tasks.o
                0x0810a594                xTaskCheckForTimeOut
 .text.vTaskMissedYield
                0x0810a664       0x18 ./Middlewares/FreeRTOS/tasks.o
                0x0810a664                vTaskMissedYield
 .text.prvIdleTask
                0x0810a67c       0x30 ./Middlewares/FreeRTOS/tasks.o
 .text.prvInitialiseTaskLists
                0x0810a6ac       0x80 ./Middlewares/FreeRTOS/tasks.o
 .text.prvCheckTasksWaitingTermination
                0x0810a72c       0x5c ./Middlewares/FreeRTOS/tasks.o
 .text.prvDeleteTCB
                0x0810a788       0x70 ./Middlewares/FreeRTOS/tasks.o
 .text.prvResetNextTaskUnblockTime
                0x0810a7f8       0x38 ./Middlewares/FreeRTOS/tasks.o
 .text.xTaskGetSchedulerState
                0x0810a830       0x3c ./Middlewares/FreeRTOS/tasks.o
                0x0810a830                xTaskGetSchedulerState
 .text.xTaskPriorityDisinherit
                0x0810a86c      0x130 ./Middlewares/FreeRTOS/tasks.o
                0x0810a86c                xTaskPriorityDisinherit
 .text.prvAddCurrentTaskToDelayedList
                0x0810a99c       0xdc ./Middlewares/FreeRTOS/tasks.o
 .text.xTimerCreateTimerTask
                0x0810aa78       0x94 ./Middlewares/FreeRTOS/timers.o
                0x0810aa78                xTimerCreateTimerTask
 .text.prvReloadTimer
                0x0810ab0c       0x42 ./Middlewares/FreeRTOS/timers.o
 *fill*         0x0810ab4e        0x2 
 .text.prvProcessExpiredTimer
                0x0810ab50       0x60 ./Middlewares/FreeRTOS/timers.o
 .text.prvTimerTask
                0x0810abb0       0x26 ./Middlewares/FreeRTOS/timers.o
 *fill*         0x0810abd6        0x2 
 .text.prvProcessTimerOrBlockTask
                0x0810abd8       0x9c ./Middlewares/FreeRTOS/timers.o
 .text.prvGetNextExpireTime
                0x0810ac74       0x48 ./Middlewares/FreeRTOS/timers.o
 .text.prvSampleTimeNow
                0x0810acbc       0x40 ./Middlewares/FreeRTOS/timers.o
 .text.prvInsertTimerInActiveList
                0x0810acfc       0x84 ./Middlewares/FreeRTOS/timers.o
 .text.prvProcessReceivedCommands
                0x0810ad80      0x1bc ./Middlewares/FreeRTOS/timers.o
 .text.prvSwitchTimerLists
                0x0810af3c       0x4c ./Middlewares/FreeRTOS/timers.o
 .text.prvCheckForValidListAndQueue
                0x0810af88       0x80 ./Middlewares/FreeRTOS/timers.o
 .text.__cvt    0x0810b008       0xca /opt/st/stm32cubeide_2.1.1/plugins/com.st.stm32cube.ide.mcu.externaltools.gnu-tools-for-stm32.14.3.rel1.linux64_1.0.100.202602081740/tools/bin/../lib/gcc/arm-none-eabi/14.3.1/../../../../arm-none-eabi/lib/thumb/v7e-m+fp/hard/libc_nano.a(libc_a-nano-vfprintf_float.o)
                0x0810b008                __cvt
 .text.__exponent
                0x0810b0d2       0x74 /opt/st/stm32cubeide_2.1.1/plugins/com.st.stm32cube.ide.mcu.externaltools.gnu-tools-for-stm32.14.3.rel1.linux64_1.0.100.202602081740/tools/bin/../lib/gcc/arm-none-eabi/14.3.1/../../../../arm-none-eabi/lib/thumb/v7e-m+fp/hard/libc_nano.a(libc_a-nano-vfprintf_float.o)
                0x0810b0d2                __exponent
 *fill*         0x0810b146        0x2 
 .text._printf_float
                0x0810b148      0x450 /opt/st/stm32cubeide_2.1.1/plugins/com.st.stm32cube.ide.mcu.externaltools.gnu-tools-for-stm32.14.3.rel1.linux64_1.0.100.202602081740/tools/bin/../lib/gcc/arm-none-eabi/14.3.1/../../../../arm-none-eabi/lib/thumb/v7e-m+fp/hard/libc_nano.a(libc_a-nano-vfprintf_float.o)
                0x0810b148                _printf_float
 .text._printf_common
                0x0810b598       0xda /opt/st/stm32cubeide_2.1.1/plugins/com.st.stm32cube.ide.mcu.externaltools.gnu-tools-for-stm32.14.3.rel1.linux64_1.0.100.202602081740/tools/bin/../lib/gcc/arm-none-eabi/14.3.1/../../../../arm-none-eabi/lib/thumb/v7e-m+fp/hard/libc_nano.a(libc_a-nano-vfprintf_i.o)
                0x0810b598                _printf_common
 *fill*         0x0810b672        0x2 
 .text._printf_i
                0x0810b674      0x24c /opt/st/stm32cubeide_2.1.1/plugins/com.st.stm32cube.ide.mcu.externaltools.gnu-tools-for-stm32.14.3.rel1.linux64_1.0.100.202602081740/tools/bin/../lib/gcc/arm-none-eabi/14.3.1/../../../../arm-none-eabi/lib/thumb/v7e-m+fp/hard/libc_nano.a(libc_a-nano-vfprintf_i.o)
                0x0810b674                _printf_i
 .text.std      0x0810b8c0       0x6c /opt/st/stm32cubeide_2.1.1/plugins/com.st.stm32cube.ide.mcu.externaltools.gnu-tools-for-stm32.14.3.rel1.linux64_1.0.100.202602081740/tools/bin/../lib/gcc/arm-none-eabi/14.3.1/../../../../arm-none-eabi/lib/thumb/v7e-m+fp/hard/libc_nano.a(libc_a-findfp.o)
 .text.stdio_exit_handler
                0x0810b92c       0x18 /opt/st/stm32cubeide_2.1.1/plugins/com.st.stm32cube.ide.mcu.externaltools.gnu-tools-for-stm32.14.3.rel1.linux64_1.0.100.202602081740/tools/bin/../lib/gcc/arm-none-eabi/14.3.1/../../../../arm-none-eabi/lib/thumb/v7e-m+fp/hard/libc_nano.a(libc_a-findfp.o)
 .text.cleanup_stdio
                0x0810b944       0x40 /opt/st/stm32cubeide_2.1.1/plugins/com.st.stm32cube.ide.mcu.externaltools.gnu-tools-for-stm32.14.3.rel1.linux64_1.0.100.202602081740/tools/bin/../lib/gcc/arm-none-eabi/14.3.1/../../../../arm-none-eabi/lib/thumb/v7e-m+fp/hard/libc_nano.a(libc_a-findfp.o)
 .text.global_stdio_init.part.0
                0x0810b984       0x40 /opt/st/stm32cubeide_2.1.1/plugins/com.st.stm32cube.ide.mcu.externaltools.gnu-tools-for-stm32.14.3.rel1.linux64_1.0.100.202602081740/tools/bin/../lib/gcc/arm-none-eabi/14.3.1/../../../../arm-none-eabi/lib/thumb/v7e-m+fp/hard/libc_nano.a(libc_a-findfp.o)
 .text.__sfp_lock_acquire
                0x0810b9c4        0xc /opt/st/stm32cubeide_2.1.1/plugins/com.st.stm32cube.ide.mcu.externaltools.gnu-tools-for-stm32.14.3.rel1.linux64_1.0.100.202602081740/tools/bin/../lib/gcc/arm-none-eabi/14.3.1/../../../../arm-none-eabi/lib/thumb/v7e-m+fp/hard/libc_nano.a(libc_a-findfp.o)
                0x0810b9c4                __sfp_lock_acquire
 .text.__sfp_lock_release
                0x0810b9d0        0xc /opt/st/stm32cubeide_2.1.1/plugins/com.st.stm32cube.ide.mcu.externaltools.gnu-tools-for-stm32.14.3.rel1.linux64_1.0.100.202602081740/tools/bin/../lib/gcc/arm-none-eabi/14.3.1/../../../../arm-none-eabi/lib/thumb/v7e-m+fp/hard/libc_nano.a(libc_a-findfp.o)
                0x0810b9d0                __sfp_lock_release
 .text.__sinit  0x0810b9dc       0x30 /opt/st/stm32cubeide_2.1.1/plugins/com.st.stm32cube.ide.mcu.externaltools.gnu-tools-for-stm32.14.3.rel1.linux64_1.0.100.202602081740/tools/bin/../lib/gcc/arm-none-eabi/14.3.1/../../../../arm-none-eabi/lib/thumb/v7e-m+fp/hard/libc_nano.a(libc_a-findfp.o)
                0x0810b9dc                __sinit
 .text._fwalk_sglue
                0x0810ba0c       0x3c /opt/st/stm32cubeide_2.1.1/plugins/com.st.stm32cube.ide.mcu.externaltools.gnu-tools-for-stm32.14.3.rel1.linux64_1.0.100.202602081740/tools/bin/../lib/gcc/arm-none-eabi/14.3.1/../../../../arm-none-eabi/lib/thumb/v7e-m+fp/hard/libc_nano.a(libc_a-fwalk.o)
                0x0810ba0c                _fwalk_sglue
 .text.__sread  0x0810ba48       0x22 /opt/st/stm32cubeide_2.1.1/plugins/com.st.stm32cube.ide.mcu.externaltools.gnu-tools-for-stm32.14.3.rel1.linux64_1.0.100.202602081740/tools/bin/../lib/gcc/arm-none-eabi/14.3.1/../../../../arm-none-eabi/lib/thumb/v7e-m+fp/hard/libc_nano.a(libc_a-stdio.o)
                0x0810ba48                __sread
 .text.__swrite
                0x0810ba6a       0x38 /opt/st/stm32cubeide_2.1.1/plugins/com.st.stm32cube.ide.mcu.externaltools.gnu-tools-for-stm32.14.3.rel1.linux64_1.0.100.202602081740/tools/bin/../lib/gcc/arm-none-eabi/14.3.1/../../../../arm-none-eabi/lib/thumb/v7e-m+fp/hard/libc_nano.a(libc_a-stdio.o)
                0x0810ba6a                __swrite
 .text.__sseek  0x0810baa2       0x26 /opt/st/stm32cubeide_2.1.1/plugins/com.st.stm32cube.ide.mcu.externaltools.gnu-tools-for-stm32.14.3.rel1.linux64_1.0.100.202602081740/tools/bin/../lib/gcc/arm-none-eabi/14.3.1/../../../../arm-none-eabi/lib/thumb/v7e-m+fp/hard/libc_nano.a(libc_a-stdio.o)
                0x0810baa2                __sseek
 .text.__sclose
                0x0810bac8        0x8 /opt/st/stm32cubeide_2.1.1/plugins/com.st.stm32cube.ide.mcu.externaltools.gnu-tools-for-stm32.14.3.rel1.linux64_1.0.100.202602081740/tools/bin/../lib/gcc/arm-none-eabi/14.3.1/../../../../arm-none-eabi/lib/thumb/v7e-m+fp/hard/libc_nano.a(libc_a-stdio.o)
                0x0810bac8                __sclose
 .text.memset   0x0810bad0       0x10 /opt/st/stm32cubeide_2.1.1/plugins/com.st.stm32cube.ide.mcu.externaltools.gnu-tools-for-stm32.14.3.rel1.linux64_1.0.100.202602081740/tools/bin/../lib/gcc/arm-none-eabi/14.3.1/../../../../arm-none-eabi/lib/thumb/v7e-m+fp/hard/libc_nano.a(libc_a-memset.o)
                0x0810bad0                memset
 .text._localeconv_r
                0x0810bae0        0x8 /opt/st/stm32cubeide_2.1.1/plugins/com.st.stm32cube.ide.mcu.externaltools.gnu-tools-for-stm32.14.3.rel1.linux64_1.0.100.202602081740/tools/bin/../lib/gcc/arm-none-eabi/14.3.1/../../../../arm-none-eabi/lib/thumb/v7e-m+fp/hard/libc_nano.a(libc_a-localeconv.o)
                0x0810bae0                _localeconv_r
 .text._close_r
                0x0810bae8       0x20 /opt/st/stm32cubeide_2.1.1/plugins/com.st.stm32cube.ide.mcu.externaltools.gnu-tools-for-stm32.14.3.rel1.linux64_1.0.100.202602081740/tools/bin/../lib/gcc/arm-none-eabi/14.3.1/../../../../arm-none-eabi/lib/thumb/v7e-m+fp/hard/libc_nano.a(libc_a-closer.o)
                0x0810bae8                _close_r
 .text._reclaim_reent
                0x0810bb08       0xbc /opt/st/stm32cubeide_2.1.1/plugins/com.st.stm32cube.ide.mcu.externaltools.gnu-tools-for-stm32.14.3.rel1.linux64_1.0.100.202602081740/tools/bin/../lib/gcc/arm-none-eabi/14.3.1/../../../../arm-none-eabi/lib/thumb/v7e-m+fp/hard/libc_nano.a(libc_a-reent.o)
                0x0810bb08                _reclaim_reent
 .text._lseek_r
                0x0810bbc4       0x24 /opt/st/stm32cubeide_2.1.1/plugins/com.st.stm32cube.ide.mcu.externaltools.gnu-tools-for-stm32.14.3.rel1.linux64_1.0.100.202602081740/tools/bin/../lib/gcc/arm-none-eabi/14.3.1/../../../../arm-none-eabi/lib/thumb/v7e-m+fp/hard/libc_nano.a(libc_a-lseekr.o)
                0x0810bbc4                _lseek_r
 .text._read_r  0x0810bbe8       0x24 /opt/st/stm32cubeide_2.1.1/plugins/com.st.stm32cube.ide.mcu.externaltools.gnu-tools-for-stm32.14.3.rel1.linux64_1.0.100.202602081740/tools/bin/../lib/gcc/arm-none-eabi/14.3.1/../../../../arm-none-eabi/lib/thumb/v7e-m+fp/hard/libc_nano.a(libc_a-readr.o)
                0x0810bbe8                _read_r
 .text._write_r
                0x0810bc0c       0x24 /opt/st/stm32cubeide_2.1.1/plugins/com.st.stm32cube.ide.mcu.externaltools.gnu-tools-for-stm32.14.3.rel1.linux64_1.0.100.202602081740/tools/bin/../lib/gcc/arm-none-eabi/14.3.1/../../../../arm-none-eabi/lib/thumb/v7e-m+fp/hard/libc_nano.a(libc_a-writer.o)
                0x0810bc0c                _write_r
 .text.__errno  0x0810bc30        0xc /opt/st/stm32cubeide_2.1.1/plugins/com.st.stm32cube.ide.mcu.externaltools.gnu-tools-for-stm32.14.3.rel1.linux64_1.0.100.202602081740/tools/bin/../lib/gcc/arm-none-eabi/14.3.1/../../../../arm-none-eabi/lib/thumb/v7e-m+fp/hard/libc_nano.a(libc_a-errno.o)
                0x0810bc30                __errno
 .text.__libc_init_array
                0x0810bc3c       0x48 /opt/st/stm32cubeide_2.1.1/plugins/com.st.stm32cube.ide.mcu.externaltools.gnu-tools-for-stm32.14.3.rel1.linux64_1.0.100.202602081740/tools/bin/../lib/gcc/arm-none-eabi/14.3.1/../../../../arm-none-eabi/lib/thumb/v7e-m+fp/hard/libc_nano.a(libc_a-init.o)
                0x0810bc3c                __libc_init_array
 .text.__retarget_lock_init_recursive
                0x0810bc84        0x2 /opt/st/stm32cubeide_2.1.1/plugins/com.st.stm32cube.ide.mcu.externaltools.gnu-tools-for-stm32.14.3.rel1.linux64_1.0.100.202602081740/tools/bin/../lib/gcc/arm-none-eabi/14.3.1/../../../../arm-none-eabi/lib/thumb/v7e-m+fp/hard/libc_nano.a(libc_a-lock.o)
                0x0810bc84                __retarget_lock_init_recursive
 .text.__retarget_lock_acquire_recursive
                0x0810bc86        0x2 /opt/st/stm32cubeide_2.1.1/plugins/com.st.stm32cube.ide.mcu.externaltools.gnu-tools-for-stm32.14.3.rel1.linux64_1.0.100.202602081740/tools/bin/../lib/gcc/arm-none-eabi/14.3.1/../../../../arm-none-eabi/lib/thumb/v7e-m+fp/hard/libc_nano.a(libc_a-lock.o)
                0x0810bc86                __retarget_lock_acquire_recursive
 .text.__retarget_lock_release_recursive
                0x0810bc88        0x2 /opt/st/stm32cubeide_2.1.1/plugins/com.st.stm32cube.ide.mcu.externaltools.gnu-tools-for-stm32.14.3.rel1.linux64_1.0.100.202602081740/tools/bin/../lib/gcc/arm-none-eabi/14.3.1/../../../../arm-none-eabi/lib/thumb/v7e-m+fp/hard/libc_nano.a(libc_a-lock.o)
                0x0810bc88                __retarget_lock_release_recursive
 .text.memcpy   0x0810bc8a       0x1c /opt/st/stm32cubeide_2.1.1/plugins/com.st.stm32cube.ide.mcu.externaltools.gnu-tools-for-stm32.14.3.rel1.linux64_1.0.100.202602081740/tools/bin/../lib/gcc/arm-none-eabi/14.3.1/../../../../arm-none-eabi/lib/thumb/v7e-m+fp/hard/libc_nano.a(libc_a-memcpy-stub.o)
                0x0810bc8a                memcpy
 .text.quorem   0x0810bca6      0x110 /opt/st/stm32cubeide_2.1.1/plugins/com.st.stm32cube.ide.mcu.externaltools.gnu-tools-for-stm32.14.3.rel1.linux64_1.0.100.202602081740/tools/bin/../lib/gcc/arm-none-eabi/14.3.1/../../../../arm-none-eabi/lib/thumb/v7e-m+fp/hard/libc_nano.a(libc_a-dtoa.o)
 *fill*         0x0810bdb6        0x2 
 .text._dtoa_r  0x0810bdb8      0xbb8 /opt/st/stm32cubeide_2.1.1/plugins/com.st.stm32cube.ide.mcu.externaltools.gnu-tools-for-stm32.14.3.rel1.linux64_1.0.100.202602081740/tools/bin/../lib/gcc/arm-none-eabi/14.3.1/../../../../arm-none-eabi/lib/thumb/v7e-m+fp/hard/libc_nano.a(libc_a-dtoa.o)
                0x0810bdb8                _dtoa_r
 .text._free_r  0x0810c970       0x94 /opt/st/stm32cubeide_2.1.1/plugins/com.st.stm32cube.ide.mcu.externaltools.gnu-tools-for-stm32.14.3.rel1.linux64_1.0.100.202602081740/tools/bin/../lib/gcc/arm-none-eabi/14.3.1/../../../../arm-none-eabi/lib/thumb/v7e-m+fp/hard/libc_nano.a(libc_a-freer.o)
                0x0810c970                _free_r
 .text.malloc   0x0810ca04       0x10 /opt/st/stm32cubeide_2.1.1/plugins/com.st.stm32cube.ide.mcu.externaltools.gnu-tools-for-stm32.14.3.rel1.linux64_1.0.100.202602081740/tools/bin/../lib/gcc/arm-none-eabi/14.3.1/../../../../arm-none-eabi/lib/thumb/v7e-m+fp/hard/libc_nano.a(libc_a-malloc.o)
                0x0810ca04                malloc
 .text.sbrk_aligned
                0x0810ca14       0x44 /opt/st/stm32cubeide_2.1.1/plugins/com.st.stm32cube.ide.mcu.externaltools.gnu-tools-for-stm32.14.3.rel1.linux64_1.0.100.202602081740/tools/bin/../lib/gcc/arm-none-eabi/14.3.1/../../../../arm-none-eabi/lib/thumb/v7e-m+fp/hard/libc_nano.a(libc_a-mallocr.o)
 .text._malloc_r
                0x0810ca58      0x100 /opt/st/stm32cubeide_2.1.1/plugins/com.st.stm32cube.ide.mcu.externaltools.gnu-tools-for-stm32.14.3.rel1.linux64_1.0.100.202602081740/tools/bin/../lib/gcc/arm-none-eabi/14.3.1/../../../../arm-none-eabi/lib/thumb/v7e-m+fp/hard/libc_nano.a(libc_a-mallocr.o)
                0x0810ca58                _malloc_r
 .text.__malloc_lock
                0x0810cb58        0xc /opt/st/stm32cubeide_2.1.1/plugins/com.st.stm32cube.ide.mcu.externaltools.gnu-tools-for-stm32.14.3.rel1.linux64_1.0.100.202602081740/tools/bin/../lib/gcc/arm-none-eabi/14.3.1/../../../../arm-none-eabi/lib/thumb/v7e-m+fp/hard/libc_nano.a(libc_a-mlock.o)
                0x0810cb58                __malloc_lock
 .text.__malloc_unlock
                0x0810cb64        0xc /opt/st/stm32cubeide_2.1.1/plugins/com.st.stm32cube.ide.mcu.externaltools.gnu-tools-for-stm32.14.3.rel1.linux64_1.0.100.202602081740/tools/bin/../lib/gcc/arm-none-eabi/14.3.1/../../../../arm-none-eabi/lib/thumb/v7e-m+fp/hard/libc_nano.a(libc_a-mlock.o)
                0x0810cb64                __malloc_unlock
 .text._Balloc  0x0810cb70       0x7c /opt/st/stm32cubeide_2.1.1/plugins/com.st.stm32cube.ide.mcu.externaltools.gnu-tools-for-stm32.14.3.rel1.linux64_1.0.100.202602081740/tools/bin/../lib/gcc/arm-none-eabi/14.3.1/../../../../arm-none-eabi/lib/thumb/v7e-m+fp/hard/libc_nano.a(libc_a-mprec.o)
                0x0810cb70                _Balloc
 .text._Bfree   0x0810cbec       0x44 /opt/st/stm32cubeide_2.1.1/plugins/com.st.stm32cube.ide.mcu.externaltools.gnu-tools-for-stm32.14.3.rel1.linux64_1.0.100.202602081740/tools/bin/../lib/gcc/arm-none-eabi/14.3.1/../../../../arm-none-eabi/lib/thumb/v7e-m+fp/hard/libc_nano.a(libc_a-mprec.o)
                0x0810cbec                _Bfree
 .text.__multadd
                0x0810cc30       0x8c /opt/st/stm32cubeide_2.1.1/plugins/com.st.stm32cube.ide.mcu.externaltools.gnu-tools-for-stm32.14.3.rel1.linux64_1.0.100.202602081740/tools/bin/../lib/gcc/arm-none-eabi/14.3.1/../../../../arm-none-eabi/lib/thumb/v7e-m+fp/hard/libc_nano.a(libc_a-mprec.o)
                0x0810cc30                __multadd
 .text.__hi0bits
                0x0810ccbc       0x3e /opt/st/stm32cubeide_2.1.1/plugins/com.st.stm32cube.ide.mcu.externaltools.gnu-tools-for-stm32.14.3.rel1.linux64_1.0.100.202602081740/tools/bin/../lib/gcc/arm-none-eabi/14.3.1/../../../../arm-none-eabi/lib/thumb/v7e-m+fp/hard/libc_nano.a(libc_a-mprec.o)
                0x0810ccbc                __hi0bits
 .text.__lo0bits
                0x0810ccfa       0x5a /opt/st/stm32cubeide_2.1.1/plugins/com.st.stm32cube.ide.mcu.externaltools.gnu-tools-for-stm32.14.3.rel1.linux64_1.0.100.202602081740/tools/bin/../lib/gcc/arm-none-eabi/14.3.1/../../../../arm-none-eabi/lib/thumb/v7e-m+fp/hard/libc_nano.a(libc_a-mprec.o)
                0x0810ccfa                __lo0bits
 .text.__i2b    0x0810cd54       0x2c /opt/st/stm32cubeide_2.1.1/plugins/com.st.stm32cube.ide.mcu.externaltools.gnu-tools-for-stm32.14.3.rel1.linux64_1.0.100.202602081740/tools/bin/../lib/gcc/arm-none-eabi/14.3.1/../../../../arm-none-eabi/lib/thumb/v7e-m+fp/hard/libc_nano.a(libc_a-mprec.o)
                0x0810cd54                __i2b
 .text.__multiply
                0x0810cd80      0x154 /opt/st/stm32cubeide_2.1.1/plugins/com.st.stm32cube.ide.mcu.externaltools.gnu-tools-for-stm32.14.3.rel1.linux64_1.0.100.202602081740/tools/bin/../lib/gcc/arm-none-eabi/14.3.1/../../../../arm-none-eabi/lib/thumb/v7e-m+fp/hard/libc_nano.a(libc_a-mprec.o)
                0x0810cd80                __multiply
 .text.__pow5mult
                0x0810ced4       0xb8 /opt/st/stm32cubeide_2.1.1/plugins/com.st.stm32cube.ide.mcu.externaltools.gnu-tools-for-stm32.14.3.rel1.linux64_1.0.100.202602081740/tools/bin/../lib/gcc/arm-none-eabi/14.3.1/../../../../arm-none-eabi/lib/thumb/v7e-m+fp/hard/libc_nano.a(libc_a-mprec.o)
                0x0810ced4                __pow5mult
 .text.__lshift
                0x0810cf8c       0xdc /opt/st/stm32cubeide_2.1.1/plugins/com.st.stm32cube.ide.mcu.externaltools.gnu-tools-for-stm32.14.3.rel1.linux64_1.0.100.202602081740/tools/bin/../lib/gcc/arm-none-eabi/14.3.1/../../../../arm-none-eabi/lib/thumb/v7e-m+fp/hard/libc_nano.a(libc_a-mprec.o)
                0x0810cf8c                __lshift
 .text.__mcmp   0x0810d068       0x36 /opt/st/stm32cubeide_2.1.1/plugins/com.st.stm32cube.ide.mcu.externaltools.gnu-tools-for-stm32.14.3.rel1.linux64_1.0.100.202602081740/tools/bin/../lib/gcc/arm-none-eabi/14.3.1/../../../../arm-none-eabi/lib/thumb/v7e-m+fp/hard/libc_nano.a(libc_a-mprec.o)
                0x0810d068                __mcmp
 *fill*         0x0810d09e        0x2 
 .text.__mdiff  0x0810d0a0      0x130 /opt/st/stm32cubeide_2.1.1/plugins/com.st.stm32cube.ide.mcu.externaltools.gnu-tools-for-stm32.14.3.rel1.linux64_1.0.100.202602081740/tools/bin/../lib/gcc/arm-none-eabi/14.3.1/../../../../arm-none-eabi/lib/thumb/v7e-m+fp/hard/libc_nano.a(libc_a-mprec.o)
                0x0810d0a0                __mdiff
 .text.__d2b    0x0810d1d0       0xb0 /opt/st/stm32cubeide_2.1.1/plugins/com.st.stm32cube.ide.mcu.externaltools.gnu-tools-for-stm32.14.3.rel1.linux64_1.0.100.202602081740/tools/bin/../lib/gcc/arm-none-eabi/14.3.1/../../../../arm-none-eabi/lib/thumb/v7e-m+fp/hard/libc_nano.a(libc_a-mprec.o)
                0x0810d1d0                __d2b
 .text.__sflush_r
                0x0810d280      0x104 /opt/st/stm32cubeide_2.1.1/plugins/com.st.stm32cube.ide.mcu.externaltools.gnu-tools-for-stm32.14.3.rel1.linux64_1.0.100.202602081740/tools/bin/../lib/gcc/arm-none-eabi/14.3.1/../../../../arm-none-eabi/lib/thumb/v7e-m+fp/hard/libc_nano.a(libc_a-fflush.o)
                0x0810d280                __sflush_r
 .text._fflush_r
                0x0810d384       0x50 /opt/st/stm32cubeide_2.1.1/plugins/com.st.stm32cube.ide.mcu.externaltools.gnu-tools-for-stm32.14.3.rel1.linux64_1.0.100.202602081740/tools/bin/../lib/gcc/arm-none-eabi/14.3.1/../../../../arm-none-eabi/lib/thumb/v7e-m+fp/hard/libc_nano.a(libc_a-fflush.o)
                0x0810d384                _fflush_r
 .text._sbrk_r  0x0810d3d4       0x20 /opt/st/stm32cubeide_2.1.1/plugins/com.st.stm32cube.ide.mcu.externaltools.gnu-tools-for-stm32.14.3.rel1.linux64_1.0.100.202602081740/tools/bin/../lib/gcc/arm-none-eabi/14.3.1/../../../../arm-none-eabi/lib/thumb/v7e-m+fp/hard/libc_nano.a(libc_a-sbrkr.o)
                0x0810d3d4                _sbrk_r
 .text.__assert_func
                0x0810d3f4       0x3c /opt/st/stm32cubeide_2.1.1/plugins/com.st.stm32cube.ide.mcu.externaltools.gnu-tools-for-stm32.14.3.rel1.linux64_1.0.100.202602081740/tools/bin/../lib/gcc/arm-none-eabi/14.3.1/../../../../arm-none-eabi/lib/thumb/v7e-m+fp/hard/libc_nano.a(libc_a-assert.o)
                0x0810d3f4                __assert_func
 .text._calloc_r
                0x0810d430       0x28 /opt/st/stm32cubeide_2.1.1/plugins/com.st.stm32cube.ide.mcu.externaltools.gnu-tools-for-stm32.14.3.rel1.linux64_1.0.100.202602081740/tools/bin/../lib/gcc/arm-none-eabi/14.3.1/../../../../arm-none-eabi/lib/thumb/v7e-m+fp/hard/libc_nano.a(libc_a-callocr.o)
                0x0810d430                _calloc_r
 .text.__ascii_mbtowc
                0x0810d458       0x24 /opt/st/stm32cubeide_2.1.1/plugins/com.st.stm32cube.ide.mcu.externaltools.gnu-tools-for-stm32.14.3.rel1.linux64_1.0.100.202602081740/tools/bin/../lib/gcc/arm-none-eabi/14.3.1/../../../../arm-none-eabi/lib/thumb/v7e-m+fp/hard/libc_nano.a(libc_a-mbtowc_r.o)
                0x0810d458                __ascii_mbtowc
 .text.__ascii_wctomb
                0x0810d47c       0x1a /opt/st/stm32cubeide_2.1.1/plugins/com.st.stm32cube.ide.mcu.externaltools.gnu-tools-for-stm32.14.3.rel1.linux64_1.0.100.202602081740/tools/bin/../lib/gcc/arm-none-eabi/14.3.1/../../../../arm-none-eabi/lib/thumb/v7e-m+fp/hard/libc_nano.a(libc_a-wctomb_r.o)
                0x0810d47c                __ascii_wctomb
 *fill*         0x0810d496        0x2 
 .text.fprintf  0x0810d498       0x24 /opt/st/stm32cubeide_2.1.1/plugins/com.st.stm32cube.ide.mcu.externaltools.gnu-tools-for-stm32.14.3.rel1.linux64_1.0.100.202602081740/tools/bin/../lib/gcc/arm-none-eabi/14.3.1/../../../../arm-none-eabi/lib/thumb/v7e-m+fp/hard/libc_nano.a(libc_a-fprintf.o)
                0x0810d498                fprintf
                0x0810d498                fiprintf
 .text.abort    0x0810d4bc        0xe /opt/st/stm32cubeide_2.1.1/plugins/com.st.stm32cube.ide.mcu.externaltools.gnu-tools-for-stm32.14.3.rel1.linux64_1.0.100.202602081740/tools/bin/../lib/gcc/arm-none-eabi/14.3.1/../../../../arm-none-eabi/lib/thumb/v7e-m+fp/hard/libc_nano.a(libc_a-abort.o)
                0x0810d4bc                abort
 .text.__sfputc_r
                0x0810d4ca       0x2e /opt/st/stm32cubeide_2.1.1/plugins/com.st.stm32cube.ide.mcu.externaltools.gnu-tools-for-stm32.14.3.rel1.linux64_1.0.100.202602081740/tools/bin/../lib/gcc/arm-none-eabi/14.3.1/../../../../arm-none-eabi/lib/thumb/v7e-m+fp/hard/libc_nano.a(libc_a-nano-vfprintf.o)
 .text.__sfputs_r
                0x0810d4f8       0x24 /opt/st/stm32cubeide_2.1.1/plugins/com.st.stm32cube.ide.mcu.externaltools.gnu-tools-for-stm32.14.3.rel1.linux64_1.0.100.202602081740/tools/bin/../lib/gcc/arm-none-eabi/14.3.1/../../../../arm-none-eabi/lib/thumb/v7e-m+fp/hard/libc_nano.a(libc_a-nano-vfprintf.o)
                0x0810d4f8                __sfputs_r
 .text._vfprintf_r
                0x0810d51c      0x228 /opt/st/stm32cubeide_2.1.1/plugins/com.st.stm32cube.ide.mcu.externaltools.gnu-tools-for-stm32.14.3.rel1.linux64_1.0.100.202602081740/tools/bin/../lib/gcc/arm-none-eabi/14.3.1/../../../../arm-none-eabi/lib/thumb/v7e-m+fp/hard/libc_nano.a(libc_a-nano-vfprintf.o)
                0x0810d51c                _vfiprintf_r
                0x0810d51c                _vfprintf_r
 .text.__swbuf_r
                0x0810d744       0x7c /opt/st/stm32cubeide_2.1.1/plugins/com.st.stm32cube.ide.mcu.externaltools.gnu-tools-for-stm32.14.3.rel1.linux64_1.0.100.202602081740/tools/bin/../lib/gcc/arm-none-eabi/14.3.1/../../../../arm-none-eabi/lib/thumb/v7e-m+fp/hard/libc_nano.a(libc_a-wbuf.o)
                0x0810d744                __swbuf_r
 .text.__swsetup_r
                0x0810d7c0       0xa8 /opt/st/stm32cubeide_2.1.1/plugins/com.st.stm32cube.ide.mcu.externaltools.gnu-tools-for-stm32.14.3.rel1.linux64_1.0.100.202602081740/tools/bin/../lib/gcc/arm-none-eabi/14.3.1/../../../../arm-none-eabi/lib/thumb/v7e-m+fp/hard/libc_nano.a(libc_a-wsetup.o)
                0x0810d7c0                __swsetup_r
 .text._raise_r
                0x0810d868       0x50 /opt/st/stm32cubeide_2.1.1/plugins/com.st.stm32cube.ide.mcu.externaltools.gnu-tools-for-stm32.14.3.rel1.linux64_1.0.100.202602081740/tools/bin/../lib/gcc/arm-none-eabi/14.3.1/../../../../arm-none-eabi/lib/thumb/v7e-m+fp/hard/libc_nano.a(libc_a-signal.o)
                0x0810d868                _raise_r
 .text.raise    0x0810d8b8       0x10 /opt/st/stm32cubeide_2.1.1/plugins/com.st.stm32cube.ide.mcu.externaltools.gnu-tools-for-stm32.14.3.rel1.linux64_1.0.100.202602081740/tools/bin/../lib/gcc/arm-none-eabi/14.3.1/../../../../arm-none-eabi/lib/thumb/v7e-m+fp/hard/libc_nano.a(libc_a-signal.o)
                0x0810d8b8                raise
 .text._kill_r  0x0810d8c8       0x24 /opt/st/stm32cubeide_2.1.1/plugins/com.st.stm32cube.ide.mcu.externaltools.gnu-tools-for-stm32.14.3.rel1.linux64_1.0.100.202602081740/tools/bin/../lib/gcc/arm-none-eabi/14.3.1/../../../../arm-none-eabi/lib/thumb/v7e-m+fp/hard/libc_nano.a(libc_a-signalr.o)
                0x0810d8c8                _kill_r
 .text._getpid_r
                0x0810d8ec        0x4 /opt/st/stm32cubeide_2.1.1/plugins/com.st.stm32cube.ide.mcu.externaltools.gnu-tools-for-stm32.14.3.rel1.linux64_1.0.100.202602081740/tools/bin/../lib/gcc/arm-none-eabi/14.3.1/../../../../arm-none-eabi/lib/thumb/v7e-m+fp/hard/libc_nano.a(libc_a-signalr.o)
                0x0810d8ec                _getpid_r
 .text.__swhatbuf_r
                0x0810d8f0       0x48 /opt/st/stm32cubeide_2.1.1/plugins/com.st.stm32cube.ide.mcu.externaltools.gnu-tools-for-stm32.14.3.rel1.linux64_1.0.100.202602081740/tools/bin/../lib/gcc/arm-none-eabi/14.3.1/../../../../arm-none-eabi/lib/thumb/v7e-m+fp/hard/libc_nano.a(libc_a-makebuf.o)
                0x0810d8f0                __swhatbuf_r
 .text.__smakebuf_r
                0x0810d938       0x72 /opt/st/stm32cubeide_2.1.1/plugins/com.st.stm32cube.ide.mcu.externaltools.gnu-tools-for-stm32.14.3.rel1.linux64_1.0.100.202602081740/tools/bin/../lib/gcc/arm-none-eabi/14.3.1/../../../../arm-none-eabi/lib/thumb/v7e-m+fp/hard/libc_nano.a(libc_a-makebuf.o)
                0x0810d938                __smakebuf_r
 *fill*         0x0810d9aa        0x2 
 .text._fstat_r
                0x0810d9ac       0x24 /opt/st/stm32cubeide_2.1.1/plugins/com.st.stm32cube.ide.mcu.externaltools.gnu-tools-for-stm32.14.3.rel1.linux64_1.0.100.202602081740/tools/bin/../lib/gcc/arm-none-eabi/14.3.1/../../../../arm-none-eabi/lib/thumb/v7e-m+fp/hard/libc_nano.a(libc_a-fstatr.o)
                0x0810d9ac                _fstat_r
 .text._isatty_r
                0x0810d9d0       0x20 /opt/st/stm32cubeide_2.1.1/plugins/com.st.stm32cube.ide.mcu.externaltools.gnu-tools-for-stm32.14.3.rel1.linux64_1.0.100.202602081740/tools/bin/../lib/gcc/arm-none-eabi/14.3.1/../../../../arm-none-eabi/lib/thumb/v7e-m+fp/hard/libc_nano.a(libc_a-isattyr.o)
                0x0810d9d0                _isatty_r
 *(.glue_7)
 .glue_7        0x0810d9f0        0x0 linker stubs
 *(.glue_7t)
 .glue_7t       0x0810d9f0        0x0 linker stubs
 *(.eh_frame)
 .eh_frame      0x0810d9f0        0x0 /opt/st/stm32cubeide_2.1.1/plugins/com.st.stm32cube.ide.mcu.externaltools.gnu-tools-for-stm32.14.3.rel1.linux64_1.0.100.202602081740/tools/bin/../lib/gcc/arm-none-eabi/14.3.1/thumb/v7e-m+fp/hard/crtbegin.o
 *(.init)
 .init          0x0810d9f0        0x4 /opt/st/stm32cubeide_2.1.1/plugins/com.st.stm32cube.ide.mcu.externaltools.gnu-tools-for-stm32.14.3.rel1.linux64_1.0.100.202602081740/tools/bin/../lib/gcc/arm-none-eabi/14.3.1/thumb/v7e-m+fp/hard/crti.o
                0x0810d9f0                _init
 .init          0x0810d9f4        0x8 /opt/st/stm32cubeide_2.1.1/plugins/com.st.stm32cube.ide.mcu.externaltools.gnu-tools-for-stm32.14.3.rel1.linux64_1.0.100.202602081740/tools/bin/../lib/gcc/arm-none-eabi/14.3.1/thumb/v7e-m+fp/hard/crtn.o
 *(.fini)
 .fini          0x0810d9fc        0x4 /opt/st/stm32cubeide_2.1.1/plugins/com.st.stm32cube.ide.mcu.externaltools.gnu-tools-for-stm32.14.3.rel1.linux64_1.0.100.202602081740/tools/bin/../lib/gcc/arm-none-eabi/14.3.1/thumb/v7e-m+fp/hard/crti.o
                0x0810d9fc                _fini
 .fini          0x0810da00        0x8 /opt/st/stm32cubeide_2.1.1/plugins/com.st.stm32cube.ide.mcu.externaltools.gnu-tools-for-stm32.14.3.rel1.linux64_1.0.100.202602081740/tools/bin/../lib/gcc/arm-none-eabi/14.3.1/thumb/v7e-m+fp/hard/crtn.o
                0x0810da08                        . = ALIGN (0x4)
                0x0810da08                        _etext = .

.vfp11_veneer   0x0810da08        0x0
 .vfp11_veneer  0x0810da08        0x0 linker stubs

.v4_bx          0x0810da08        0x0
 .v4_bx         0x0810da08        0x0 linker stubs

.iplt           0x0810da08        0x0
 .iplt          0x0810da08        0x0 /opt/st/stm32cubeide_2.1.1/plugins/com.st.stm32cube.ide.mcu.externaltools.gnu-tools-for-stm32.14.3.rel1.linux64_1.0.100.202602081740/tools/bin/../lib/gcc/arm-none-eabi/14.3.1/thumb/v7e-m+fp/hard/crtbegin.o

.rodata         0x0810da08      0x42c
                0x0810da08                        . = ALIGN (0x4)
 *(.rodata)
 .rodata        0x0810da08        0x5 ./Middlewares/FreeRTOS/tasks.o
 *fill*         0x0810da0d        0x3 
 .rodata        0x0810da10        0xd ./Middlewares/FreeRTOS/timers.o
 *(.rodata*)
 *fill*         0x0810da1d        0x3 
 .rodata.str1.4
                0x0810da20       0x28 ./Application/User/Core/main.o
 .rodata.defaultTask_attributes
                0x0810da48       0x24 ./Application/User/Core/main.o
                0x0810da48                defaultTask_attributes
 .rodata.taskDeImpressao_attributes
                0x0810da6c       0x24 ./Application/User/Core/main.o
                0x0810da6c                taskDeImpressao_attributes
 .rodata.smImpressao_attributes
                0x0810da90       0x10 ./Application/User/Core/main.o
                0x0810da90                smImpressao_attributes
 .rodata.D1CorePrescTable
                0x0810daa0       0x10 ./Drivers/CMSIS/system_stm32h7xx_dualcore_boot_cm4_cm7.o
                0x0810daa0                D1CorePrescTable
 .rodata.flagBitshiftOffset.0
                0x0810dab0        0x8 ./Drivers/STM32H7xx_HAL_Driver/stm32h7xx_hal_dma.o
 .rodata.uxTopUsedPriority
                0x0810dab8        0x4 ./Middlewares/FreeRTOS/tasks.o
                0x0810dab8                uxTopUsedPriority
 .rodata._printf_float.str1.1
                0x0810dabc      0x171 /opt/st/stm32cubeide_2.1.1/plugins/com.st.stm32cube.ide.mcu.externaltools.gnu-tools-for-stm32.14.3.rel1.linux64_1.0.100.202602081740/tools/bin/../lib/gcc/arm-none-eabi/14.3.1/../../../../arm-none-eabi/lib/thumb/v7e-m+fp/hard/libc_nano.a(libc_a-nano-vfprintf_float.o)
                                 0x12 (size before relaxing)
 .rodata._printf_i.str1.1
                0x0810dc2d       0x22 /opt/st/stm32cubeide_2.1.1/plugins/com.st.stm32cube.ide.mcu.externaltools.gnu-tools-for-stm32.14.3.rel1.linux64_1.0.100.202602081740/tools/bin/../lib/gcc/arm-none-eabi/14.3.1/../../../../arm-none-eabi/lib/thumb/v7e-m+fp/hard/libc_nano.a(libc_a-nano-vfprintf_i.o)
 .rodata._dtoa_r.str1.1
                0x0810dc2d       0x8f /opt/st/stm32cubeide_2.1.1/plugins/com.st.stm32cube.ide.mcu.externaltools.gnu-tools-for-stm32.14.3.rel1.linux64_1.0.100.202602081740/tools/bin/../lib/gcc/arm-none-eabi/14.3.1/../../../../arm-none-eabi/lib/thumb/v7e-m+fp/hard/libc_nano.a(libc_a-dtoa.o)
 .rodata._Balloc.str1.1
                0x0810dc2d       0x70 /opt/st/stm32cubeide_2.1.1/plugins/com.st.stm32cube.ide.mcu.externaltools.gnu-tools-for-stm32.14.3.rel1.linux64_1.0.100.202602081740/tools/bin/../lib/gcc/arm-none-eabi/14.3.1/../../../../arm-none-eabi/lib/thumb/v7e-m+fp/hard/libc_nano.a(libc_a-mprec.o)
 .rodata.__multadd.str1.1
                0x0810dc2d       0x11 /opt/st/stm32cubeide_2.1.1/plugins/com.st.stm32cube.ide.mcu.externaltools.gnu-tools-for-stm32.14.3.rel1.linux64_1.0.100.202602081740/tools/bin/../lib/gcc/arm-none-eabi/14.3.1/../../../../arm-none-eabi/lib/thumb/v7e-m+fp/hard/libc_nano.a(libc_a-mprec.o)
 *fill*         0x0810dc2d        0x3 
 .rodata.p05.0  0x0810dc30        0xc /opt/st/stm32cubeide_2.1.1/plugins/com.st.stm32cube.ide.mcu.externaltools.gnu-tools-for-stm32.14.3.rel1.linux64_1.0.100.202602081740/tools/bin/../lib/gcc/arm-none-eabi/14.3.1/../../../../arm-none-eabi/lib/thumb/v7e-m+fp/hard/libc_nano.a(libc_a-mprec.o)
 *fill*         0x0810dc3c        0x4 
 .rodata.__mprec_bigtens
                0x0810dc40       0x28 /opt/st/stm32cubeide_2.1.1/plugins/com.st.stm32cube.ide.mcu.externaltools.gnu-tools-for-stm32.14.3.rel1.linux64_1.0.100.202602081740/tools/bin/../lib/gcc/arm-none-eabi/14.3.1/../../../../arm-none-eabi/lib/thumb/v7e-m+fp/hard/libc_nano.a(libc_a-mprec.o)
                0x0810dc40                __mprec_bigtens
 .rodata.__mprec_tens
                0x0810dc68       0xc8 /opt/st/stm32cubeide_2.1.1/plugins/com.st.stm32cube.ide.mcu.externaltools.gnu-tools-for-stm32.14.3.rel1.linux64_1.0.100.202602081740/tools/bin/../lib/gcc/arm-none-eabi/14.3.1/../../../../arm-none-eabi/lib/thumb/v7e-m+fp/hard/libc_nano.a(libc_a-mprec.o)
                0x0810dc68                __mprec_tens
 .rodata._setlocale_r.str1.1
                0x0810dd30        0x9 /opt/st/stm32cubeide_2.1.1/plugins/com.st.stm32cube.ide.mcu.externaltools.gnu-tools-for-stm32.14.3.rel1.linux64_1.0.100.202602081740/tools/bin/../lib/gcc/arm-none-eabi/14.3.1/../../../../arm-none-eabi/lib/thumb/v7e-m+fp/hard/libc_nano.a(libc_a-locale.o)
 .rodata.str1.1
                0x0810dd30        0x2 /opt/st/stm32cubeide_2.1.1/plugins/com.st.stm32cube.ide.mcu.externaltools.gnu-tools-for-stm32.14.3.rel1.linux64_1.0.100.202602081740/tools/bin/../lib/gcc/arm-none-eabi/14.3.1/../../../../arm-none-eabi/lib/thumb/v7e-m+fp/hard/libc_nano.a(libc_a-locale.o)
 .rodata.__assert_func.str1.1
                0x0810dd30       0x3d /opt/st/stm32cubeide_2.1.1/plugins/com.st.stm32cube.ide.mcu.externaltools.gnu-tools-for-stm32.14.3.rel1.linux64_1.0.100.202602081740/tools/bin/../lib/gcc/arm-none-eabi/14.3.1/../../../../arm-none-eabi/lib/thumb/v7e-m+fp/hard/libc_nano.a(libc_a-assert.o)
 .rodata._ctype_
                0x0810dd30      0x101 /opt/st/stm32cubeide_2.1.1/plugins/com.st.stm32cube.ide.mcu.externaltools.gnu-tools-for-stm32.14.3.rel1.linux64_1.0.100.202602081740/tools/bin/../lib/gcc/arm-none-eabi/14.3.1/../../../../arm-none-eabi/lib/thumb/v7e-m+fp/hard/libc_nano.a(libc_a-ctype_.o)
                0x0810dd30                _ctype_
 .rodata._vfprintf_r.str1.1
                0x0810de31       0x11 /opt/st/stm32cubeide_2.1.1/plugins/com.st.stm32cube.ide.mcu.externaltools.gnu-tools-for-stm32.14.3.rel1.linux64_1.0.100.202602081740/tools/bin/../lib/gcc/arm-none-eabi/14.3.1/../../../../arm-none-eabi/lib/thumb/v7e-m+fp/hard/libc_nano.a(libc_a-nano-vfprintf.o)
                0x0810de44                        . = ALIGN (0x4)
 *fill*         0x0810de31        0x3 

.ARM.extab
 *(.ARM.extab* .gnu.linkonce.armextab.*)

.ARM            0x0810de34        0x8
                0x0810de34                        __exidx_start = .
 *(.ARM.exidx*)
 .ARM.exidx     0x0810de34        0x8 /opt/st/stm32cubeide_2.1.1/plugins/com.st.stm32cube.ide.mcu.externaltools.gnu-tools-for-stm32.14.3.rel1.linux64_1.0.100.202602081740/tools/bin/../lib/gcc/arm-none-eabi/14.3.1/../../../../arm-none-eabi/lib/thumb/v7e-m+fp/hard/libc_nano.a(libc_a-memchr.o)
 .ARM.exidx     0x0810de3c        0x0 /opt/st/stm32cubeide_2.1.1/plugins/com.st.stm32cube.ide.mcu.externaltools.gnu-tools-for-stm32.14.3.rel1.linux64_1.0.100.202602081740/tools/bin/../lib/gcc/arm-none-eabi/14.3.1/../../../../arm-none-eabi/lib/thumb/v7e-m+fp/hard/libc_nano.a(libc_a-strlen.o)
                                  0x8 (size before relaxing)
                0x0810de3c                        __exidx_end = .

.preinit_array  0x0810de3c        0x0
                0x0810de3c                        PROVIDE (__preinit_array_start = .)
 *(.preinit_array*)
                0x0810de3c                        PROVIDE (__preinit_array_end = .)

.init_array     0x0810de3c        0x4
                0x0810de3c                        PROVIDE (__init_array_start = .)
 *(SORT_BY_NAME(.init_array.*))
 *(.init_array*)
 .init_array    0x0810de3c        0x4 /opt/st/stm32cubeide_2.1.1/plugins/com.st.stm32cube.ide.mcu.externaltools.gnu-tools-for-stm32.14.3.rel1.linux64_1.0.100.202602081740/tools/bin/../lib/gcc/arm-none-eabi/14.3.1/thumb/v7e-m+fp/hard/crtbegin.o
                0x0810de40                        PROVIDE (__init_array_end = .)

.fini_array     0x0810de40        0x4
                [!provide]                        PROVIDE (__fini_array_start = .)
 *(SORT_BY_NAME(.fini_array.*))
 *(.fini_array*)
 .fini_array    0x0810de40        0x4 /opt/st/stm32cubeide_2.1.1/plugins/com.st.stm32cube.ide.mcu.externaltools.gnu-tools-for-stm32.14.3.rel1.linux64_1.0.100.202602081740/tools/bin/../lib/gcc/arm-none-eabi/14.3.1/thumb/v7e-m+fp/hard/crtbegin.o
                [!provide]                        PROVIDE (__fini_array_end = .)
                0x0810de44                        _sidata = LOADADDR (.data)

.rel.dyn        0x0810de44        0x0
 .rel.iplt      0x0810de44        0x0 /opt/st/stm32cubeide_2.1.1/plugins/com.st.stm32cube.ide.mcu.externaltools.gnu-tools-for-stm32.14.3.rel1.linux64_1.0.100.202602081740/tools/bin/../lib/gcc/arm-none-eabi/14.3.1/thumb/v7e-m+fp/hard/crtbegin.o

.data           0x10000000      0x1dc load address 0x0810de44
                0x10000000                        . = ALIGN (0x4)
                0x10000000                        _sdata = .
 *(.data)
 *(.data*)
 .data.SystemCoreClock
                0x10000000        0x4 ./Drivers/CMSIS/system_stm32h7xx_dualcore_boot_cm4_cm7.o
                0x10000000                SystemCoreClock
 .data.SystemD2Clock
                0x10000004        0x4 ./Drivers/CMSIS/system_stm32h7xx_dualcore_boot_cm4_cm7.o
                0x10000004                SystemD2Clock
 .data.uwTickPrio
                0x10000008        0x4 ./Drivers/STM32H7xx_HAL_Driver/stm32h7xx_hal.o
                0x10000008                uwTickPrio
 .data.uwTickFreq
                0x1000000c        0x1 ./Drivers/STM32H7xx_HAL_Driver/stm32h7xx_hal.o
                0x1000000c                uwTickFreq
 *fill*         0x1000000d        0x3 
 .data.uxCriticalNesting
                0x10000010        0x4 ./Middlewares/FreeRTOS/port.o
 .data.__sglue  0x10000014        0xc /opt/st/stm32cubeide_2.1.1/plugins/com.st.stm32cube.ide.mcu.externaltools.gnu-tools-for-stm32.14.3.rel1.linux64_1.0.100.202602081740/tools/bin/../lib/gcc/arm-none-eabi/14.3.1/../../../../arm-none-eabi/lib/thumb/v7e-m+fp/hard/libc_nano.a(libc_a-findfp.o)
                0x10000014                __sglue
 .data._impure_ptr
                0x10000020        0x4 /opt/st/stm32cubeide_2.1.1/plugins/com.st.stm32cube.ide.mcu.externaltools.gnu-tools-for-stm32.14.3.rel1.linux64_1.0.100.202602081740/tools/bin/../lib/gcc/arm-none-eabi/14.3.1/../../../../arm-none-eabi/lib/thumb/v7e-m+fp/hard/libc_nano.a(libc_a-impure.o)
                0x10000020                _impure_ptr
 .data._impure_data
                0x10000024       0x4c /opt/st/stm32cubeide_2.1.1/plugins/com.st.stm32cube.ide.mcu.externaltools.gnu-tools-for-stm32.14.3.rel1.linux64_1.0.100.202602081740/tools/bin/../lib/gcc/arm-none-eabi/14.3.1/../../../../arm-none-eabi/lib/thumb/v7e-m+fp/hard/libc_nano.a(libc_a-impure.o)
                0x10000024                _impure_data
 .data.__global_locale
                0x10000070      0x16c /opt/st/stm32cubeide_2.1.1/plugins/com.st.stm32cube.ide.mcu.externaltools.gnu-tools-for-stm32.14.3.rel1.linux64_1.0.100.202602081740/tools/bin/../lib/gcc/arm-none-eabi/14.3.1/../../../../arm-none-eabi/lib/thumb/v7e-m+fp/hard/libc_nano.a(libc_a-locale.o)
                0x10000070                __global_locale
 *(.RamFunc)
 *(.RamFunc*)
                0x100001dc                        . = ALIGN (0x4)
                0x100001dc                        _edata = .

.igot.plt       0x100001dc        0x0 load address 0x0810e020
 .igot.plt      0x100001dc        0x0 /opt/st/stm32cubeide_2.1.1/plugins/com.st.stm32cube.ide.mcu.externaltools.gnu-tools-for-stm32.14.3.rel1.linux64_1.0.100.202602081740/tools/bin/../lib/gcc/arm-none-eabi/14.3.1/thumb/v7e-m+fp/hard/crtbegin.o
                0x100001dc                        . = ALIGN (0x4)

.bss            0x100001dc     0x4edc load address 0x0810e020
                0x100001dc                        _sbss = .
                0x100001dc                        __bss_start__ = _sbss
 *(.bss)
 .bss           0x100001dc       0x1c /opt/st/stm32cubeide_2.1.1/plugins/com.st.stm32cube.ide.mcu.externaltools.gnu-tools-for-stm32.14.3.rel1.linux64_1.0.100.202602081740/tools/bin/../lib/gcc/arm-none-eabi/14.3.1/thumb/v7e-m+fp/hard/crtbegin.o
 *(.bss*)
 .bss.hadc1     0x100001f8       0x64 ./Application/User/Core/main.o
                0x100001f8                hadc1
 .bss.hdma_adc1
                0x1000025c       0x78 ./Application/User/Core/main.o
                0x1000025c                hdma_adc1
 .bss.htim1     0x100002d4       0x4c ./Application/User/Core/main.o
                0x100002d4                htim1
 .bss.defaultTaskHandle
                0x10000320        0x4 ./Application/User/Core/main.o
                0x10000320                defaultTaskHandle
 .bss.taskDeImpressaoHandle
                0x10000324        0x4 ./Application/User/Core/main.o
                0x10000324                taskDeImpressaoHandle
 .bss.smImpressaoHandle
                0x10000328        0x4 ./Application/User/Core/main.o
                0x10000328                smImpressaoHandle
 .bss.htim7     0x1000032c       0x4c ./Application/User/Core/stm32h7xx_hal_timebase_tim.o
                0x1000032c                htim7
 .bss.__sbrk_heap_end
                0x10000378        0x4 ./Application/User/Core/sysmem.o
 .bss.uwTick    0x1000037c        0x4 ./Drivers/STM32H7xx_HAL_Driver/stm32h7xx_hal.o
                0x1000037c                uwTick
 .bss.KernelState
                0x10000380        0x4 ./Middlewares/FreeRTOS/cmsis_os2.o
 .bss.Idle_TCB.3
                0x10000384       0xa8 ./Middlewares/FreeRTOS/cmsis_os2.o
 .bss.Idle_Stack.2
                0x1000042c      0x200 ./Middlewares/FreeRTOS/cmsis_os2.o
 .bss.Timer_TCB.1
                0x1000062c       0xa8 ./Middlewares/FreeRTOS/cmsis_os2.o
 .bss.Timer_Stack.0
                0x100006d4      0x400 ./Middlewares/FreeRTOS/cmsis_os2.o
 .bss.ucHeap    0x10000ad4     0x3c00 ./Middlewares/FreeRTOS/heap_4.o
 .bss.xStart    0x100046d4        0x8 ./Middlewares/FreeRTOS/heap_4.o
 .bss.pxEnd     0x100046dc        0x4 ./Middlewares/FreeRTOS/heap_4.o
 .bss.xFreeBytesRemaining
                0x100046e0        0x4 ./Middlewares/FreeRTOS/heap_4.o
 .bss.xMinimumEverFreeBytesRemaining
                0x100046e4        0x4 ./Middlewares/FreeRTOS/heap_4.o
 .bss.xNumberOfSuccessfulAllocations
                0x100046e8        0x4 ./Middlewares/FreeRTOS/heap_4.o
 .bss.xNumberOfSuccessfulFrees
                0x100046ec        0x4 ./Middlewares/FreeRTOS/heap_4.o
 .bss.ucMaxSysCallPriority
                0x100046f0        0x1 ./Middlewares/FreeRTOS/port.o
 *fill*         0x100046f1        0x3 
 .bss.ulMaxPRIGROUPValue
                0x100046f4        0x4 ./Middlewares/FreeRTOS/port.o
 .bss.xQueueRegistry
                0x100046f8       0x40 ./Middlewares/FreeRTOS/queue.o
                0x100046f8                xQueueRegistry
 .bss.pxCurrentTCB
                0x10004738        0x4 ./Middlewares/FreeRTOS/tasks.o
                0x10004738                pxCurrentTCB
 .bss.pxReadyTasksLists
                0x1000473c      0x620 ./Middlewares/FreeRTOS/tasks.o
 .bss.xDelayedTaskList1
                0x10004d5c       0x1c ./Middlewares/FreeRTOS/tasks.o
 .bss.xDelayedTaskList2
                0x10004d78       0x1c ./Middlewares/FreeRTOS/tasks.o
 .bss.pxDelayedTaskList
                0x10004d94        0x4 ./Middlewares/FreeRTOS/tasks.o
 .bss.pxOverflowDelayedTaskList
                0x10004d98        0x4 ./Middlewares/FreeRTOS/tasks.o
 .bss.xPendingReadyList