Archive member included to satisfy reference by file (symbol)

/opt/st/stm32cubeide_2.1.1/plugins/com.st.stm32cube.ide.mcu.externaltools.gnu-tools-for-stm32.14.3.rel1.linux64_1.0.100.202602081740/tools/bin/../lib/gcc/arm-none-eabi/14.3.1/../../../../arm-none-eabi/lib/thumb/v7e-m+fp/hard/libc_nano.a(libc_a-exit.o)
                              /opt/st/stm32cubeide_2.1.1/plugins/com.st.stm32cube.ide.mcu.externaltools.gnu-tools-for-stm32.14.3.rel1.linux64_1.0.100.202602081740/tools/bin/../lib/gcc/arm-none-eabi/14.3.1/../../../../arm-none-eabi/lib/thumb/v7e-m+fp/hard/crt0.o (exit)
/opt/st/stm32cubeide_2.1.1/plugins/com.st.stm32cube.ide.mcu.externaltools.gnu-tools-for-stm32.14.3.rel1.linux64_1.0.100.202602081740/tools/bin/../lib/gcc/arm-none-eabi/14.3.1/../../../../arm-none-eabi/lib/thumb/v7e-m+fp/hard/libc_nano.a(libc_a-nano-vfprintf_float.o)
                              (_printf_float)
/opt/st/stm32cubeide_2.1.1/plugins/com.st.stm32cube.ide.mcu.externaltools.gnu-tools-for-stm32.14.3.rel1.linux64_1.0.100.202602081740/tools/bin/../lib/gcc/arm-none-eabi/14.3.1/../../../../arm-none-eabi/lib/thumb/v7e-m+fp/hard/libc_nano.a(libc_a-nano-vfprintf_i.o)
                              /opt/st/stm32cubeide_2.1.1/plugins/com.st.stm32cube.ide.mcu.externaltools.gnu-tools-for-stm32.14.3.rel1.linux64_1.0.100.202602081740/tools/bin/../lib/gcc/arm-none-eabi/14.3.1/../../../../arm-none-eabi/lib/thumb/v7e-m+fp/hard/libc_nano.a(libc_a-nano-vfprintf_float.o) (_printf_common)
/opt/st/stm32cubeide_2.1.1/plugins/com.st.stm32cube.ide.mcu.externaltools.gnu-tools-for-stm32.14.3.rel1.linux64_1.0.100.202602081740/tools/bin/../lib/gcc/arm-none-eabi/14.3.1/../../../../arm-none-eabi/lib/thumb/v7e-m+fp/hard/libc_nano.a(libc_a-findfp.o)
                              ./Middlewares/FreeRTOS/tasks.o (__sf)
/opt/st/stm32cubeide_2.1.1/plugins/com.st.stm32cube.ide.mcu.externaltools.gnu-tools-for-stm32.14.3.rel1.linux64_1.0.100.202602081740/tools/bin/../lib/gcc/arm-none-eabi/14.3.1/../../../../arm-none-eabi/lib/thumb/v7e-m+fp/hard/libc_nano.a(libc_a-fwalk.o)
                              /opt/st/stm32cubeide_2.1.1/plugins/com.st.stm32cube.ide.mcu.externaltools.gnu-tools-for-stm32.14.3.rel1.linux64_1.0.100.202602081740/tools/bin/../lib/gcc/arm-none-eabi/14.3.1/../../../../arm-none-eabi/lib/thumb/v7e-m+fp/hard/libc_nano.a(libc_a-findfp.o) (_fwalk_sglue)
/opt/st/stm32cubeide_2.1.1/plugins/com.st.stm32cube.ide.mcu.externaltools.gnu-tools-for-stm32.14.3.rel1.linux64_1.0.100.202602081740/tools/bin/../lib/gcc/arm-none-eabi/14.3.1/../../../../arm-none-eabi/lib/thumb/v7e-m+fp/hard/libc_nano.a(libc_a-stdio.o)
                              /opt/st/stm32cubeide_2.1.1/plugins/com.st.stm32cube.ide.mcu.externaltools.gnu-tools-for-stm32.14.3.rel1.linux64_1.0.100.202602081740/tools/bin/../lib/gcc/arm-none-eabi/14.3.1/../../../../arm-none-eabi/lib/thumb/v7e-m+fp/hard/libc_nano.a(libc_a-findfp.o) (__sread)
/opt/st/stm32cubeide_2.1.1/plugins/com.st.stm32cube.ide.mcu.externaltools.gnu-tools-for-stm32.14.3.rel1.linux64_1.0.100.202602081740/tools/bin/../lib/gcc/arm-none-eabi/14.3.1/../../../../arm-none-eabi/lib/thumb/v7e-m+fp/hard/libc_nano.a(libc_a-memset.o)
                              /opt/st/stm32cubeide_2.1.1/plugins/com.st.stm32cube.ide.mcu.externaltools.gnu-tools-for-stm32.14.3.rel1.linux64_1.0.100.202602081740/tools/bin/../lib/gcc/arm-none-eabi/14.3.1/../../../../arm-none-eabi/lib/thumb/v7e-m+fp/hard/crt0.o (memset)
/opt/st/stm32cubeide_2.1.1/plugins/com.st.stm32cube.ide.mcu.externaltools.gnu-tools-for-stm32.14.3.rel1.linux64_1.0.100.202602081740/tools/bin/../lib/gcc/arm-none-eabi/14.3.1/../../../../arm-none-eabi/lib/thumb/v7e-m+fp/hard/libc_nano.a(libc_a-localeconv.o)
                              /opt/st/stm32cubeide_2.1.1/plugins/com.st.stm32cube.ide.mcu.externaltools.gnu-tools-for-stm32.14.3.rel1.linux64_1.0.100.202602081740/tools/bin/../lib/gcc/arm-none-eabi/14.3.1/../../../../arm-none-eabi/lib/thumb/v7e-m+fp/hard/libc_nano.a(libc_a-nano-vfprintf_float.o) (_localeconv_r)
/opt/st/stm32cubeide_2.1.1/plugins/com.st.stm32cube.ide.mcu.externaltools.gnu-tools-for-stm32.14.3.rel1.linux64_1.0.100.202602081740/tools/bin/../lib/gcc/arm-none-eabi/14.3.1/../../../../arm-none-eabi/lib/thumb/v7e-m+fp/hard/libc_nano.a(libc_a-closer.o)
                              /opt/st/stm32cubeide_2.1.1/plugins/com.st.stm32cube.ide.mcu.externaltools.gnu-tools-for-stm32.14.3.rel1.linux64_1.0.100.202602081740/tools/bin/../lib/gcc/arm-none-eabi/14.3.1/../../../../arm-none-eabi/lib/thumb/v7e-m+fp/hard/libc_nano.a(libc_a-stdio.o) (_close_r)
/opt/st/stm32cubeide_2.1.1/plugins/com.st.stm32cube.ide.mcu.externaltools.gnu-tools-for-stm32.14.3.rel1.linux64_1.0.100.202602081740/tools/bin/../lib/gcc/arm-none-eabi/14.3.1/../../../../arm-none-eabi/lib/thumb/v7e-m+fp/hard/libc_nano.a(libc_a-reent.o)
                              ./Middlewares/FreeRTOS/tasks.o (_reclaim_reent)
[...]
Memory Configuration

Name             Origin             Length             Attributes
FLASH            0x08100000         0x00100000         xr
RAM              0x10000000         0x00048000         xrw
SRAM3            0x30040000         0x00008000         xrw
SRAM4            0x38000000         0x00010000         xrw
*default*        0x00000000         0xffffffff

Linker script and memory map

LOAD /opt/st/stm32cubeide_2.1.1/plugins/com.st.stm32cube.ide.mcu.externaltools.gnu-tools-for-stm32.14.3.rel1.linux64_1.0.100.202602081740/tools/bin/../lib/gcc/arm-none-eabi/14.3.1/thumb/v7e-m+fp/hard/crti.o
LOAD /opt/st/stm32cubeide_2.1.1/plugins/com.st.stm32cube.ide.mcu.externaltools.gnu-tools-for-stm32.14.3.rel1.linux64_1.0.100.202602081740/tools/bin/../lib/gcc/arm-none-eabi/14.3.1/thumb/v7e-m+fp/hard/crtbegin.o
LOAD /opt/st/stm32cubeide_2.1.1/plugins/com.st.stm32cube.ide.mcu.externaltools.gnu-tools-for-stm32.14.3.rel1.linux64_1.0.100.202602081740/tools/bin/../lib/gcc/arm-none-eabi/14.3.1/../../../../arm-none-eabi/lib/thumb/v7e-m+fp/hard/crt0.o
LOAD ./Application/User/Core/freertos.o
LOAD ./Application/User/Core/main.o
LOAD ./Application/User/Core/stm32h7xx_hal_msp.o
LOAD ./Application/User/Core/stm32h7xx_hal_timebase_tim.o
LOAD ./Application/User/Core/stm32h7xx_it.o
LOAD ./Application/User/Core/syscalls.o
LOAD ./Application/User/Core/sysmem.o
LOAD ./Application/User/Startup/startup_stm32h747xihx.o
LOAD ./Drivers/CMSIS/system_stm32h7xx_dualcore_boot_cm4_cm7.o
LOAD ./Drivers/STM32H7xx_HAL_Driver/stm32h7xx_hal.o
LOAD ./Drivers/STM32H7xx_HAL_Driver/stm32h7xx_hal_adc.o
LOAD ./Drivers/STM32H7xx_HAL_Driver/stm32h7xx_hal_adc_ex.o
LOAD ./Drivers/STM32H7xx_HAL_Driver/stm32h7xx_hal_cortex.o
LOAD ./Drivers/STM32H7xx_HAL_Driver/stm32h7xx_hal_dma.o
LOAD ./Drivers/STM32H7xx_HAL_Driver/stm32h7xx_hal_dma_ex.o
LOAD ./Drivers/STM32H7xx_HAL_Driver/stm32h7xx_hal_exti.o
LOAD ./Drivers/STM32H7xx_HAL_Driver/stm32h7xx_hal_flash.o
LOAD ./Drivers/STM32H7xx_HAL_Driver/stm32h7xx_hal_flash_ex.o
LOAD ./Drivers/STM32H7xx_HAL_Driver/stm32h7xx_hal_gpio.o
LOAD ./Drivers/STM32H7xx_HAL_Driver/stm32h7xx_hal_hsem.o
LOAD ./Drivers/STM32H7xx_HAL_Driver/stm32h7xx_hal_i2c.o
LOAD ./Drivers/STM32H7xx_HAL_Driver/stm32h7xx_hal_i2c_ex.o
LOAD ./Drivers/STM32H7xx_HAL_Driver/stm32h7xx_hal_mdma.o
LOAD ./Drivers/STM32H7xx_HAL_Driver/stm32h7xx_hal_pwr.o
LOAD ./Drivers/STM32H7xx_HAL_Driver/stm32h7xx_hal_pwr_ex.o
LOAD ./Drivers/STM32H7xx_HAL_Driver/stm32h7xx_hal_rcc.o
LOAD ./Drivers/STM32H7xx_HAL_Driver/stm32h7xx_hal_rcc_ex.o
LOAD ./Drivers/STM32H7xx_HAL_Driver/stm32h7xx_hal_tim.o
LOAD ./Drivers/STM32H7xx_HAL_Driver/stm32h7xx_hal_tim_ex.o
LOAD ./Middlewares/FreeRTOS/cmsis_os2.o
LOAD ./Middlewares/FreeRTOS/croutine.o
LOAD ./Middlewares/FreeRTOS/event_groups.o
LOAD ./Middlewares/FreeRTOS/heap_4.o
LOAD ./Middlewares/FreeRTOS/list.o
LOAD ./Middlewares/FreeRTOS/mpu_wrappers_v2.o
LOAD ./Middlewares/FreeRTOS/port.o
LOAD ./Middlewares/FreeRTOS/queue.o
LOAD ./Middlewares/FreeRTOS/stream_buffer.o
LOAD ./Middlewares/FreeRTOS/tasks.o
LOAD ./Middlewares/FreeRTOS/timers.o
START GROUP
LOAD /opt/st/stm32cubeide_2.1.1/plugins/com.st.stm32cube.ide.mcu.externaltools.gnu-tools-for-stm32.14.3.rel1.linux64_1.0.100.202602081740/tools/bin/../lib/gcc/arm-none-eabi/14.3.1/../../../../arm-none-eabi/lib/thumb/v7e-m+fp/hard/libc_nano.a
LOAD /opt/st/stm32cubeide_2.1.1/plugins/com.st.stm32cube.ide.mcu.externaltools.gnu-tools-for-stm32.14.3.rel1.linux64_1.0.100.202602081740/tools/bin/../lib/gcc/arm-none-eabi/14.3.1/../../../../arm-none-eabi/lib/thumb/v7e-m+fp/hard/libm.a
END GROUP
START GROUP
LOAD /opt/st/stm32cubeide_2.1.1/plugins/com.st.stm32cube.ide.mcu.externaltools.gnu-tools-for-stm32.14.3.rel1.linux64_1.0.100.202602081740/tools/bin/../lib/gcc/arm-none-eabi/14.3.1/thumb/v7e-m+fp/hard/libgcc.a
LOAD /opt/st/stm32cubeide_2.1.1/plugins/com.st.stm32cube.ide.mcu.externaltools.gnu-tools-for-stm32.14.3.rel1.linux64_1.0.100.202602081740/tools/bin/../lib/gcc/arm-none-eabi/14.3.1/../../../../arm-none-eabi/lib/thumb/v7e-m+fp/hard/libc_nano.a
END GROUP
START GROUP
LOAD /opt/st/stm32cubeide_2.1.1/plugins/com.st.stm32cube.ide.mcu.externaltools.gnu-tools-for-stm32.14.3.rel1.linux64_1.0.100.202602081740/tools/bin/../lib/gcc/arm-none-eabi/14.3.1/thumb/v7e-m+fp/hard/libgcc.a
LOAD /opt/st/stm32cubeide_2.1.1/plugins/com.st.stm32cube.ide.mcu.externaltools.gnu-tools-for-stm32.14.3.rel1.linux64_1.0.100.202602081740/tools/bin/../lib/gcc/arm-none-eabi/14.3.1/../../../../arm-none-eabi/lib/thumb/v7e-m+fp/hard/libc_nano.a
LOAD /opt/st/stm32cubeide_2.1.1/plugins/com.st.stm32cube.ide.mcu.externaltools.gnu-tools-for-stm32.14.3.rel1.linux64_1.0.100.202602081740/tools/bin/../lib/gcc/arm-none-eabi/14.3.1/../../../../arm-none-eabi/lib/thumb/v7e-m+fp/hard/libnosys.a
END GROUP
START GROUP
LOAD /opt/st/stm32cubeide_2.1.1/plugins/com.st.stm32cube.ide.mcu.externaltools.gnu-tools-for-stm32.14.3.rel1.linux64_1.0.100.202602081740/tools/bin/../lib/gcc/arm-none-eabi/14.3.1/thumb/v7e-m+fp/hard/libgcc.a
LOAD /opt/st/stm32cubeide_2.1.1/plugins/com.st.stm32cube.ide.mcu.externaltools.gnu-tools-for-stm32.14.3.rel1.linux64_1.0.100.202602081740/tools/bin/../lib/gcc/arm-none-eabi/14.3.1/../../../../arm-none-eabi/lib/thumb/v7e-m+fp/hard/libc_nano.a
LOAD /opt/st/stm32cubeide_2.1.1/plugins/com.st.stm32cube.ide.mcu.externaltools.gnu-tools-for-stm32.14.3.rel1.linux64_1.0.100.202602081740/tools/bin/../lib/gcc/arm-none-eabi/14.3.1/../../../../arm-none-eabi/lib/thumb/v7e-m+fp/hard/libnosys.a
END GROUP
LOAD /opt/st/stm32cubeide_2.1.1/plugins/com.st.stm32cube.ide.mcu.externaltools.gnu-tools-for-stm32.14.3.rel1.linux64_1.0.100.202602081740/tools/bin/../lib/gcc/arm-none-eabi/14.3.1/thumb/v7e-m+fp/hard/crtend.o
LOAD /opt/st/stm32cubeide_2.1.1/plugins/com.st.stm32cube.ide.mcu.externaltools.gnu-tools-for-stm32.14.3.rel1.linux64_1.0.100.202602081740/tools/bin/../lib/gcc/arm-none-eabi/14.3.1/thumb/v7e-m+fp/hard/crtn.o
                0x10048000                        _estack = (ORIGIN (RAM) + LENGTH (RAM))
                0x00001000                        _Min_Heap_Size = 0x1000
                0x00002000                        _Min_Stack_Size = 0x2000

.isr_vector     0x08100000      0x298
                0x08100000                        . = ALIGN (0x4)
 *(.isr_vector)
 .isr_vector    0x08100000      0x298 ./Application/User/Startup/startup_stm32h747xihx.o
                0x08100000                g_pfnVectors
                0x08100298                        . = ALIGN (0x4)

.text           0x081002a0     0xf058
                0x081002a0                        . = ALIGN (0x4)
 *(.text)
 .text          0x081002a0       0x40 /opt/st/stm32cubeide_2.1.1/plugins/com.st.stm32cube.ide.mcu.externaltools.gnu-tools-for-stm32.14.3.rel1.linux64_1.0.100.202602081740/tools/bin/../lib/gcc/arm-none-eabi/14.3.1/thumb/v7e-m+fp/hard/crtbegin.o
 .text          0x081002e0       0xa0 /opt/st/stm32cubeide_2.1.1/plugins/com.st.stm32cube.ide.mcu.externaltools.gnu-tools-for-stm32.14.3.rel1.linux64_1.0.100.202602081740/tools/bin/../lib/gcc/arm-none-eabi/14.3.1/../../../../arm-none-eabi/lib/thumb/v7e-m+fp/hard/libc_nano.a(libc_a-memchr.o)
                0x081002e0                memchr
 .text          0x08100380       0x10 /opt/st/stm32cubeide_2.1.1/plugins/com.st.stm32cube.ide.mcu.externaltools.gnu-tools-for-stm32.14.3.rel1.linux64_1.0.100.202602081740/tools/bin/../lib/gcc/arm-none-eabi/14.3.1/../../../../arm-none-eabi/lib/thumb/v7e-m+fp/hard/libc_nano.a(libc_a-strlen.o)
                0x08100380                strlen
 .text          0x08100390      0x378 /opt/st/stm32cubeide_2.1.1/plugins/com.st.stm32cube.ide.mcu.externaltools.gnu-tools-for-stm32.14.3.rel1.linux64_1.0.100.202602081740/tools/bin/../lib/gcc/arm-none-eabi/14.3.1/thumb/v7e-m+fp/hard/libgcc.a(_arm_addsubdf3.o)
                0x08100390                __aeabi_drsub
                0x08100398                __aeabi_dsub
                0x08100398                __subdf3
                0x0810039c                __adddf3
                0x0810039c                __aeabi_dadd
                0x08100614                __aeabi_ui2d
                0x08100614                __floatunsidf
                0x08100634                __floatsidf
                0x08100634                __aeabi_i2d
                0x08100658                __extendsfdf2
                0x08100658                __aeabi_f2d
                0x0810069c                __aeabi_ul2d
                0x0810069c                __floatundidf
                0x081006ac                __floatdidf
                0x081006ac                __aeabi_l2d
 .text          0x08100708      0x424 /opt/st/stm32cubeide_2.1.1/plugins/com.st.stm32cube.ide.mcu.externaltools.gnu-tools-for-stm32.14.3.rel1.linux64_1.0.100.202602081740/tools/bin/../lib/gcc/arm-none-eabi/14.3.1/thumb/v7e-m+fp/hard/libgcc.a(_arm_muldivdf3.o)
                0x08100708                __aeabi_dmul
                0x08100708                __muldf3
                0x0810095c                __aeabi_ddiv
                0x0810095c                __divdf3
 .text          0x08100b2c      0x110 /opt/st/stm32cubeide_2.1.1/plugins/com.st.stm32cube.ide.mcu.externaltools.gnu-tools-for-stm32.14.3.rel1.linux64_1.0.100.202602081740/tools/bin/../lib/gcc/arm-none-eabi/14.3.1/thumb/v7e-m+fp/hard/libgcc.a(_arm_cmpdf2.o)
                0x08100b2c                __gtdf2
                0x08100b2c                __gedf2
                0x08100b34                __ltdf2
                0x08100b34                __ledf2
                0x08100b3c                __cmpdf2
                0x08100b3c                __eqdf2
                0x08100b3c                __nedf2
                0x08100bb8                __aeabi_cdrcmple
                0x08100bc8                __aeabi_cdcmple
                0x08100bc8                __aeabi_cdcmpeq
                0x08100bd8                __aeabi_dcmpeq
                0x08100bec                __aeabi_dcmplt
                0x08100c00                __aeabi_dcmple
                0x08100c14                __aeabi_dcmpge
                0x08100c28                __aeabi_dcmpgt
 .text          0x08100c3c       0x2c /opt/st/stm32cubeide_2.1.1/plugins/com.st.stm32cube.ide.mcu.externaltools.gnu-tools-for-stm32.14.3.rel1.linux64_1.0.100.202602081740/tools/bin/../lib/gcc/arm-none-eabi/14.3.1/thumb/v7e-m+fp/hard/libgcc.a(_arm_unorddf2.o)
                0x08100c3c                __aeabi_dcmpun
                0x08100c3c                __unorddf2
 .text          0x08100c68       0x50 /opt/st/stm32cubeide_2.1.1/plugins/com.st.stm32cube.ide.mcu.externaltools.gnu-tools-for-stm32.14.3.rel1.linux64_1.0.100.202602081740/tools/bin/../lib/gcc/arm-none-eabi/14.3.1/thumb/v7e-m+fp/hard/libgcc.a(_arm_fixdfsi.o)
                0x08100c68                __fixdfsi
                0x08100c68                __aeabi_d2iz
 *(.text*)
 .text.main     0x08100cb8      0x104 ./Application/User/Core/main.o
                0x08100cb8                main
 .text.MX_ADC1_Init
                0x08100dbc      0x120 ./Application/User/Core/main.o
 .text.MX_TIM1_Init
                0x08100edc       0xa8 ./Application/User/Core/main.o
 .text.MX_DMA_Init
                0x08100f84       0x40 ./Application/User/Core/main.o
 .text.MX_GPIO_Init
                0x08100fc4       0xa8 ./Application/User/Core/main.o
 .text.HAL_ADC_ConvHalfCpltCallback
                0x0810106c       0x38 ./Application/User/Core/main.o
                0x0810106c                HAL_ADC_ConvHalfCpltCallback
 .text.HAL_ADC_ConvCpltCallback
                0x081010a4       0x38 ./Application/User/Core/main.o
                0x081010a4                HAL_ADC_ConvCpltCallback
 .text.StartDefaultTask
                0x081010dc       0x10 ./Application/User/Core/main.o
                0x081010dc                StartDefaultTask
 .text.MPU_Config
                0x081010ec       0x7c ./Application/User/Core/main.o
 .text.HAL_TIM_PeriodElapsedCallback
                0x08101168       0x24 ./Application/User/Core/main.o
                0x08101168                HAL_TIM_PeriodElapsedCallback
 .text.Error_Handler
                0x0810118c        0xc ./Application/User/Core/main.o
                0x0810118c                Error_Handler
 .text.HAL_MspInit
                0x08101198       0x3c ./Application/User/Core/stm32h7xx_hal_msp.o
                0x08101198                HAL_MspInit
 .text.HAL_ADC_MspInit
                0x081011d4      0x1a0 ./Application/User/Core/stm32h7xx_hal_msp.o
                0x081011d4                HAL_ADC_MspInit
 .text.HAL_TIM_Base_MspInit
                0x08101374       0x44 ./Application/User/Core/stm32h7xx_hal_msp.o
                0x08101374                HAL_TIM_Base_MspInit
 .text.HAL_InitTick
                0x081013b8       0xd8 ./Application/User/Core/stm32h7xx_hal_timebase_tim.o
                0x081013b8                HAL_InitTick
 .text.NMI_Handler
                0x08101490        0x8 ./Application/User/Core/stm32h7xx_it.o
                0x08101490                NMI_Handler
 .text.HardFault_Handler
                0x08101498        0x8 ./Application/User/Core/stm32h7xx_it.o
                0x08101498                HardFault_Handler
 .text.MemManage_Handler
                0x081014a0        0x8 ./Application/User/Core/stm32h7xx_it.o
                0x081014a0                MemManage_Handler
 .text.BusFault_Handler
                0x081014a8        0x8 ./Application/User/Core/stm32h7xx_it.o
                0x081014a8                BusFault_Handler
 .text.UsageFault_Handler
                0x081014b0        0x8 ./Application/User/Core/stm32h7xx_it.o
                0x081014b0                UsageFault_Handler
 .text.DebugMon_Handler
                0x081014b8        0xe ./Application/User/Core/stm32h7xx_it.o
                0x081014b8                DebugMon_Handler
 *fill*         0x081014c6        0x2 
 .text.DMA1_Stream0_IRQHandler
                0x081014c8       0x14 ./Application/User/Core/stm32h7xx_it.o
                0x081014c8                DMA1_Stream0_IRQHandler
 .text.ADC_IRQHandler
                0x081014dc       0x14 ./Application/User/Core/stm32h7xx_it.o
                0x081014dc                ADC_IRQHandler
 .text.TIM7_IRQHandler
                0x081014f0       0x14 ./Application/User/Core/stm32h7xx_it.o
                0x081014f0                TIM7_IRQHandler
 .text._getpid  0x08101504       0x10 ./Application/User/Core/syscalls.o
                0x08101504                _getpid
 .text._kill    0x08101514       0x20 ./Application/User/Core/syscalls.o
                0x08101514                _kill
 .text._exit    0x08101534       0x16 ./Application/User/Core/syscalls.o
                0x08101534                _exit
 .text._read    0x0810154a       0x3a ./Application/User/Core/syscalls.o
                0x0810154a                _read
 .text._write   0x08101584       0x38 ./Application/User/Core/syscalls.o
                0x08101584                _write
 .text._close   0x081015bc       0x18 ./Application/User/Core/syscalls.o
                0x081015bc                _close
 .text._fstat   0x081015d4       0x20 ./Application/User/Core/syscalls.o
                0x081015d4                _fstat
 .text._isatty  0x081015f4       0x16 ./Application/User/Core/syscalls.o
                0x081015f4                _isatty
 .text._lseek   0x0810160a       0x1a ./Application/User/Core/syscalls.o
                0x0810160a                _lseek
 .text._sbrk    0x08101624       0x6c ./Application/User/Core/sysmem.o
                0x08101624                _sbrk
 .text.Reset_Handler
                0x08101690       0x54 ./Application/User/Startup/startup_stm32h747xihx.o
                0x08101690                Reset_Handler
 .text.Default_Handler
                0x081016e4        0x2 ./Application/User/Startup/startup_stm32h747xihx.o
                0x081016e4                RTC_Alarm_IRQHandler
                0x081016e4                EXTI2_IRQHandler
                0x081016e4                TIM8_CC_IRQHandler
                0x081016e4                HRTIM1_Master_IRQHandler
                0x081016e4                UART8_IRQHandler
                0x081016e4                SPI4_IRQHandler
                0x081016e4                TIM1_CC_IRQHandler
                0x081016e4                BDMA_Channel6_IRQHandler
                0x081016e4                DMA2_Stream5_IRQHandler
                0x081016e4                HRTIM1_FLT_IRQHandler
                0x081016e4                JPEG_IRQHandler
                0x081016e4                DMA1_Stream5_IRQHandler
                0x081016e4                BDMA_Channel1_IRQHandler
                0x081016e4                HRTIM1_TIMD_IRQHandler
                0x081016e4                TAMP_STAMP_IRQHandler
                0x081016e4                EXTI3_IRQHandler
                0x081016e4                LPTIM4_IRQHandler
                0x081016e4                TIM8_TRG_COM_TIM14_IRQHandler
                0x081016e4                LPTIM2_IRQHandler
                0x081016e4                DFSDM1_FLT1_IRQHandler
                0x081016e4                DMAMUX2_OVR_IRQHandler
                0x081016e4                TIM8_UP_TIM13_IRQHandler
                0x081016e4                I2C3_ER_IRQHandler
                0x081016e4                DFSDM1_FLT2_IRQHandler
                0x081016e4                MDMA_IRQHandler
                0x081016e4                LPTIM3_IRQHandler
                0x081016e4                HSEM1_IRQHandler
                0x081016e4                EXTI0_IRQHandler
                0x081016e4                I2C2_EV_IRQHandler
                0x081016e4                DMA1_Stream2_IRQHandler
                0x081016e4                FPU_IRQHandler
                0x081016e4                OTG_HS_WKUP_IRQHandler
                0x081016e4                FDCAN1_IT1_IRQHandler
                0x081016e4                LTDC_ER_IRQHandler
                0x081016e4                DMA2_Stream2_IRQHandler
                0x081016e4                HRTIM1_TIME_IRQHandler
                0x081016e4                SPI1_IRQHandler
                0x081016e4                TIM6_DAC_IRQHandler
                0x081016e4                DCMI_IRQHandler
                0x081016e4                HRTIM1_TIMC_IRQHandler
                0x081016e4                DMA2_Stream3_IRQHandler
                0x081016e4                SAI2_IRQHandler
                0x081016e4                DFSDM1_FLT3_IRQHandler
                0x081016e4                USART6_IRQHandler
                0x081016e4                TIM17_IRQHandler
                0x081016e4                USART3_IRQHandler
                0x081016e4                BDMA_Channel7_IRQHandler
                0x081016e4                LPTIM5_IRQHandler
                0x081016e4                UART5_IRQHandler
                0x081016e4                ADC3_IRQHandler
                0x081016e4                DMA2_Stream0_IRQHandler
                0x081016e4                TIM4_IRQHandler
                0x081016e4                BDMA_Channel2_IRQHandler
                0x081016e4                QUADSPI_IRQHandler
                0x081016e4                I2C1_EV_IRQHandler
                0x081016e4                DMA1_Stream6_IRQHandler
                0x081016e4                DMAMUX1_OVR_IRQHandler
                0x081016e4                DMA1_Stream1_IRQHandler
                0x081016e4                TIM16_IRQHandler
                0x081016e4                UART4_IRQHandler
                0x081016e4                BDMA_Channel5_IRQHandler
                0x081016e4                TIM3_IRQHandler
                0x081016e4                RCC_IRQHandler
                0x081016e4                TIM8_BRK_TIM12_IRQHandler
                0x081016e4                TIM1_TRG_COM_IRQHandler
                0x081016e4                Default_Handler
                0x081016e4                ECC_IRQHandler
                0x081016e4                CEC_IRQHandler
                0x081016e4                EXTI15_10_IRQHandler
                0x081016e4                BDMA_Channel0_IRQHandler
                0x081016e4                DMA1_Stream7_IRQHandler
                0x081016e4                HRTIM1_TIMA_IRQHandler
                0x081016e4                SPI5_IRQHandler
                0x081016e4                SDMMC1_IRQHandler
                0x081016e4                TIM5_IRQHandler
                0x081016e4                DMA2_Stream7_IRQHandler
                0x081016e4                TIM15_IRQHandler
                0x081016e4                PVD_AVD_IRQHandler
                0x081016e4                I2C3_EV_IRQHandler
                0x081016e4                EXTI9_5_IRQHandler
                0x081016e4                RTC_WKUP_IRQHandler
                0x081016e4                LTDC_IRQHandler
                0x081016e4                SAI3_IRQHandler
                0x081016e4                ETH_WKUP_IRQHandler
                0x081016e4                SPDIF_RX_IRQHandler
                0x081016e4                SPI2_IRQHandler
                0x081016e4                OTG_HS_EP1_IN_IRQHandler
                0x081016e4                CRS_IRQHandler
                0x081016e4                CM7_SEV_IRQHandler
                0x081016e4                EXTI4_IRQHandler
                0x081016e4                RNG_IRQHandler
                0x081016e4                CM4_SEV_IRQHandler
                0x081016e4                HRTIM1_TIMB_IRQHandler
                0x081016e4                FDCAN2_IT1_IRQHandler
                0x081016e4                DSI_IRQHandler
                0x081016e4                ETH_IRQHandler
                0x081016e4                TIM1_UP_IRQHandler
                0x081016e4                WWDG_RST_IRQHandler
                0x081016e4                BDMA_Channel4_IRQHandler
                0x081016e4                OTG_HS_EP1_OUT_IRQHandler
                0x081016e4                WWDG_IRQHandler
                0x081016e4                SPI6_IRQHandler
                0x081016e4                MDIOS_IRQHandler
                0x081016e4                I2C4_EV_IRQHandler
                0x081016e4                FDCAN2_IT0_IRQHandler
                0x081016e4                LPUART1_IRQHandler
                0x081016e4                FDCAN1_IT0_IRQHandler
                0x081016e4                TIM2_IRQHandler
                0x081016e4                OTG_FS_WKUP_IRQHandler
                0x081016e4                OTG_HS_IRQHandler
                0x081016e4                HSEM2_IRQHandler
                0x081016e4                DMA2D_IRQHandler
                0x081016e4                TIM1_BRK_IRQHandler
                0x081016e4                EXTI1_IRQHandler
                0x081016e4                SDMMC2_IRQHandler
                0x081016e4                OTG_FS_EP1_OUT_IRQHandler
                0x081016e4                BDMA_Channel3_IRQHandler
                0x081016e4                HOLD_CORE_IRQHandler
                0x081016e4                UART7_IRQHandler
                0x081016e4                MDIOS_WKUP_IRQHandler
                0x081016e4                USART2_IRQHandler
                0x081016e4                DFSDM1_FLT0_IRQHandler
                0x081016e4                SAI4_IRQHandler
                0x081016e4                I2C2_ER_IRQHandler
                0x081016e4                DMA2_Stream1_IRQHandler
                0x081016e4                FLASH_IRQHandler
                0x081016e4                DMA2_Stream4_IRQHandler
                0x081016e4                USART1_IRQHandler
                0x081016e4                OTG_FS_IRQHandler
                0x081016e4                SPI3_IRQHandler
                0x081016e4                WAKEUP_PIN_IRQHandler
                0x081016e4                DMA1_Stream4_IRQHandler
                0x081016e4                OTG_FS_EP1_IN_IRQHandler
                0x081016e4                I2C1_ER_IRQHandler
                0x081016e4                FMC_IRQHandler
                0x081016e4                FDCAN_CAL_IRQHandler
                0x081016e4                SWPMI1_IRQHandler
                0x081016e4                COMP1_IRQHandler
                0x081016e4                LPTIM1_IRQHandler
                0x081016e4                I2C4_ER_IRQHandler
                0x081016e4                DMA2_Stream6_IRQHandler
                0x081016e4                SAI1_IRQHandler
                0x081016e4                DMA1_Stream3_IRQHandler
 *fill*         0x081016e6        0x2 
 .text.SystemInit
                0x081016e8       0x30 ./Drivers/CMSIS/system_stm32h7xx_dualcore_boot_cm4_cm7.o
                0x081016e8                SystemInit
 .text.ExitRun0Mode
                0x08101718       0x1c ./Drivers/CMSIS/system_stm32h7xx_dualcore_boot_cm4_cm7.o
                0x08101718                ExitRun0Mode
 .text.HAL_Init
                0x08101734       0xbc ./Drivers/STM32H7xx_HAL_Driver/stm32h7xx_hal.o
                0x08101734                HAL_Init
 .text.HAL_IncTick
                0x081017f0       0x28 ./Drivers/STM32H7xx_HAL_Driver/stm32h7xx_hal.o
                0x081017f0                HAL_IncTick
 .text.HAL_GetTick
                0x08101818       0x18 ./Drivers/STM32H7xx_HAL_Driver/stm32h7xx_hal.o
                0x08101818                HAL_GetTick
 .text.HAL_GetREVID
                0x08101830       0x18 ./Drivers/STM32H7xx_HAL_Driver/stm32h7xx_hal.o
                0x08101830                HAL_GetREVID
 .text.LL_ADC_SetCommonClock
                0x08101848       0x26 ./Drivers/STM32H7xx_HAL_Driver/stm32h7xx_hal_adc.o
 .text.LL_ADC_SetCommonPathInternalCh
                0x0810186e       0x26 ./Drivers/STM32H7xx_HAL_Driver/stm32h7xx_hal_adc.o
 .text.LL_ADC_GetCommonPathInternalCh
                0x08101894       0x1c ./Drivers/STM32H7xx_HAL_Driver/stm32h7xx_hal_adc.o
 .text.LL_ADC_SetChannelPreselection
                0x081018b0       0x66 ./Drivers/STM32H7xx_HAL_Driver/stm32h7xx_hal_adc.o
 .text.LL_ADC_SetOffset
                0x08101916       0x40 ./Drivers/STM32H7xx_HAL_Driver/stm32h7xx_hal_adc.o
 .text.LL_ADC_SetDataRightShift
                0x08101956       0x32 ./Drivers/STM32H7xx_HAL_Driver/stm32h7xx_hal_adc.o
 .text.LL_ADC_SetOffsetSignedSaturation
                0x08101988       0x36 ./Drivers/STM32H7xx_HAL_Driver/stm32h7xx_hal_adc.o
 .text.LL_ADC_REG_IsTriggerSourceSWStart
                0x081019be       0x26 ./Drivers/STM32H7xx_HAL_Driver/stm32h7xx_hal_adc.o
 .text.LL_ADC_REG_SetSequencerRanks
                0x081019e4       0x58 ./Drivers/STM32H7xx_HAL_Driver/stm32h7xx_hal_adc.o
 .text.LL_ADC_REG_SetDataTransferMode
                0x08101a3c       0x26 ./Drivers/STM32H7xx_HAL_Driver/stm32h7xx_hal_adc.o
 .text.LL_ADC_INJ_IsTriggerSourceSWStart
                0x08101a62       0x26 ./Drivers/STM32H7xx_HAL_Driver/stm32h7xx_hal_adc.o
 .text.LL_ADC_SetChannelSamplingTime
                0x08101a88       0x56 ./Drivers/STM32H7xx_HAL_Driver/stm32h7xx_hal_adc.o
 *fill*         0x08101ade        0x2 
 .text.LL_ADC_SetChannelSingleDiff
                0x08101ae0       0x48 ./Drivers/STM32H7xx_HAL_Driver/stm32h7xx_hal_adc.o
 .text.LL_ADC_GetMultimode
                0x08101b28       0x1c ./Drivers/STM32H7xx_HAL_Driver/stm32h7xx_hal_adc.o
 .text.LL_ADC_GetMultiDMATransfer
                0x08101b44       0x1c ./Drivers/STM32H7xx_HAL_Driver/stm32h7xx_hal_adc.o
 .text.LL_ADC_DisableDeepPowerDown
                0x08101b60       0x24 ./Drivers/STM32H7xx_HAL_Driver/stm32h7xx_hal_adc.o
 .text.LL_ADC_IsDeepPowerDownEnabled
                0x08101b84       0x28 ./Drivers/STM32H7xx_HAL_Driver/stm32h7xx_hal_adc.o
 .text.LL_ADC_EnableInternalRegulator
                0x08101bac       0x28 ./Drivers/STM32H7xx_HAL_Driver/stm32h7xx_hal_adc.o
 .text.LL_ADC_IsInternalRegulatorEnabled
                0x08101bd4       0x28 ./Drivers/STM32H7xx_HAL_Driver/stm32h7xx_hal_adc.o
 .text.LL_ADC_Enable
                0x08101bfc       0x28 ./Drivers/STM32H7xx_HAL_Driver/stm32h7xx_hal_adc.o
 .text.LL_ADC_Disable
                0x08101c24       0x28 ./Drivers/STM32H7xx_HAL_Driver/stm32h7xx_hal_adc.o
 .text.LL_ADC_IsEnabled
                0x08101c4c       0x26 ./Drivers/STM32H7xx_HAL_Driver/stm32h7xx_hal_adc.o
 .text.LL_ADC_IsDisableOngoing
                0x08101c72       0x26 ./Drivers/STM32H7xx_HAL_Driver/stm32h7xx_hal_adc.o
 .text.LL_ADC_REG_StartConversion
                0x08101c98       0x28 ./Drivers/STM32H7xx_HAL_Driver/stm32h7xx_hal_adc.o
 .text.LL_ADC_REG_IsConversionOngoing
                0x08101cc0       0x26 ./Drivers/STM32H7xx_HAL_Driver/stm32h7xx_hal_adc.o
 .text.LL_ADC_INJ_IsConversionOngoing
                0x08101ce6       0x26 ./Drivers/STM32H7xx_HAL_Driver/stm32h7xx_hal_adc.o
 .text.HAL_ADC_Init
                0x08101d0c      0x344 ./Drivers/STM32H7xx_HAL_Driver/stm32h7xx_hal_adc.o
                0x08101d0c                HAL_ADC_Init
 .text.HAL_ADC_Start_DMA
                0x08102050      0x188 ./Drivers/STM32H7xx_HAL_Driver/stm32h7xx_hal_adc.o
                0x08102050                HAL_ADC_Start_DMA
 .text.HAL_ADC_IRQHandler
                0x081021d8      0x474 ./Drivers/STM32H7xx_HAL_Driver/stm32h7xx_hal_adc.o
                0x081021d8                HAL_ADC_IRQHandler
 .text.HAL_ADC_LevelOutOfWindowCallback
                0x0810264c       0x14 ./Drivers/STM32H7xx_HAL_Driver/stm32h7xx_hal_adc.o
                0x0810264c                HAL_ADC_LevelOutOfWindowCallback
 .text.HAL_ADC_ErrorCallback
                0x08102660       0x14 ./Drivers/STM32H7xx_HAL_Driver/stm32h7xx_hal_adc.o
                0x08102660                HAL_ADC_ErrorCallback
 .text.HAL_ADC_ConfigChannel
                0x08102674      0x5e0 ./Drivers/STM32H7xx_HAL_Driver/stm32h7xx_hal_adc.o
                0x08102674                HAL_ADC_ConfigChannel
 .text.ADC_Enable
                0x08102c54      0x114 ./Drivers/STM32H7xx_HAL_Driver/stm32h7xx_hal_adc.o
                0x08102c54                ADC_Enable
 .text.ADC_Disable
                0x08102d68       0xbe ./Drivers/STM32H7xx_HAL_Driver/stm32h7xx_hal_adc.o
                0x08102d68                ADC_Disable
 .text.ADC_DMAConvCplt
                0x08102e26       0xd8 ./Drivers/STM32H7xx_HAL_Driver/stm32h7xx_hal_adc.o
                0x08102e26                ADC_DMAConvCplt
 .text.ADC_DMAHalfConvCplt
                0x08102efe       0x1c ./Drivers/STM32H7xx_HAL_Driver/stm32h7xx_hal_adc.o
                0x08102efe                ADC_DMAHalfConvCplt
 .text.ADC_DMAError
                0x08102f1a       0x34 ./Drivers/STM32H7xx_HAL_Driver/stm32h7xx_hal_adc.o
                0x08102f1a                ADC_DMAError
 *fill*         0x08102f4e        0x2 
 .text.ADC_ConfigureBoostMode
                0x08102f50      0x218 ./Drivers/STM32H7xx_HAL_Driver/stm32h7xx_hal_adc.o
                0x08102f50                ADC_ConfigureBoostMode
 .text.LL_ADC_IsEnabled
                0x08103168       0x26 ./Drivers/STM32H7xx_HAL_Driver/stm32h7xx_hal_adc_ex.o
 *fill*         0x0810318e        0x2 
 .text.LL_ADC_StartCalibration
                0x08103190       0x3c ./Drivers/STM32H7xx_HAL_Driver/stm32h7xx_hal_adc_ex.o
 .text.LL_ADC_IsCalibrationOnGoing
                0x081031cc       0x28 ./Drivers/STM32H7xx_HAL_Driver/stm32h7xx_hal_adc_ex.o
 .text.LL_ADC_REG_IsConversionOngoing
                0x081031f4       0x26 ./Drivers/STM32H7xx_HAL_Driver/stm32h7xx_hal_adc_ex.o
 *fill*         0x0810321a        0x2 
 .text.HAL_ADCEx_Calibration_Start
                0x0810321c       0xc8 ./Drivers/STM32H7xx_HAL_Driver/stm32h7xx_hal_adc_ex.o
                0x0810321c                HAL_ADCEx_Calibration_Start
 .text.HAL_ADCEx_InjectedConvCpltCallback
                0x081032e4       0x14 ./Drivers/STM32H7xx_HAL_Driver/stm32h7xx_hal_adc_ex.o
                0x081032e4                HAL_ADCEx_InjectedConvCpltCallback
 .text.HAL_ADCEx_InjectedQueueOverflowCallback
                0x081032f8       0x14 ./Drivers/STM32H7xx_HAL_Driver/stm32h7xx_hal_adc_ex.o
                0x081032f8                HAL_ADCEx_InjectedQueueOverflowCallback
 .text.HAL_ADCEx_LevelOutOfWindow2Callback
                0x0810330c       0x14 ./Drivers/STM32H7xx_HAL_Driver/stm32h7xx_hal_adc_ex.o
                0x0810330c                HAL_ADCEx_LevelOutOfWindow2Callback
 .text.HAL_ADCEx_LevelOutOfWindow3Callback
                0x08103320       0x14 ./Drivers/STM32H7xx_HAL_Driver/stm32h7xx_hal_adc_ex.o
                0x08103320                HAL_ADCEx_LevelOutOfWindow3Callback
 .text.HAL_ADCEx_EndOfSamplingCallback
                0x08103334       0x14 ./Drivers/STM32H7xx_HAL_Driver/stm32h7xx_hal_adc_ex.o
                0x08103334                HAL_ADCEx_EndOfSamplingCallback
 .text.HAL_ADCEx_MultiModeConfigChannel
                0x08103348      0x1c4 ./Drivers/STM32H7xx_HAL_Driver/stm32h7xx_hal_adc_ex.o
                0x08103348                HAL_ADCEx_MultiModeConfigChannel
 .text.__NVIC_SetPriorityGrouping
                0x0810350c       0x48 ./Drivers/STM32H7xx_HAL_Driver/stm32h7xx_hal_cortex.o
 .text.__NVIC_GetPriorityGrouping
                0x08103554       0x1c ./Drivers/STM32H7xx_HAL_Driver/stm32h7xx_hal_cortex.o
 .text.__NVIC_EnableIRQ
                0x08103570       0x3c ./Drivers/STM32H7xx_HAL_Driver/stm32h7xx_hal_cortex.o
 .text.__NVIC_SetPriority
                0x081035ac       0x54 ./Drivers/STM32H7xx_HAL_Driver/stm32h7xx_hal_cortex.o
 .text.NVIC_EncodePriority
                0x08103600       0x66 ./Drivers/STM32H7xx_HAL_Driver/stm32h7xx_hal_cortex.o
 .text.HAL_NVIC_SetPriorityGrouping
                0x08103666       0x16 ./Drivers/STM32H7xx_HAL_Driver/stm32h7xx_hal_cortex.o
                0x08103666                HAL_NVIC_SetPriorityGrouping
 .text.HAL_NVIC_SetPriority
                0x0810367c       0x34 ./Drivers/STM32H7xx_HAL_Driver/stm32h7xx_hal_cortex.o
                0x0810367c                HAL_NVIC_SetPriority
 .text.HAL_NVIC_EnableIRQ
                0x081036b0       0x1c ./Drivers/STM32H7xx_HAL_Driver/stm32h7xx_hal_cortex.o
                0x081036b0                HAL_NVIC_EnableIRQ
 .text.HAL_MPU_Disable
                0x081036cc       0x30 ./Drivers/STM32H7xx_HAL_Driver/stm32h7xx_hal_cortex.o
                0x081036cc                HAL_MPU_Disable
 .text.HAL_MPU_Enable
                0x081036fc       0x40 ./Drivers/STM32H7xx_HAL_Driver/stm32h7xx_hal_cortex.o
                0x081036fc                HAL_MPU_Enable
 .text.HAL_MPU_ConfigRegion
                0x0810373c       0x80 ./Drivers/STM32H7xx_HAL_Driver/stm32h7xx_hal_cortex.o
                0x0810373c                HAL_MPU_ConfigRegion
 .text.HAL_GetCurrentCPUID
                0x081037bc       0x24 ./Drivers/STM32H7xx_HAL_Driver/stm32h7xx_hal_cortex.o
                0x081037bc                HAL_GetCurrentCPUID
 .text.HAL_DMA_Init
                0x081037e0      0x6b4 ./Drivers/STM32H7xx_HAL_Driver/stm32h7xx_hal_dma.o
                0x081037e0                HAL_DMA_Init
 .text.HAL_DMA_Start_IT
                0x08103e94      0x4d4 ./Drivers/STM32H7xx_HAL_Driver/stm32h7xx_hal_dma.o
                0x08103e94                HAL_DMA_Start_IT
 .text.HAL_DMA_IRQHandler
                0x08104368      0xe54 ./Drivers/STM32H7xx_HAL_Driver/stm32h7xx_hal_dma.o
                0x08104368                HAL_DMA_IRQHandler
 .text.DMA_SetConfig
                0x081051bc      0x358 ./Drivers/STM32H7xx_HAL_Driver/stm32h7xx_hal_dma.o
 .text.DMA_CalcBaseAndBitshift
                0x08105514      0x164 ./Drivers/STM32H7xx_HAL_Driver/stm32h7xx_hal_dma.o
 .text.DMA_CheckFifoParam
                0x08105678       0xf8 ./Drivers/STM32H7xx_HAL_Driver/stm32h7xx_hal_dma.o
 .text.DMA_CalcDMAMUXChannelBaseAndMask
                0x08105770      0x134 ./Drivers/STM32H7xx_HAL_Driver/stm32h7xx_hal_dma.o
 .text.DMA_CalcDMAMUXRequestGenBaseAndMask
                0x081058a4       0xe8 ./Drivers/STM32H7xx_HAL_Driver/stm32h7xx_hal_dma.o
 .text.HAL_GPIO_Init
                0x0810598c      0x374 ./Drivers/STM32H7xx_HAL_Driver/stm32h7xx_hal_gpio.o
                0x0810598c                HAL_GPIO_Init
 .text.HAL_GPIO_WritePin
                0x08105d00       0x32 ./Drivers/STM32H7xx_HAL_Driver/stm32h7xx_hal_gpio.o
                0x08105d00                HAL_GPIO_WritePin
 .text.HAL_GPIO_TogglePin
                0x08105d32       0x34 ./Drivers/STM32H7xx_HAL_Driver/stm32h7xx_hal_gpio.o
                0x08105d32                HAL_GPIO_TogglePin
 *fill*         0x08105d66        0x2 
 .text.HAL_HSEM_Take
                0x08105d68       0x48 ./Drivers/STM32H7xx_HAL_Driver/stm32h7xx_hal_hsem.o
                0x08105d68                HAL_HSEM_Take
 .text.HAL_HSEM_Release
                0x08105db0       0x28 ./Drivers/STM32H7xx_HAL_Driver/stm32h7xx_hal_hsem.o
                0x08105db0                HAL_HSEM_Release
 .text.HAL_HSEM_ActivateNotification
                0x08105dd8       0x24 ./Drivers/STM32H7xx_HAL_Driver/stm32h7xx_hal_hsem.o
                0x08105dd8                HAL_HSEM_ActivateNotification
 .text.HAL_PWREx_EnterSTOPMode
                0x08105dfc       0xf4 ./Drivers/STM32H7xx_HAL_Driver/stm32h7xx_hal_pwr_ex.o
                0x08105dfc                HAL_PWREx_EnterSTOPMode
 .text.HAL_PWREx_ClearPendingEvent
                0x08105ef0       0x1a ./Drivers/STM32H7xx_HAL_Driver/stm32h7xx_hal_pwr_ex.o
                0x08105ef0                HAL_PWREx_ClearPendingEvent
 *fill*         0x08105f0a        0x2 
 .text.HAL_RCC_GetSysClockFreq
                0x08105f0c      0x2f4 ./Drivers/STM32H7xx_HAL_Driver/stm32h7xx_hal_rcc.o
                0x08105f0c                HAL_RCC_GetSysClockFreq
 .text.HAL_RCC_GetHCLKFreq
                0x08106200       0x64 ./Drivers/STM32H7xx_HAL_Driver/stm32h7xx_hal_rcc.o
                0x08106200                HAL_RCC_GetHCLKFreq
 .text.HAL_RCC_GetPCLK1Freq
                0x08106264       0x2c ./Drivers/STM32H7xx_HAL_Driver/stm32h7xx_hal_rcc.o
                0x08106264                HAL_RCC_GetPCLK1Freq
 .text.HAL_RCC_GetClockConfig
                0x08106290       0x84 ./Drivers/STM32H7xx_HAL_Driver/stm32h7xx_hal_rcc.o
                0x08106290                HAL_RCC_GetClockConfig
 .text.HAL_RCCEx_PeriphCLKConfig
                0x08106314     0x1494 ./Drivers/STM32H7xx_HAL_Driver/stm32h7xx_hal_rcc_ex.o
                0x08106314                HAL_RCCEx_PeriphCLKConfig
 .text.HAL_RCCEx_GetPeriphCLKFreq
                0x081077a8      0xb00 ./Drivers/STM32H7xx_HAL_Driver/stm32h7xx_hal_rcc_ex.o
                0x081077a8                HAL_RCCEx_GetPeriphCLKFreq
 .text.HAL_RCCEx_GetD3PCLK1Freq
                0x081082a8       0x2c ./Drivers/STM32H7xx_HAL_Driver/stm32h7xx_hal_rcc_ex.o
                0x081082a8                HAL_RCCEx_GetD3PCLK1Freq
 .text.HAL_RCCEx_GetPLL2ClockFreq
                0x081082d4      0x2a8 ./Drivers/STM32H7xx_HAL_Driver/stm32h7xx_hal_rcc_ex.o
                0x081082d4                HAL_RCCEx_GetPLL2ClockFreq
 .text.HAL_RCCEx_GetPLL3ClockFreq
                0x0810857c      0x2a8 ./Drivers/STM32H7xx_HAL_Driver/stm32h7xx_hal_rcc_ex.o
                0x0810857c                HAL_RCCEx_GetPLL3ClockFreq
 .text.HAL_RCCEx_GetPLL1ClockFreq
                0x08108824      0x2a4 ./Drivers/STM32H7xx_HAL_Driver/stm32h7xx_hal_rcc_ex.o
                0x08108824                HAL_RCCEx_GetPLL1ClockFreq
 .text.RCCEx_PLL2_Config
                0x08108ac8      0x164 ./Drivers/STM32H7xx_HAL_Driver/stm32h7xx_hal_rcc_ex.o
 .text.RCCEx_PLL3_Config
                0x08108c2c      0x164 ./Drivers/STM32H7xx_HAL_Driver/stm32h7xx_hal_rcc_ex.o
 .text.HAL_TIM_Base_Init
                0x08108d90       0xae ./Drivers/STM32H7xx_HAL_Driver/stm32h7xx_hal_tim.o
                0x08108d90                HAL_TIM_Base_Init
 *fill*         0x08108e3e        0x2 
 .text.HAL_TIM_Base_Start
                0x08108e40       0xe0 ./Drivers/STM32H7xx_HAL_Driver/stm32h7xx_hal_tim.o
                0x08108e40                HAL_TIM_Base_Start
 .text.HAL_TIM_Base_Start_IT
                0x08108f20       0xf0 ./Drivers/STM32H7xx_HAL_Driver/stm32h7xx_hal_tim.o
                0x08108f20                HAL_TIM_Base_Start_IT
 .text.HAL_TIM_IRQHandler
                0x08109010      0x20e ./Drivers/STM32H7xx_HAL_Driver/stm32h7xx_hal_tim.o
                0x08109010                HAL_TIM_IRQHandler
 *fill*         0x0810921e        0x2 
 .text.HAL_TIM_ConfigClockSource
                0x08109220      0x1f0 ./Drivers/STM32H7xx_HAL_Driver/stm32h7xx_hal_tim.o
                0x08109220                HAL_TIM_ConfigClockSource
 .text.HAL_TIM_OC_DelayElapsedCallback
                0x08109410       0x14 ./Drivers/STM32H7xx_HAL_Driver/stm32h7xx_hal_tim.o
                0x08109410                HAL_TIM_OC_DelayElapsedCallback
 .text.HAL_TIM_IC_CaptureCallback
                0x08109424       0x14 ./Drivers/STM32H7xx_HAL_Driver/stm32h7xx_hal_tim.o
                0x08109424                HAL_TIM_IC_CaptureCallback
 .text.HAL_TIM_PWM_PulseFinishedCallback
                0x08109438       0x14 ./Drivers/STM32H7xx_HAL_Driver/stm32h7xx_hal_tim.o
                0x08109438                HAL_TIM_PWM_PulseFinishedCallback
 .text.HAL_TIM_TriggerCallback
                0x0810944c       0x14 ./Drivers/STM32H7xx_HAL_Driver/stm32h7xx_hal_tim.o
                0x0810944c                HAL_TIM_TriggerCallback
 .text.TIM_Base_SetConfig
                0x08109460      0x140 ./Drivers/STM32H7xx_HAL_Driver/stm32h7xx_hal_tim.o
                0x08109460                TIM_Base_SetConfig
 .text.TIM_TI1_ConfigInputStage
                0x081095a0       0xa8 ./Drivers/STM32H7xx_HAL_Driver/stm32h7xx_hal_tim.o
 .text.TIM_TI2_ConfigInputStage
                0x08109648       0x84 ./Drivers/STM32H7xx_HAL_Driver/stm32h7xx_hal_tim.o
 .text.TIM_ITRx_SetConfig
                0x081096cc       0x3a ./Drivers/STM32H7xx_HAL_Driver/stm32h7xx_hal_tim.o
 .text.TIM_ETR_SetConfig
                0x08109706       0x40 ./Drivers/STM32H7xx_HAL_Driver/stm32h7xx_hal_tim.o
                0x08109706                TIM_ETR_SetConfig
 *fill*         0x08109746        0x2 
 .text.HAL_TIMEx_MasterConfigSynchronization
                0x08109748      0x11c ./Drivers/STM32H7xx_HAL_Driver/stm32h7xx_hal_tim_ex.o
                0x08109748                HAL_TIMEx_MasterConfigSynchronization
 .text.HAL_TIMEx_CommutCallback
                0x08109864       0x14 ./Drivers/STM32H7xx_HAL_Driver/stm32h7xx_hal_tim_ex.o
                0x08109864                HAL_TIMEx_CommutCallback
 .text.HAL_TIMEx_BreakCallback
                0x08109878       0x14 ./Drivers/STM32H7xx_HAL_Driver/stm32h7xx_hal_tim_ex.o
                0x08109878                HAL_TIMEx_BreakCallback
 .text.HAL_TIMEx_Break2Callback
                0x0810988c       0x14 ./Drivers/STM32H7xx_HAL_Driver/stm32h7xx_hal_tim_ex.o
                0x0810988c                HAL_TIMEx_Break2Callback
 .text.__NVIC_SetPriority
                0x081098a0       0x54 ./Middlewares/FreeRTOS/cmsis_os2.o
 .text.SysTick_Handler
                0x081098f4       0x20 ./Middlewares/FreeRTOS/cmsis_os2.o
                0x081098f4                SysTick_Handler
 .text.SVC_Setup
                0x08109914       0x12 ./Middlewares/FreeRTOS/cmsis_os2.o
 .text.IRQ_Context
                0x08109926       0x4e ./Middlewares/FreeRTOS/cmsis_os2.o
 .text.osKernelInitialize
                0x08109974       0x4c ./Middlewares/FreeRTOS/cmsis_os2.o
                0x08109974                osKernelInitialize
 .text.osKernelStart
                0x081099c0       0x54 ./Middlewares/FreeRTOS/cmsis_os2.o
                0x081099c0                osKernelStart
 .text.osThreadNew
                0x08109a14      0x122 ./Middlewares/FreeRTOS/cmsis_os2.o
                0x08109a14                osThreadNew
 .text.osDelay  0x08109b36       0x34 ./Middlewares/FreeRTOS/cmsis_os2.o
                0x08109b36                osDelay
 .text.osSemaphoreNew
                0x08109b6a      0x110 ./Middlewares/FreeRTOS/cmsis_os2.o
                0x08109b6a                osSemaphoreNew
 *fill*         0x08109c7a        0x2 
 .text.vApplicationGetIdleTaskMemory
                0x08109c7c       0x34 ./Middlewares/FreeRTOS/cmsis_os2.o
                0x08109c7c                vApplicationGetIdleTaskMemory
 .text.vApplicationGetTimerTaskMemory
                0x08109cb0       0x34 ./Middlewares/FreeRTOS/cmsis_os2.o
                0x08109cb0                vApplicationGetTimerTaskMemory
 .text.pvPortMalloc
                0x08109ce4      0x198 ./Middlewares/FreeRTOS/heap_4.o
                0x08109ce4                pvPortMalloc
 .text.vPortFree
                0x08109e7c       0xb4 ./Middlewares/FreeRTOS/heap_4.o
                0x08109e7c                vPortFree
 .text.prvHeapInit
                0x08109f30       0xb8 ./Middlewares/FreeRTOS/heap_4.o
 .text.prvInsertBlockIntoFreeList
                0x08109fe8       0xb4 ./Middlewares/FreeRTOS/heap_4.o
 .text.vListInitialise
                0x0810a09c       0x4c ./Middlewares/FreeRTOS/list.o
                0x0810a09c                vListInitialise
 .text.vListInitialiseItem
                0x0810a0e8       0x1a ./Middlewares/FreeRTOS/list.o
                0x0810a0e8                vListInitialiseItem
 .text.vListInsert
                0x0810a102       0x72 ./Middlewares/FreeRTOS/list.o
                0x0810a102                vListInsert
 .text.uxListRemove
                0x0810a174       0x54 ./Middlewares/FreeRTOS/list.o
                0x0810a174                uxListRemove
 .text.pxPortInitialiseStack
                0x0810a1c8       0x68 ./Middlewares/FreeRTOS/port.o
                0x0810a1c8                pxPortInitialiseStack
 .text.prvTaskExitError
                0x0810a230       0x5c ./Middlewares/FreeRTOS/port.o
 *fill*         0x0810a28c        0x4 
 .text.SVC_Handler
                0x0810a290       0x28 ./Middlewares/FreeRTOS/port.o
                0x0810a290                SVC_Handler
 .text.prvPortStartFirstTask
                0x0810a2b8       0x2c ./Middlewares/FreeRTOS/port.o
 .text.xPortStartScheduler
                0x0810a2e4      0x17c ./Middlewares/FreeRTOS/port.o
                0x0810a2e4                xPortStartScheduler
 .text.vPortEnterCritical
                0x0810a460       0x64 ./Middlewares/FreeRTOS/port.o
                0x0810a460                vPortEnterCritical
 .text.vPortExitCritical
                0x0810a4c4       0x54 ./Middlewares/FreeRTOS/port.o
                0x0810a4c4                vPortExitCritical
 *fill*         0x0810a518        0x8 
 .text.PendSV_Handler
                0x0810a520       0x68 ./Middlewares/FreeRTOS/port.o
                0x0810a520                PendSV_Handler
 .text.xPortSysTickHandler
                0x0810a588       0x44 ./Middlewares/FreeRTOS/port.o
                0x0810a588                xPortSysTickHandler
 .text.vPortSetupTimerInterrupt
                0x0810a5cc       0x48 ./Middlewares/FreeRTOS/port.o
                0x0810a5cc                vPortSetupTimerInterrupt
 .text.vPortEnableVFP
                0x0810a614       0x18 ./Middlewares/FreeRTOS/port.o
 .text.xQueueGenericReset
                0x0810a62c      0x124 ./Middlewares/FreeRTOS/queue.o
                0x0810a62c                xQueueGenericReset
 .text.xQueueGenericCreateStatic
                0x0810a750       0xc2 ./Middlewares/FreeRTOS/queue.o
                0x0810a750                xQueueGenericCreateStatic
 .text.xQueueGenericCreate
                0x0810a812       0xa6 ./Middlewares/FreeRTOS/queue.o
                0x0810a812                xQueueGenericCreate
 .text.prvInitialiseNewQueue
                0x0810a8b8       0x46 ./Middlewares/FreeRTOS/queue.o
 .text.xQueueCreateCountingSemaphoreStatic
                0x0810a8fe       0x66 ./Middlewares/FreeRTOS/queue.o
                0x0810a8fe                xQueueCreateCountingSemaphoreStatic
 .text.xQueueCreateCountingSemaphore
                0x0810a964       0x5e ./Middlewares/FreeRTOS/queue.o
                0x0810a964                xQueueCreateCountingSemaphore
 *fill*         0x0810a9c2        0x2 
 .text.xQueueGenericSend
                0x0810a9c4      0x204 ./Middlewares/FreeRTOS/queue.o
                0x0810a9c4                xQueueGenericSend
 .text.xQueueReceive
                0x0810abc8      0x1c4 ./Middlewares/FreeRTOS/queue.o
                0x0810abc8                xQueueReceive
 .text.vQueueDelete
                0x0810ad8c       0x48 ./Middlewares/FreeRTOS/queue.o
                0x0810ad8c                vQueueDelete
 .text.prvCopyDataToQueue
                0x0810add4       0xd4 ./Middlewares/FreeRTOS/queue.o
 .text.prvCopyDataFromQueue
                0x0810aea8       0x4c ./Middlewares/FreeRTOS/queue.o
 .text.prvUnlockQueue
                0x0810aef4       0xa4 ./Middlewares/FreeRTOS/queue.o
 .text.prvIsQueueEmpty
                0x0810af98       0x2c ./Middlewares/FreeRTOS/queue.o
 .text.prvIsQueueFull
                0x0810afc4       0x30 ./Middlewares/FreeRTOS/queue.o
 .text.vQueueAddToRegistry
                0x0810aff4       0xa0 ./Middlewares/FreeRTOS/queue.o
                0x0810aff4                vQueueAddToRegistry
 .text.vQueueUnregisterQueue
                0x0810b094       0x74 ./Middlewares/FreeRTOS/queue.o
                0x0810b094                vQueueUnregisterQueue
 .text.vQueueWaitForMessageRestricted
                0x0810b108       0x68 ./Middlewares/FreeRTOS/queue.o
                0x0810b108                vQueueWaitForMessageRestricted
 .text.xTaskCreateStatic
                0x0810b170       0xca ./Middlewares/FreeRTOS/tasks.o
                0x0810b170                xTaskCreateStatic
 .text.xTaskCreate
                0x0810b23a       0x94 ./Middlewares/FreeRTOS/tasks.o
                0x0810b23a                xTaskCreate
 *fill*         0x0810b2ce        0x2 
 .text.prvInitialiseNewTask
                0x0810b2d0      0x14c ./Middlewares/FreeRTOS/tasks.o
 .text.prvAddNewTaskToReadyList
                0x0810b41c      0x130 ./Middlewares/FreeRTOS/tasks.o
 .text.vTaskDelay
                0x0810b54c       0x6c ./Middlewares/FreeRTOS/tasks.o
                0x0810b54c                vTaskDelay
 .text.vTaskStartScheduler
                0x0810b5b8       0xe8 ./Middlewares/FreeRTOS/tasks.o
                0x0810b5b8                vTaskStartScheduler
 .text.vTaskSuspendAll
                0x0810b6a0       0x1c ./Middlewares/FreeRTOS/tasks.o
                0x0810b6a0                vTaskSuspendAll
 .text.xTaskResumeAll
                0x0810b6bc      0x1fc ./Middlewares/FreeRTOS/tasks.o
                0x0810b6bc                xTaskResumeAll
 .text.xTaskGetTickCount
                0x0810b8b8       0x20 ./Middlewares/FreeRTOS/tasks.o
                0x0810b8b8                xTaskGetTickCount
 .text.xTaskIncrementTick
                0x0810b8d8      0x230 ./Middlewares/FreeRTOS/tasks.o
                0x0810b8d8                xTaskIncrementTick
 .text.vTaskSwitchContext
                0x0810bb08       0xc8 ./Middlewares/FreeRTOS/tasks.o
                0x0810bb08                vTaskSwitchContext
 .text.vTaskPlaceOnEventList
                0x0810bbd0       0x4c ./Middlewares/FreeRTOS/tasks.o
                0x0810bbd0                vTaskPlaceOnEventList
 .text.vTaskPlaceOnEventListRestricted
                0x0810bc1c       0x8c ./Middlewares/FreeRTOS/tasks.o
                0x0810bc1c                vTaskPlaceOnEventListRestricted
 .text.xTaskRemoveFromEventList
                0x0810bca8      0x1b0 ./Middlewares/FreeRTOS/tasks.o
                0x0810bca8                xTaskRemoveFromEventList
 .text.vTaskInternalSetTimeOutState
                0x0810be58       0x2c ./Middlewares/FreeRTOS/tasks.o
                0x0810be58                vTaskInternalSetTimeOutState
 .text.xTaskCheckForTimeOut
                0x0810be84       0xd0 ./Middlewares/FreeRTOS/tasks.o
                0x0810be84                xTaskCheckForTimeOut
 .text.vTaskMissedYield
                0x0810bf54       0x18 ./Middlewares/FreeRTOS/tasks.o
                0x0810bf54                vTaskMissedYield
 .text.prvIdleTask
                0x0810bf6c       0x30 ./Middlewares/FreeRTOS/tasks.o
 .text.prvInitialiseTaskLists
                0x0810bf9c       0x80 ./Middlewares/FreeRTOS/tasks.o
 .text.prvCheckTasksWaitingTermination
                0x0810c01c       0x5c ./Middlewares/FreeRTOS/tasks.o
 .text.prvDeleteTCB
                0x0810c078       0x70 ./Middlewares/FreeRTOS/tasks.o
 .text.prvResetNextTaskUnblockTime
                0x0810c0e8       0x38 ./Middlewares/FreeRTOS/tasks.o
 .text.xTaskGetSchedulerState
                0x0810c120       0x3c ./Middlewares/FreeRTOS/tasks.o
                0x0810c120                xTaskGetSchedulerState
 .text.xTaskPriorityDisinherit
                0x0810c15c      0x130 ./Middlewares/FreeRTOS/tasks.o
                0x0810c15c                xTaskPriorityDisinherit
 .text.prvAddCurrentTaskToDelayedList
                0x0810c28c       0xdc ./Middlewares/FreeRTOS/tasks.o
 .text.xTimerCreateTimerTask
                0x0810c368       0x94 ./Middlewares/FreeRTOS/timers.o
                0x0810c368                xTimerCreateTimerTask
 .text.prvReloadTimer
                0x0810c3fc       0x42 ./Middlewares/FreeRTOS/timers.o
 *fill*         0x0810c43e        0x2 
 .text.prvProcessExpiredTimer
                0x0810c440       0x60 ./Middlewares/FreeRTOS/timers.o
 .text.prvTimerTask
                0x0810c4a0       0x26 ./Middlewares/FreeRTOS/timers.o
 *fill*         0x0810c4c6        0x2 
 .text.prvProcessTimerOrBlockTask
                0x0810c4c8       0x9c ./Middlewares/FreeRTOS/timers.o
 .text.prvGetNextExpireTime
                0x0810c564       0x48 ./Middlewares/FreeRTOS/timers.o
 .text.prvSampleTimeNow
                0x0810c5ac       0x40 ./Middlewares/FreeRTOS/timers.o
 .text.prvInsertTimerInActiveList
                0x0810c5ec       0x84 ./Middlewares/FreeRTOS/timers.o
 .text.prvProcessReceivedCommands
                0x0810c670      0x1bc ./Middlewares/FreeRTOS/timers.o
 .text.prvSwitchTimerLists
                0x0810c82c       0x4c ./Middlewares/FreeRTOS/timers.o
 .text.prvCheckForValidListAndQueue
                0x0810c878       0x80 ./Middlewares/FreeRTOS/timers.o
 .text.__cvt    0x0810c8f8       0xca /opt/st/stm32cubeide_2.1.1/plugins/com.st.stm32cube.ide.mcu.externaltools.gnu-tools-for-stm32.14.3.rel1.linux64_1.0.100.202602081740/tools/bin/../lib/gcc/arm-none-eabi/14.3.1/../../../../arm-none-eabi/lib/thumb/v7e-m+fp/hard/libc_nano.a(libc_a-nano-vfprintf_float.o)
                0x0810c8f8                __cvt
 .text.__exponent
                0x0810c9c2       0x74 /opt/st/stm32cubeide_2.1.1/plugins/com.st.stm32cube.ide.mcu.externaltools.gnu-tools-for-stm32.14.3.rel1.linux64_1.0.100.202602081740/tools/bin/../lib/gcc/arm-none-eabi/14.3.1/../../../../arm-none-eabi/lib/thumb/v7e-m+fp/hard/libc_nano.a(libc_a-nano-vfprintf_float.o)
                0x0810c9c2                __exponent
 *fill*         0x0810ca36        0x2 
 .text._printf_float
                0x0810ca38      0x450 /opt/st/stm32cubeide_2.1.1/plugins/com.st.stm32cube.ide.mcu.externaltools.gnu-tools-for-stm32.14.3.rel1.linux64_1.0.100.202602081740/tools/bin/../lib/gcc/arm-none-eabi/14.3.1/../../../../arm-none-eabi/lib/thumb/v7e-m+fp/hard/libc_nano.a(libc_a-nano-vfprintf_float.o)
                0x0810ca38                _printf_float
 .text._printf_common
                0x0810ce88       0xda /opt/st/stm32cubeide_2.1.1/plugins/com.st.stm32cube.ide.mcu.externaltools.gnu-tools-for-stm32.14.3.rel1.linux64_1.0.100.202602081740/tools/bin/../lib/gcc/arm-none-eabi/14.3.1/../../../../arm-none-eabi/lib/thumb/v7e-m+fp/hard/libc_nano.a(libc_a-nano-vfprintf_i.o)
                0x0810ce88                _printf_common
 *fill*         0x0810cf62        0x2 
 .text._printf_i
                0x0810cf64      0x24c /opt/st/stm32cubeide_2.1.1/plugins/com.st.stm32cube.ide.mcu.externaltools.gnu-tools-for-stm32.14.3.rel1.linux64_1.0.100.202602081740/tools/bin/../lib/gcc/arm-none-eabi/14.3.1/../../../../arm-none-eabi/lib/thumb/v7e-m+fp/hard/libc_nano.a(libc_a-nano-vfprintf_i.o)
                0x0810cf64                _printf_i
 .text.std      0x0810d1b0       0x6c /opt/st/stm32cubeide_2.1.1/plugins/com.st.stm32cube.ide.mcu.externaltools.gnu-tools-for-stm32.14.3.rel1.linux64_1.0.100.202602081740/tools/bin/../lib/gcc/arm-none-eabi/14.3.1/../../../../arm-none-eabi/lib/thumb/v7e-m+fp/hard/libc_nano.a(libc_a-findfp.o)
 .text.stdio_exit_handler
                0x0810d21c       0x18 /opt/st/stm32cubeide_2.1.1/plugins/com.st.stm32cube.ide.mcu.externaltools.gnu-tools-for-stm32.14.3.rel1.linux64_1.0.100.202602081740/tools/bin/../lib/gcc/arm-none-eabi/14.3.1/../../../../arm-none-eabi/lib/thumb/v7e-m+fp/hard/libc_nano.a(libc_a-findfp.o)
 .text.cleanup_stdio
                0x0810d234       0x40 /opt/st/stm32cubeide_2.1.1/plugins/com.st.stm32cube.ide.mcu.externaltools.gnu-tools-for-stm32.14.3.rel1.linux64_1.0.100.202602081740/tools/bin/../lib/gcc/arm-none-eabi/14.3.1/../../../../arm-none-eabi/lib/thumb/v7e-m+fp/hard/libc_nano.a(libc_a-findfp.o)
 .text.global_stdio_init.part.0
                0x0810d274       0x40 /opt/st/stm32cubeide_2.1.1/plugins/com.st.stm32cube.ide.mcu.externaltools.gnu-tools-for-stm32.14.3.rel1.linux64_1.0.100.202602081740/tools/bin/../lib/gcc/arm-none-eabi/14.3.1/../../../../arm-none-eabi/lib/thumb/v7e-m+fp/hard/libc_nano.a(libc_a-findfp.o)
 .text.__sfp_lock_acquire
                0x0810d2b4        0xc /opt/st/stm32cubeide_2.1.1/plugins/com.st.stm32cube.ide.mcu.externaltools.gnu-tools-for-stm32.14.3.rel1.linux64_1.0.100.202602081740/tools/bin/../lib/gcc/arm-none-eabi/14.3.1/../../../../arm-none-eabi/lib/thumb/v7e-m+fp/hard/libc_nano.a(libc_a-findfp.o)
                0x0810d2b4                __sfp_lock_acquire
 .text.__sfp_lock_release
                0x0810d2c0        0xc /opt/st/stm32cubeide_2.1.1/plugins/com.st.stm32cube.ide.mcu.externaltools.gnu-tools-for-stm32.14.3.rel1.linux64_1.0.100.202602081740/tools/bin/../lib/gcc/arm-none-eabi/14.3.1/../../../../arm-none-eabi/lib/thumb/v7e-m+fp/hard/libc_nano.a(libc_a-findfp.o)
                0x0810d2c0                __sfp_lock_release
 .text.__sinit  0x0810d2cc       0x30 /opt/st/stm32cubeide_2.1.1/plugins/com.st.stm32cube.ide.mcu.externaltools.gnu-tools-for-stm32.14.3.rel1.linux64_1.0.100.202602081740/tools/bin/../lib/gcc/arm-none-eabi/14.3.1/../../../../arm-none-eabi/lib/thumb/v7e-m+fp/hard/libc_nano.a(libc_a-findfp.o)
                0x0810d2cc                __sinit
 .text._fwalk_sglue
                0x0810d2fc       0x3c /opt/st/stm32cubeide_2.1.1/plugins/com.st.stm32cube.ide.mcu.externaltools.gnu-tools-for-stm32.14.3.rel1.linux64_1.0.100.202602081740/tools/bin/../lib/gcc/arm-none-eabi/14.3.1/../../../../arm-none-eabi/lib/thumb/v7e-m+fp/hard/libc_nano.a(libc_a-fwalk.o)
                0x0810d2fc                _fwalk_sglue
 .text.__sread  0x0810d338       0x22 /opt/st/stm32cubeide_2.1.1/plugins/com.st.stm32cube.ide.mcu.externaltools.gnu-tools-for-stm32.14.3.rel1.linux64_1.0.100.202602081740/tools/bin/../lib/gcc/arm-none-eabi/14.3.1/../../../../arm-none-eabi/lib/thumb/v7e-m+fp/hard/libc_nano.a(libc_a-stdio.o)
                0x0810d338                __sread
 .text.__swrite
                0x0810d35a       0x38 /opt/st/stm32cubeide_2.1.1/plugins/com.st.stm32cube.ide.mcu.externaltools.gnu-tools-for-stm32.14.3.rel1.linux64_1.0.100.202602081740/tools/bin/../lib/gcc/arm-none-eabi/14.3.1/../../../../arm-none-eabi/lib/thumb/v7e-m+fp/hard/libc_nano.a(libc_a-stdio.o)
                0x0810d35a                __swrite
 .text.__sseek  0x0810d392       0x26 /opt/st/stm32cubeide_2.1.1/plugins/com.st.stm32cube.ide.mcu.externaltools.gnu-tools-for-stm32.14.3.rel1.linux64_1.0.100.202602081740/tools/bin/../lib/gcc/arm-none-eabi/14.3.1/../../../../arm-none-eabi/lib/thumb/v7e-m+fp/hard/libc_nano.a(libc_a-stdio.o)
                0x0810d392                __sseek
 .text.__sclose
                0x0810d3b8        0x8 /opt/st/stm32cubeide_2.1.1/plugins/com.st.stm32cube.ide.mcu.externaltools.gnu-tools-for-stm32.14.3.rel1.linux64_1.0.100.202602081740/tools/bin/../lib/gcc/arm-none-eabi/14.3.1/../../../../arm-none-eabi/lib/thumb/v7e-m+fp/hard/libc_nano.a(libc_a-stdio.o)
                0x0810d3b8                __sclose
 .text.memset   0x0810d3c0       0x10 /opt/st/stm32cubeide_2.1.1/plugins/com.st.stm32cube.ide.mcu.externaltools.gnu-tools-for-stm32.14.3.rel1.linux64_1.0.100.202602081740/tools/bin/../lib/gcc/arm-none-eabi/14.3.1/../../../../arm-none-eabi/lib/thumb/v7e-m+fp/hard/libc_nano.a(libc_a-memset.o)
                0x0810d3c0                memset
 .text._localeconv_r
                0x0810d3d0        0x8 /opt/st/stm32cubeide_2.1.1/plugins/com.st.stm32cube.ide.mcu.externaltools.gnu-tools-for-stm32.14.3.rel1.linux64_1.0.100.202602081740/tools/bin/../lib/gcc/arm-none-eabi/14.3.1/../../../../arm-none-eabi/lib/thumb/v7e-m+fp/hard/libc_nano.a(libc_a-localeconv.o)
                0x0810d3d0                _localeconv_r
 .text._close_r
                0x0810d3d8       0x20 /opt/st/stm32cubeide_2.1.1/plugins/com.st.stm32cube.ide.mcu.externaltools.gnu-tools-for-stm32.14.3.rel1.linux64_1.0.100.202602081740/tools/bin/../lib/gcc/arm-none-eabi/14.3.1/../../../../arm-none-eabi/lib/thumb/v7e-m+fp/hard/libc_nano.a(libc_a-closer.o)
                0x0810d3d8                _close_r
 .text._reclaim_reent
                0x0810d3f8       0xbc /opt/st/stm32cubeide_2.1.1/plugins/com.st.stm32cube.ide.mcu.externaltools.gnu-tools-for-stm32.14.3.rel1.linux64_1.0.100.202602081740/tools/bin/../lib/gcc/arm-none-eabi/14.3.1/../../../../arm-none-eabi/lib/thumb/v7e-m+fp/hard/libc_nano.a(libc_a-reent.o)
                0x0810d3f8                _reclaim_reent
 .text._lseek_r
                0x0810d4b4       0x24 /opt/st/stm32cubeide_2.1.1/plugins/com.st.stm32cube.ide.mcu.externaltools.gnu-tools-for-stm32.14.3.rel1.linux64_1.0.100.202602081740/tools/bin/../lib/gcc/arm-none-eabi/14.3.1/../../../../arm-none-eabi/lib/thumb/v7e-m+fp/hard/libc_nano.a(libc_a-lseekr.o)
                0x0810d4b4                _lseek_r
 .text._read_r  0x0810d4d8       0x24 /opt/st/stm32cubeide_2.1.1/plugins/com.st.stm32cube.ide.mcu.externaltools.gnu-tools-for-stm32.14.3.rel1.linux64_1.0.100.202602081740/tools/bin/../lib/gcc/arm-none-eabi/14.3.1/../../../../arm-none-eabi/lib/thumb/v7e-m+fp/hard/libc_nano.a(libc_a-readr.o)
                0x0810d4d8                _read_r
 .text._write_r
                0x0810d4fc       0x24 /opt/st/stm32cubeide_2.1.1/plugins/com.st.stm32cube.ide.mcu.externaltools.gnu-tools-for-stm32.14.3.rel1.linux64_1.0.100.202602081740/tools/bin/../lib/gcc/arm-none-eabi/14.3.1/../../../../arm-none-eabi/lib/thumb/v7e-m+fp/hard/libc_nano.a(libc_a-writer.o)
                0x0810d4fc                _write_r
 .text.__errno  0x0810d520        0xc /opt/st/stm32cubeide_2.1.1/plugins/com.st.stm32cube.ide.mcu.externaltools.gnu-tools-for-stm32.14.3.rel1.linux64_1.0.100.202602081740/tools/bin/../lib/gcc/arm-none-eabi/14.3.1/../../../../arm-none-eabi/lib/thumb/v7e-m+fp/hard/libc_nano.a(libc_a-errno.o)
                0x0810d520                __errno
 .text.__libc_init_array
                0x0810d52c       0x48 /opt/st/stm32cubeide_2.1.1/plugins/com.st.stm32cube.ide.mcu.externaltools.gnu-tools-for-stm32.14.3.rel1.linux64_1.0.100.202602081740/tools/bin/../lib/gcc/arm-none-eabi/14.3.1/../../../../arm-none-eabi/lib/thumb/v7e-m+fp/hard/libc_nano.a(libc_a-init.o)
                0x0810d52c                __libc_init_array
 .text.__retarget_lock_init_recursive
                0x0810d574        0x2 /opt/st/stm32cubeide_2.1.1/plugins/com.st.stm32cube.ide.mcu.externaltools.gnu-tools-for-stm32.14.3.rel1.linux64_1.0.100.202602081740/tools/bin/../lib/gcc/arm-none-eabi/14.3.1/../../../../arm-none-eabi/lib/thumb/v7e-m+fp/hard/libc_nano.a(libc_a-lock.o)
                0x0810d574                __retarget_lock_init_recursive
 .text.__retarget_lock_acquire_recursive
                0x0810d576        0x2 /opt/st/stm32cubeide_2.1.1/plugins/com.st.stm32cube.ide.mcu.externaltools.gnu-tools-for-stm32.14.3.rel1.linux64_1.0.100.202602081740/tools/bin/../lib/gcc/arm-none-eabi/14.3.1/../../../../arm-none-eabi/lib/thumb/v7e-m+fp/hard/libc_nano.a(libc_a-lock.o)
                0x0810d576                __retarget_lock_acquire_recursive
 .text.__retarget_lock_release_recursive
                0x0810d578        0x2 /opt/st/stm32cubeide_2.1.1/plugins/com.st.stm32cube.ide.mcu.externaltools.gnu-tools-for-stm32.14.3.rel1.linux64_1.0.100.202602081740/tools/bin/../lib/gcc/arm-none-eabi/14.3.1/../../../../arm-none-eabi/lib/thumb/v7e-m+fp/hard/libc_nano.a(libc_a-lock.o)
                0x0810d578                __retarget_lock_release_recursive
 .text.memcpy   0x0810d57a       0x1c /opt/st/stm32cubeide_2.1.1/plugins/com.st.stm32cube.ide.mcu.externaltools.gnu-tools-for-stm32.14.3.rel1.linux64_1.0.100.202602081740/tools/bin/../lib/gcc/arm-none-eabi/14.3.1/../../../../arm-none-eabi/lib/thumb/v7e-m+fp/hard/libc_nano.a(libc_a-memcpy-stub.o)
                0x0810d57a                memcpy
 .text.quorem   0x0810d596      0x110 /opt/st/stm32cubeide_2.1.1/plugins/com.st.stm32cube.ide.mcu.externaltools.gnu-tools-for-stm32.14.3.rel1.linux64_1.0.100.202602081740/tools/bin/../lib/gcc/arm-none-eabi/14.3.1/../../../../arm-none-eabi/lib/thumb/v7e-m+fp/hard/libc_nano.a(libc_a-dtoa.o)
 *fill*         0x0810d6a6        0x2 
 .text._dtoa_r  0x0810d6a8      0xbb8 /opt/st/stm32cubeide_2.1.1/plugins/com.st.stm32cube.ide.mcu.externaltools.gnu-tools-for-stm32.14.3.rel1.linux64_1.0.100.202602081740/tools/bin/../lib/gcc/arm-none-eabi/14.3.1/../../../../arm-none-eabi/lib/thumb/v7e-m+fp/hard/libc_nano.a(libc_a-dtoa.o)
                0x0810d6a8                _dtoa_r
 .text._free_r  0x0810e260       0x94 /opt/st/stm32cubeide_2.1.1/plugins/com.st.stm32cube.ide.mcu.externaltools.gnu-tools-for-stm32.14.3.rel1.linux64_1.0.100.202602081740/tools/bin/../lib/gcc/arm-none-eabi/14.3.1/../../../../arm-none-eabi/lib/thumb/v7e-m+fp/hard/libc_nano.a(libc_a-freer.o)
                0x0810e260                _free_r
 .text.malloc   0x0810e2f4       0x10 /opt/st/stm32cubeide_2.1.1/plugins/com.st.stm32cube.ide.mcu.externaltools.gnu-tools-for-stm32.14.3.rel1.linux64_1.0.100.202602081740/tools/bin/../lib/gcc/arm-none-eabi/14.3.1/../../../../arm-none-eabi/lib/thumb/v7e-m+fp/hard/libc_nano.a(libc_a-malloc.o)
                0x0810e2f4                malloc
 .text.sbrk_aligned
                0x0810e304       0x44 /opt/st/stm32cubeide_2.1.1/plugins/com.st.stm32cube.ide.mcu.externaltools.gnu-tools-for-stm32.14.3.rel1.linux64_1.0.100.202602081740/tools/bin/../lib/gcc/arm-none-eabi/14.3.1/../../../../arm-none-eabi/lib/thumb/v7e-m+fp/hard/libc_nano.a(libc_a-mallocr.o)
 .text._malloc_r
                0x0810e348      0x100 /opt/st/stm32cubeide_2.1.1/plugins/com.st.stm32cube.ide.mcu.externaltools.gnu-tools-for-stm32.14.3.rel1.linux64_1.0.100.202602081740/tools/bin/../lib/gcc/arm-none-eabi/14.3.1/../../../../arm-none-eabi/lib/thumb/v7e-m+fp/hard/libc_nano.a(libc_a-mallocr.o)
                0x0810e348                _malloc_r
 .text.__malloc_lock
                0x0810e448        0xc /opt/st/stm32cubeide_2.1.1/plugins/com.st.stm32cube.ide.mcu.externaltools.gnu-tools-for-stm32.14.3.rel1.linux64_1.0.100.202602081740/tools/bin/../lib/gcc/arm-none-eabi/14.3.1/../../../../arm-none-eabi/lib/thumb/v7e-m+fp/hard/libc_nano.a(libc_a-mlock.o)
                0x0810e448                __malloc_lock
 .text.__malloc_unlock
                0x0810e454        0xc /opt/st/stm32cubeide_2.1.1/plugins/com.st.stm32cube.ide.mcu.externaltools.gnu-tools-for-stm32.14.3.rel1.linux64_1.0.100.202602081740/tools/bin/../lib/gcc/arm-none-eabi/14.3.1/../../../../arm-none-eabi/lib/thumb/v7e-m+fp/hard/libc_nano.a(libc_a-mlock.o)
                0x0810e454                __malloc_unlock
 .text._Balloc  0x0810e460       0x7c /opt/st/stm32cubeide_2.1.1/plugins/com.st.stm32cube.ide.mcu.externaltools.gnu-tools-for-stm32.14.3.rel1.linux64_1.0.100.202602081740/tools/bin/../lib/gcc/arm-none-eabi/14.3.1/../../../../arm-none-eabi/lib/thumb/v7e-m+fp/hard/libc_nano.a(libc_a-mprec.o)
                0x0810e460                _Balloc
 .text._Bfree   0x0810e4dc       0x44 /opt/st/stm32cubeide_2.1.1/plugins/com.st.stm32cube.ide.mcu.externaltools.gnu-tools-for-stm32.14.3.rel1.linux64_1.0.100.202602081740/tools/bin/../lib/gcc/arm-none-eabi/14.3.1/../../../../arm-none-eabi/lib/thumb/v7e-m+fp/hard/libc_nano.a(libc_a-mprec.o)
                0x0810e4dc                _Bfree
 .text.__multadd
                0x0810e520       0x8c /opt/st/stm32cubeide_2.1.1/plugins/com.st.stm32cube.ide.mcu.externaltools.gnu-tools-for-stm32.14.3.rel1.linux64_1.0.100.202602081740/tools/bin/../lib/gcc/arm-none-eabi/14.3.1/../../../../arm-none-eabi/lib/thumb/v7e-m+fp/hard/libc_nano.a(libc_a-mprec.o)
                0x0810e520                __multadd
 .text.__hi0bits
                0x0810e5ac       0x3e /opt/st/stm32cubeide_2.1.1/plugins/com.st.stm32cube.ide.mcu.externaltools.gnu-tools-for-stm32.14.3.rel1.linux64_1.0.100.202602081740/tools/bin/../lib/gcc/arm-none-eabi/14.3.1/../../../../arm-none-eabi/lib/thumb/v7e-m+fp/hard/libc_nano.a(libc_a-mprec.o)
                0x0810e5ac                __hi0bits
 .text.__lo0bits
                0x0810e5ea       0x5a /opt/st/stm32cubeide_2.1.1/plugins/com.st.stm32cube.ide.mcu.externaltools.gnu-tools-for-stm32.14.3.rel1.linux64_1.0.100.202602081740/tools/bin/../lib/gcc/arm-none-eabi/14.3.1/../../../../arm-none-eabi/lib/thumb/v7e-m+fp/hard/libc_nano.a(libc_a-mprec.o)
                0x0810e5ea                __lo0bits
 .text.__i2b    0x0810e644       0x2c /opt/st/stm32cubeide_2.1.1/plugins/com.st.stm32cube.ide.mcu.externaltools.gnu-tools-for-stm32.14.3.rel1.linux64_1.0.100.202602081740/tools/bin/../lib/gcc/arm-none-eabi/14.3.1/../../../../arm-none-eabi/lib/thumb/v7e-m+fp/hard/libc_nano.a(libc_a-mprec.o)
                0x0810e644                __i2b
 .text.__multiply
                0x0810e670      0x154 /opt/st/stm32cubeide_2.1.1/plugins/com.st.stm32cube.ide.mcu.externaltools.gnu-tools-for-stm32.14.3.rel1.linux64_1.0.100.202602081740/tools/bin/../lib/gcc/arm-none-eabi/14.3.1/../../../../arm-none-eabi/lib/thumb/v7e-m+fp/hard/libc_nano.a(libc_a-mprec.o)
                0x0810e670                __multiply
 .text.__pow5mult
                0x0810e7c4       0xb8 /opt/st/stm32cubeide_2.1.1/plugins/com.st.stm32cube.ide.mcu.externaltools.gnu-tools-for-stm32.14.3.rel1.linux64_1.0.100.202602081740/tools/bin/../lib/gcc/arm-none-eabi/14.3.1/../../../../arm-none-eabi/lib/thumb/v7e-m+fp/hard/libc_nano.a(libc_a-mprec.o)
                0x0810e7c4                __pow5mult
 .text.__lshift
                0x0810e87c       0xdc /opt/st/stm32cubeide_2.1.1/plugins/com.st.stm32cube.ide.mcu.externaltools.gnu-tools-for-stm32.14.3.rel1.linux64_1.0.100.202602081740/tools/bin/../lib/gcc/arm-none-eabi/14.3.1/../../../../arm-none-eabi/lib/thumb/v7e-m+fp/hard/libc_nano.a(libc_a-mprec.o)
                0x0810e87c                __lshift
 .text.__mcmp   0x0810e958       0x36 /opt/st/stm32cubeide_2.1.1/plugins/com.st.stm32cube.ide.mcu.externaltools.gnu-tools-for-stm32.14.3.rel1.linux64_1.0.100.202602081740/tools/bin/../lib/gcc/arm-none-eabi/14.3.1/../../../../arm-none-eabi/lib/thumb/v7e-m+fp/hard/libc_nano.a(libc_a-mprec.o)
                0x0810e958                __mcmp
 *fill*         0x0810e98e        0x2 
 .text.__mdiff  0x0810e990      0x130 /opt/st/stm32cubeide_2.1.1/plugins/com.st.stm32cube.ide.mcu.externaltools.gnu-tools-for-stm32.14.3.rel1.linux64_1.0.100.202602081740/tools/bin/../lib/gcc/arm-none-eabi/14.3.1/../../../../arm-none-eabi/lib/thumb/v7e-m+fp/hard/libc_nano.a(libc_a-mprec.o)
                0x0810e990                __mdiff
 .text.__d2b    0x0810eac0       0xb0 /opt/st/stm32cubeide_2.1.1/plugins/com.st.stm32cube.ide.mcu.externaltools.gnu-tools-for-stm32.14.3.rel1.linux64_1.0.100.202602081740/tools/bin/../lib/gcc/arm-none-eabi/14.3.1/../../../../arm-none-eabi/lib/thumb/v7e-m+fp/hard/libc_nano.a(libc_a-mprec.o)
                0x0810eac0                __d2b
 .text.__sflush_r
                0x0810eb70      0x104 /opt/st/stm32cubeide_2.1.1/plugins/com.st.stm32cube.ide.mcu.externaltools.gnu-tools-for-stm32.14.3.rel1.linux64_1.0.100.202602081740/tools/bin/../lib/gcc/arm-none-eabi/14.3.1/../../../../arm-none-eabi/lib/thumb/v7e-m+fp/hard/libc_nano.a(libc_a-fflush.o)
                0x0810eb70                __sflush_r
 .text._fflush_r
                0x0810ec74       0x50 /opt/st/stm32cubeide_2.1.1/plugins/com.st.stm32cube.ide.mcu.externaltools.gnu-tools-for-stm32.14.3.rel1.linux64_1.0.100.202602081740/tools/bin/../lib/gcc/arm-none-eabi/14.3.1/../../../../arm-none-eabi/lib/thumb/v7e-m+fp/hard/libc_nano.a(libc_a-fflush.o)
                0x0810ec74                _fflush_r
 .text._sbrk_r  0x0810ecc4       0x20 /opt/st/stm32cubeide_2.1.1/plugins/com.st.stm32cube.ide.mcu.externaltools.gnu-tools-for-stm32.14.3.rel1.linux64_1.0.100.202602081740/tools/bin/../lib/gcc/arm-none-eabi/14.3.1/../../../../arm-none-eabi/lib/thumb/v7e-m+fp/hard/libc_nano.a(libc_a-sbrkr.o)
                0x0810ecc4                _sbrk_r
 .text.__assert_func
                0x0810ece4       0x3c /opt/st/stm32cubeide_2.1.1/plugins/com.st.stm32cube.ide.mcu.externaltools.gnu-tools-for-stm32.14.3.rel1.linux64_1.0.100.202602081740/tools/bin/../lib/gcc/arm-none-eabi/14.3.1/../../../../arm-none-eabi/lib/thumb/v7e-m+fp/hard/libc_nano.a(libc_a-assert.o)
                0x0810ece4                __assert_func
 .text._calloc_r
                0x0810ed20       0x28 /opt/st/stm32cubeide_2.1.1/plugins/com.st.stm32cube.ide.mcu.externaltools.gnu-tools-for-stm32.14.3.rel1.linux64_1.0.100.202602081740/tools/bin/../lib/gcc/arm-none-eabi/14.3.1/../../../../arm-none-eabi/lib/thumb/v7e-m+fp/hard/libc_nano.a(libc_a-callocr.o)
                0x0810ed20                _calloc_r
 .text.__ascii_mbtowc
                0x0810ed48       0x24 /opt/st/stm32cubeide_2.1.1/plugins/com.st.stm32cube.ide.mcu.externaltools.gnu-tools-for-stm32.14.3.rel1.linux64_1.0.100.202602081740/tools/bin/../lib/gcc/arm-none-eabi/14.3.1/../../../../arm-none-eabi/lib/thumb/v7e-m+fp/hard/libc_nano.a(libc_a-mbtowc_r.o)
                0x0810ed48                __ascii_mbtowc
 .text.__ascii_wctomb
                0x0810ed6c       0x1a /opt/st/stm32cubeide_2.1.1/plugins/com.st.stm32cube.ide.mcu.externaltools.gnu-tools-for-stm32.14.3.rel1.linux64_1.0.100.202602081740/tools/bin/../lib/gcc/arm-none-eabi/14.3.1/../../../../arm-none-eabi/lib/thumb/v7e-m+fp/hard/libc_nano.a(libc_a-wctomb_r.o)
                0x0810ed6c                __ascii_wctomb
 *fill*         0x0810ed86        0x2 
 .text.fprintf  0x0810ed88       0x24 /opt/st/stm32cubeide_2.1.1/plugins/com.st.stm32cube.ide.mcu.externaltools.gnu-tools-for-stm32.14.3.rel1.linux64_1.0.100.202602081740/tools/bin/../lib/gcc/arm-none-eabi/14.3.1/../../../../arm-none-eabi/lib/thumb/v7e-m+fp/hard/libc_nano.a(libc_a-fprintf.o)
                0x0810ed88                fprintf
                0x0810ed88                fiprintf
 .text.abort    0x0810edac        0xe /opt/st/stm32cubeide_2.1.1/plugins/com.st.stm32cube.ide.mcu.externaltools.gnu-tools-for-stm32.14.3.rel1.linux64_1.0.100.202602081740/tools/bin/../lib/gcc/arm-none-eabi/14.3.1/../../../../arm-none-eabi/lib/thumb/v7e-m+fp/hard/libc_nano.a(libc_a-abort.o)
                0x0810edac                abort
 .text.__sfputc_r
                0x0810edba       0x2e /opt/st/stm32cubeide_2.1.1/plugins/com.st.stm32cube.ide.mcu.externaltools.gnu-tools-for-stm32.14.3.rel1.linux64_1.0.100.202602081740/tools/bin/../lib/gcc/arm-none-eabi/14.3.1/../../../../arm-none-eabi/lib/thumb/v7e-m+fp/hard/libc_nano.a(libc_a-nano-vfprintf.o)
 .text.__sfputs_r
                0x0810ede8       0x24 /opt/st/stm32cubeide_2.1.1/plugins/com.st.stm32cube.ide.mcu.externaltools.gnu-tools-for-stm32.14.3.rel1.linux64_1.0.100.202602081740/tools/bin/../lib/gcc/arm-none-eabi/14.3.1/../../../../arm-none-eabi/lib/thumb/v7e-m+fp/hard/libc_nano.a(libc_a-nano-vfprintf.o)
                0x0810ede8                __sfputs_r
 .text._vfprintf_r
                0x0810ee0c      0x228 /opt/st/stm32cubeide_2.1.1/plugins/com.st.stm32cube.ide.mcu.externaltools.gnu-tools-for-stm32.14.3.rel1.linux64_1.0.100.202602081740/tools/bin/../lib/gcc/arm-none-eabi/14.3.1/../../../../arm-none-eabi/lib/thumb/v7e-m+fp/hard/libc_nano.a(libc_a-nano-vfprintf.o)
                0x0810ee0c                _vfiprintf_r
                0x0810ee0c                _vfprintf_r
 .text.__swbuf_r
                0x0810f034       0x7c /opt/st/stm32cubeide_2.1.1/plugins/com.st.stm32cube.ide.mcu.externaltools.gnu-tools-for-stm32.14.3.rel1.linux64_1.0.100.202602081740/tools/bin/../lib/gcc/arm-none-eabi/14.3.1/../../../../arm-none-eabi/lib/thumb/v7e-m+fp/hard/libc_nano.a(libc_a-wbuf.o)
                0x0810f034                __swbuf_r
 .text.__swsetup_r
                0x0810f0b0       0xa8 /opt/st/stm32cubeide_2.1.1/plugins/com.st.stm32cube.ide.mcu.externaltools.gnu-tools-for-stm32.14.3.rel1.linux64_1.0.100.202602081740/tools/bin/../lib/gcc/arm-none-eabi/14.3.1/../../../../arm-none-eabi/lib/thumb/v7e-m+fp/hard/libc_nano.a(libc_a-wsetup.o)
                0x0810f0b0                __swsetup_r
 .text._raise_r
                0x0810f158       0x50 /opt/st/stm32cubeide_2.1.1/plugins/com.st.stm32cube.ide.mcu.externaltools.gnu-tools-for-stm32.14.3.rel1.linux64_1.0.100.202602081740/tools/bin/../lib/gcc/arm-none-eabi/14.3.1/../../../../arm-none-eabi/lib/thumb/v7e-m+fp/hard/libc_nano.a(libc_a-signal.o)
                0x0810f158                _raise_r
 .text.raise    0x0810f1a8       0x10 /opt/st/stm32cubeide_2.1.1/plugins/com.st.stm32cube.ide.mcu.externaltools.gnu-tools-for-stm32.14.3.rel1.linux64_1.0.100.202602081740/tools/bin/../lib/gcc/arm-none-eabi/14.3.1/../../../../arm-none-eabi/lib/thumb/v7e-m+fp/hard/libc_nano.a(libc_a-signal.o)
                0x0810f1a8                raise
 .text._kill_r  0x0810f1b8       0x24 /opt/st/stm32cubeide_2.1.1/plugins/com.st.stm32cube.ide.mcu.externaltools.gnu-tools-for-stm32.14.3.rel1.linux64_1.0.100.202602081740/tools/bin/../lib/gcc/arm-none-eabi/14.3.1/../../../../arm-none-eabi/lib/thumb/v7e-m+fp/hard/libc_nano.a(libc_a-signalr.o)
                0x0810f1b8                _kill_r
 .text._getpid_r
                0x0810f1dc        0x4 /opt/st/stm32cubeide_2.1.1/plugins/com.st.stm32cube.ide.mcu.externaltools.gnu-tools-for-stm32.14.3.rel1.linux64_1.0.100.202602081740/tools/bin/../lib/gcc/arm-none-eabi/14.3.1/../../../../arm-none-eabi/lib/thumb/v7e-m+fp/hard/libc_nano.a(libc_a-signalr.o)
                0x0810f1dc                _getpid_r
 .text.__swhatbuf_r
                0x0810f1e0       0x48 /opt/st/stm32cubeide_2.1.1/plugins/com.st.stm32cube.ide.mcu.externaltools.gnu-tools-for-stm32.14.3.rel1.linux64_1.0.100.202602081740/tools/bin/../lib/gcc/arm-none-eabi/14.3.1/../../../../arm-none-eabi/lib/thumb/v7e-m+fp/hard/libc_nano.a(libc_a-makebuf.o)
                0x0810f1e0                __swhatbuf_r
 .text.__smakebuf_r
                0x0810f228       0x72 /opt/st/stm32cubeide_2.1.1/plugins/com.st.stm32cube.ide.mcu.externaltools.gnu-tools-for-stm32.14.3.rel1.linux64_1.0.100.202602081740/tools/bin/../lib/gcc/arm-none-eabi/14.3.1/../../../../arm-none-eabi/lib/thumb/v7e-m+fp/hard/libc_nano.a(libc_a-makebuf.o)
                0x0810f228                __smakebuf_r
 *fill*         0x0810f29a        0x2 
 .text._fstat_r
                0x0810f29c       0x24 /opt/st/stm32cubeide_2.1.1/plugins/com.st.stm32cube.ide.mcu.externaltools.gnu-tools-for-stm32.14.3.rel1.linux64_1.0.100.202602081740/tools/bin/../lib/gcc/arm-none-eabi/14.3.1/../../../../arm-none-eabi/lib/thumb/v7e-m+fp/hard/libc_nano.a(libc_a-fstatr.o)
                0x0810f29c                _fstat_r
 .text._isatty_r
                0x0810f2c0       0x20 /opt/st/stm32cubeide_2.1.1/plugins/com.st.stm32cube.ide.mcu.externaltools.gnu-tools-for-stm32.14.3.rel1.linux64_1.0.100.202602081740/tools/bin/../lib/gcc/arm-none-eabi/14.3.1/../../../../arm-none-eabi/lib/thumb/v7e-m+fp/hard/libc_nano.a(libc_a-isattyr.o)
                0x0810f2c0                _isatty_r
 *(.glue_7)
 .glue_7        0x0810f2e0        0x0 linker stubs
 *(.glue_7t)
 .glue_7t       0x0810f2e0        0x0 linker stubs
 *(.eh_frame)
 .eh_frame      0x0810f2e0        0x0 /opt/st/stm32cubeide_2.1.1/plugins/com.st.stm32cube.ide.mcu.externaltools.gnu-tools-for-stm32.14.3.rel1.linux64_1.0.100.202602081740/tools/bin/../lib/gcc/arm-none-eabi/14.3.1/thumb/v7e-m+fp/hard/crtbegin.o
 *(.init)
 .init          0x0810f2e0        0x4 /opt/st/stm32cubeide_2.1.1/plugins/com.st.stm32cube.ide.mcu.externaltools.gnu-tools-for-stm32.14.3.rel1.linux64_1.0.100.202602081740/tools/bin/../lib/gcc/arm-none-eabi/14.3.1/thumb/v7e-m+fp/hard/crti.o
                0x0810f2e0                _init
 .init          0x0810f2e4        0x8 /opt/st/stm32cubeide_2.1.1/plugins/com.st.stm32cube.ide.mcu.externaltools.gnu-tools-for-stm32.14.3.rel1.linux64_1.0.100.202602081740/tools/bin/../lib/gcc/arm-none-eabi/14.3.1/thumb/v7e-m+fp/hard/crtn.o
 *(.fini)
 .fini          0x0810f2ec        0x4 /opt/st/stm32cubeide_2.1.1/plugins/com.st.stm32cube.ide.mcu.externaltools.gnu-tools-for-stm32.14.3.rel1.linux64_1.0.100.202602081740/tools/bin/../lib/gcc/arm-none-eabi/14.3.1/thumb/v7e-m+fp/hard/crti.o
                0x0810f2ec                _fini
 .fini          0x0810f2f0        0x8 /opt/st/stm32cubeide_2.1.1/plugins/com.st.stm32cube.ide.mcu.externaltools.gnu-tools-for-stm32.14.3.rel1.linux64_1.0.100.202602081740/tools/bin/../lib/gcc/arm-none-eabi/14.3.1/thumb/v7e-m+fp/hard/crtn.o
                0x0810f2f8                        . = ALIGN (0x4)
                0x0810f2f8                        _etext = .

.vfp11_veneer   0x0810f2f8        0x0
 .vfp11_veneer  0x0810f2f8        0x0 linker stubs

.v4_bx          0x0810f2f8        0x0
 .v4_bx         0x0810f2f8        0x0 linker stubs

.iplt           0x0810f2f8        0x0
 .iplt          0x0810f2f8        0x0 /opt/st/stm32cubeide_2.1.1/plugins/com.st.stm32cube.ide.mcu.externaltools.gnu-tools-for-stm32.14.3.rel1.linux64_1.0.100.202602081740/tools/bin/../lib/gcc/arm-none-eabi/14.3.1/thumb/v7e-m+fp/hard/crtbegin.o

.rodata         0x0810f2f8      0x3f4
                0x0810f2f8                        . = ALIGN (0x4)
 *(.rodata)
 .rodata        0x0810f2f8        0x5 ./Middlewares/FreeRTOS/tasks.o
 *fill*         0x0810f2fd        0x3 
 .rodata        0x0810f300        0xd ./Middlewares/FreeRTOS/timers.o
 *(.rodata*)
 *fill*         0x0810f30d        0x3 
 .rodata.str1.4
                0x0810f310       0x18 ./Application/User/Core/main.o
 .rodata.defaultTask_attributes
                0x0810f328       0x24 ./Application/User/Core/main.o
                0x0810f328                defaultTask_attributes
 .rodata.smImpressao_attributes
                0x0810f34c       0x10 ./Application/User/Core/main.o
                0x0810f34c                smImpressao_attributes
 .rodata.D1CorePrescTable
                0x0810f35c       0x10 ./Drivers/CMSIS/system_stm32h7xx_dualcore_boot_cm4_cm7.o
                0x0810f35c                D1CorePrescTable
 .rodata.flagBitshiftOffset.0
                0x0810f36c        0x8 ./Drivers/STM32H7xx_HAL_Driver/stm32h7xx_hal_dma.o
 .rodata.uxTopUsedPriority
                0x0810f374        0x4 ./Middlewares/FreeRTOS/tasks.o
                0x0810f374                uxTopUsedPriority
 .rodata._printf_float.str1.1
                0x0810f378      0x171 /opt/st/stm32cubeide_2.1.1/plugins/com.st.stm32cube.ide.mcu.externaltools.gnu-tools-for-stm32.14.3.rel1.linux64_1.0.100.202602081740/tools/bin/../lib/gcc/arm-none-eabi/14.3.1/../../../../arm-none-eabi/lib/thumb/v7e-m+fp/hard/libc_nano.a(libc_a-nano-vfprintf_float.o)
                                 0x12 (size before relaxing)
 .rodata._printf_i.str1.1
                0x0810f4e9       0x22 /opt/st/stm32cubeide_2.1.1/plugins/com.st.stm32cube.ide.mcu.externaltools.gnu-tools-for-stm32.14.3.rel1.linux64_1.0.100.202602081740/tools/bin/../lib/gcc/arm-none-eabi/14.3.1/../../../../arm-none-eabi/lib/thumb/v7e-m+fp/hard/libc_nano.a(libc_a-nano-vfprintf_i.o)
 .rodata._dtoa_r.str1.1
                0x0810f4e9       0x8f /opt/st/stm32cubeide_2.1.1/plugins/com.st.stm32cube.ide.mcu.externaltools.gnu-tools-for-stm32.14.3.rel1.linux64_1.0.100.202602081740/tools/bin/../lib/gcc/arm-none-eabi/14.3.1/../../../../arm-none-eabi/lib/thumb/v7e-m+fp/hard/libc_nano.a(libc_a-dtoa.o)
 .rodata._Balloc.str1.1
                0x0810f4e9       0x70 /opt/st/stm32cubeide_2.1.1/plugins/com.st.stm32cube.ide.mcu.externaltools.gnu-tools-for-stm32.14.3.rel1.linux64_1.0.100.202602081740/tools/bin/../lib/gcc/arm-none-eabi/14.3.1/../../../../arm-none-eabi/lib/thumb/v7e-m+fp/hard/libc_nano.a(libc_a-mprec.o)
 .rodata.__multadd.str1.1
                0x0810f4e9       0x11 /opt/st/stm32cubeide_2.1.1/plugins/com.st.stm32cube.ide.mcu.externaltools.gnu-tools-for-stm32.14.3.rel1.linux64_1.0.100.202602081740/tools/bin/../lib/gcc/arm-none-eabi/14.3.1/../../../../arm-none-eabi/lib/thumb/v7e-m+fp/hard/libc_nano.a(libc_a-mprec.o)
 *fill*         0x0810f4e9        0x3 
 .rodata.p05.0  0x0810f4ec        0xc /opt/st/stm32cubeide_2.1.1/plugins/com.st.stm32cube.ide.mcu.externaltools.gnu-tools-for-stm32.14.3.rel1.linux64_1.0.100.202602081740/tools/bin/../lib/gcc/arm-none-eabi/14.3.1/../../../../arm-none-eabi/lib/thumb/v7e-m+fp/hard/libc_nano.a(libc_a-mprec.o)
 .rodata.__mprec_bigtens
                0x0810f4f8       0x28 /opt/st/stm32cubeide_2.1.1/plugins/com.st.stm32cube.ide.mcu.externaltools.gnu-tools-for-stm32.14.3.rel1.linux64_1.0.100.202602081740/tools/bin/../lib/gcc/arm-none-eabi/14.3.1/../../../../arm-none-eabi/lib/thumb/v7e-m+fp/hard/libc_nano.a(libc_a-mprec.o)
                0x0810f4f8                __mprec_bigtens
 .rodata.__mprec_tens
                0x0810f520       0xc8 /opt/st/stm32cubeide_2.1.1/plugins/com.st.stm32cube.ide.mcu.externaltools.gnu-tools-for-stm32.14.3.rel1.linux64_1.0.100.202602081740/tools/bin/../lib/gcc/arm-none-eabi/14.3.1/../../../../arm-none-eabi/lib/thumb/v7e-m+fp/hard/libc_nano.a(libc_a-mprec.o)
                0x0810f520                __mprec_tens
 .rodata._setlocale_r.str1.1
                0x0810f5e8        0x9 /opt/st/stm32cubeide_2.1.1/plugins/com.st.stm32cube.ide.mcu.externaltools.gnu-tools-for-stm32.14.3.rel1.linux64_1.0.100.202602081740/tools/bin/../lib/gcc/arm-none-eabi/14.3.1/../../../../arm-none-eabi/lib/thumb/v7e-m+fp/hard/libc_nano.a(libc_a-locale.o)
 .rodata.str1.1
                0x0810f5e8        0x2 /opt/st/stm32cubeide_2.1.1/plugins/com.st.stm32cube.ide.mcu.externaltools.gnu-tools-for-stm32.14.3.rel1.linux64_1.0.100.202602081740/tools/bin/../lib/gcc/arm-none-eabi/14.3.1/../../../../arm-none-eabi/lib/thumb/v7e-m+fp/hard/libc_nano.a(libc_a-locale.o)
 .rodata.__assert_func.str1.1
                0x0810f5e8       0x3d /opt/st/stm32cubeide_2.1.1/plugins/com.st.stm32cube.ide.mcu.externaltools.gnu-tools-for-stm32.14.3.rel1.linux64_1.0.100.202602081740/tools/bin/../lib/gcc/arm-none-eabi/14.3.1/../../../../arm-none-eabi/lib/thumb/v7e-m+fp/hard/libc_nano.a(libc_a-assert.o)
 .rodata._ctype_
                0x0810f5e8      0x101 /opt/st/stm32cubeide_2.1.1/plugins/com.st.stm32cube.ide.mcu.externaltools.gnu-tools-for-stm32.14.3.rel1.linux64_1.0.100.202602081740/tools/bin/../lib/gcc/arm-none-eabi/14.3.1/../../../../arm-none-eabi/lib/thumb/v7e-m+fp/hard/libc_nano.a(libc_a-ctype_.o)
                0x0810f5e8                _ctype_
 .rodata._vfprintf_r.str1.1
                0x0810f6e9       0x11 /opt/st/stm32cubeide_2.1.1/plugins/com.st.stm32cube.ide.mcu.externaltools.gnu-tools-for-stm32.14.3.rel1.linux64_1.0.100.202602081740/tools/bin/../lib/gcc/arm-none-eabi/14.3.1/../../../../arm-none-eabi/lib/thumb/v7e-m+fp/hard/libc_nano.a(libc_a-nano-vfprintf.o)
                0x0810f6fc                        . = ALIGN (0x4)
 *fill*         0x0810f6e9        0x3 

.ARM.extab
 *(.ARM.extab* .gnu.linkonce.armextab.*)

.ARM            0x0810f6ec        0x8
                0x0810f6ec                        __exidx_start = .
 *(.ARM.exidx*)
 .ARM.exidx     0x0810f6ec        0x8 /opt/st/stm32cubeide_2.1.1/plugins/com.st.stm32cube.ide.mcu.externaltools.gnu-tools-for-stm32.14.3.rel1.linux64_1.0.100.202602081740/tools/bin/../lib/gcc/arm-none-eabi/14.3.1/../../../../arm-none-eabi/lib/thumb/v7e-m+fp/hard/libc_nano.a(libc_a-memchr.o)
 .ARM.exidx     0x0810f6f4        0x0 /opt/st/stm32cubeide_2.1.1/plugins/com.st.stm32cube.ide.mcu.externaltools.gnu-tools-for-stm32.14.3.rel1.linux64_1.0.100.202602081740/tools/bin/../lib/gcc/arm-none-eabi/14.3.1/../../../../arm-none-eabi/lib/thumb/v7e-m+fp/hard/libc_nano.a(libc_a-strlen.o)
                                  0x8 (size before relaxing)
                0x0810f6f4                        __exidx_end = .

.preinit_array  0x0810f6f4        0x0
                0x0810f6f4                        PROVIDE (__preinit_array_start = .)
 *(.preinit_array*)
                0x0810f6f4                        PROVIDE (__preinit_array_end = .)

.init_array     0x0810f6f4        0x4
                0x0810f6f4                        PROVIDE (__init_array_start = .)
 *(SORT_BY_NAME(.init_array.*))
 *(.init_array*)
 .init_array    0x0810f6f4        0x4 /opt/st/stm32cubeide_2.1.1/plugins/com.st.stm32cube.ide.mcu.externaltools.gnu-tools-for-stm32.14.3.rel1.linux64_1.0.100.202602081740/tools/bin/../lib/gcc/arm-none-eabi/14.3.1/thumb/v7e-m+fp/hard/crtbegin.o
                0x0810f6f8                        PROVIDE (__init_array_end = .)

.fini_array     0x0810f6f8        0x4
                [!provide]                        PROVIDE (__fini_array_start = .)
 *(SORT_BY_NAME(.fini_array.*))
 *(.fini_array*)
 .fini_array    0x0810f6f8        0x4 /opt/st/stm32cubeide_2.1.1/plugins/com.st.stm32cube.ide.mcu.externaltools.gnu-tools-for-stm32.14.3.rel1.linux64_1.0.100.202602081740/tools/bin/../lib/gcc/arm-none-eabi/14.3.1/thumb/v7e-m+fp/hard/crtbegin.o
                [!provide]                        PROVIDE (__fini_array_end = .)
                0x0810f6fc                        _sidata = LOADADDR (.data)

.rel.dyn        0x0810f6fc        0x0
 .rel.iplt      0x0810f6fc        0x0 /opt/st/stm32cubeide_2.1.1/plugins/com.st.stm32cube.ide.mcu.externaltools.gnu-tools-for-stm32.14.3.rel1.linux64_1.0.100.202602081740/tools/bin/../lib/gcc/arm-none-eabi/14.3.1/thumb/v7e-m+fp/hard/crtbegin.o

.data           0x10000000      0x1dc load address 0x0810f6fc
                0x10000000                        . = ALIGN (0x4)
                0x10000000                        _sdata = .
 *(.data)
 *(.data*)
 .data.SystemCoreClock
                0x10000000        0x4 ./Drivers/CMSIS/system_stm32h7xx_dualcore_boot_cm4_cm7.o
                0x10000000                SystemCoreClock
 .data.SystemD2Clock
                0x10000004        0x4 ./Drivers/CMSIS/system_stm32h7xx_dualcore_boot_cm4_cm7.o
                0x10000004                SystemD2Clock
 .data.uwTickPrio
                0x10000008        0x4 ./Drivers/STM32H7xx_HAL_Driver/stm32h7xx_hal.o
                0x10000008                uwTickPrio
 .data.uwTickFreq
                0x1000000c        0x1 ./Drivers/STM32H7xx_HAL_Driver/stm32h7xx_hal.o
                0x1000000c                uwTickFreq
 *fill*         0x1000000d        0x3 
 .data.uxCriticalNesting
                0x10000010        0x4 ./Middlewares/FreeRTOS/port.o
 .data.__sglue  0x10000014        0xc /opt/st/stm32cubeide_2.1.1/plugins/com.st.stm32cube.ide.mcu.externaltools.gnu-tools-for-stm32.14.3.rel1.linux64_1.0.100.202602081740/tools/bin/../lib/gcc/arm-none-eabi/14.3.1/../../../../arm-none-eabi/lib/thumb/v7e-m+fp/hard/libc_nano.a(libc_a-findfp.o)
                0x10000014                __sglue
 .data._impure_ptr
                0x10000020        0x4 /opt/st/stm32cubeide_2.1.1/plugins/com.st.stm32cube.ide.mcu.externaltools.gnu-tools-for-stm32.14.3.rel1.linux64_1.0.100.202602081740/tools/bin/../lib/gcc/arm-none-eabi/14.3.1/../../../../arm-none-eabi/lib/thumb/v7e-m+fp/hard/libc_nano.a(libc_a-impure.o)
                0x10000020                _impure_ptr
 .data._impure_data
                0x10000024       0x4c /opt/st/stm32cubeide_2.1.1/plugins/com.st.stm32cube.ide.mcu.externaltools.gnu-tools-for-stm32.14.3.rel1.linux64_1.0.100.202602081740/tools/bin/../lib/gcc/arm-none-eabi/14.3.1/../../../../arm-none-eabi/lib/thumb/v7e-m+fp/hard/libc_nano.a(libc_a-impure.o)
                0x10000024                _impure_data
 .data.__global_locale
                0x10000070      0x16c /opt/st/stm32cubeide_2.1.1/plugins/com.st.stm32cube.ide.mcu.externaltools.gnu-tools-for-stm32.14.3.rel1.linux64_1.0.100.202602081740/tools/bin/../lib/gcc/arm-none-eabi/14.3.1/../../../../arm-none-eabi/lib/thumb/v7e-m+fp/hard/libc_nano.a(libc_a-locale.o)
                0x10000070                __global_locale
 *(.RamFunc)
 *(.RamFunc*)
                0x100001dc                        . = ALIGN (0x4)
                0x100001dc                        _edata = .

.igot.plt       0x100001dc        0x0 load address 0x0810f8d8
 .igot.plt      0x100001dc        0x0 /opt/st/stm32cubeide_2.1.1/plugins/com.st.stm32cube.ide.mcu.externaltools.gnu-tools-for-stm32.14.3.rel1.linux64_1.0.100.202602081740/tools/bin/../lib/gcc/arm-none-eabi/14.3.1/thumb/v7e-m+fp/hard/crtbegin.o
                0x100001dc                        . = ALIGN (0x4)

.bss            0x100001dc     0x4ed8 load address 0x0810f8d8
                0x100001dc                        _sbss = .
                0x100001dc                        __bss_start__ = _sbss
 *(.bss)
 .bss           0x100001dc       0x1c /opt/st/stm32cubeide_2.1.1/plugins/com.st.stm32cube.ide.mcu.externaltools.gnu-tools-for-stm32.14.3.rel1.linux64_1.0.100.202602081740/tools/bin/../lib/gcc/arm-none-eabi/14.3.1/thumb/v7e-m+fp/hard/crtbegin.o
 *(.bss*)
 .bss.hadc1     0x100001f8       0x64 ./Application/User/Core/main.o
                0x100001f8                hadc1
 .bss.hdma_adc1
                0x1000025c       0x78 ./Application/User/Core/main.o
                0x1000025c                hdma_adc1
 .bss.htim1     0x100002d4       0x4c ./Application/User/Core/main.o
                0x100002d4                htim1
 .bss.defaultTaskHandle
                0x10000320        0x4 ./Application/User/Core/main.o
                0x10000320                defaultTaskHandle
 .bss.smImpressaoHandle
                0x10000324        0x4 ./Application/User/Core/main.o
                0x10000324                smImpressaoHandle
 .bss.htim7     0x10000328       0x4c ./Application/User/Core/stm32h7xx_hal_timebase_tim.o
                0x10000328                htim7
 .bss.__sbrk_heap_end
                0x10000374        0x4 ./Application/User/Core/sysmem.o
 .bss.uwTick    0x10000378        0x4 ./Drivers/STM32H7xx_HAL_Driver/stm32h7xx_hal.o