/home/arthur/IC_STM32/CM7/Core/Src/main.c:136:5:main	11
/home/arthur/IC_STM32/CM7/Core/Src/main.c:272:6:SystemClock_Config	4
/home/arthur/IC_STM32/CM7/Core/Src/main.c:335:6:MX_ADC1_Init	5
/home/arthur/IC_STM32/CM7/Core/Src/main.c:414:13:MX_TIM1_Init	4
/home/arthur/IC_STM32/CM7/Core/Src/main.c:459:13:MX_DMA_Init	1
/home/arthur/IC_STM32/CM7/Core/Src/main.c:472:13:MX_GPIO_Init	1
/home/arthur/IC_STM32/CM7/Core/Src/main.c:510:6:JSON_init	1
/home/arthur/IC_STM32/CM7/Core/Src/main.c:519:6:HAL_HSEM_FreeCallback	4
/home/arthur/IC_STM32/CM7/Core/Src/main.c:530:6:pdsSR	5
/home/arthur/IC_STM32/CM7/Core/Src/main.c:570:6:StartDefaultTask	1
/home/arthur/IC_STM32/CM7/Core/Src/main.c:590:6:tkCaptacaoDados	6
/home/arthur/IC_STM32/CM7/Core/Src/main.c:626:6:MPU_Config	1
/home/arthur/IC_STM32/CM7/Core/Src/main.c:670:6:HAL_TIM_PeriodElapsedCallback	2
/home/arthur/IC_STM32/CM7/Core/Src/main.c:688:6:Error_Handler	1
