/home/arthur/IC_STM32/CM7/Core/Src/main.c:127:5:main	11
/home/arthur/IC_STM32/CM7/Core/Src/main.c:260:6:SystemClock_Config	4
/home/arthur/IC_STM32/CM7/Core/Src/main.c:321:6:MX_ADC1_Init	5
/home/arthur/IC_STM32/CM7/Core/Src/main.c:400:13:MX_TIM1_Init	4
/home/arthur/IC_STM32/CM7/Core/Src/main.c:445:13:MX_DMA_Init	1
/home/arthur/IC_STM32/CM7/Core/Src/main.c:458:13:MX_GPIO_Init	1
/home/arthur/IC_STM32/CM7/Core/Src/main.c:496:6:HAL_HSEM_FreeCallback	4
/home/arthur/IC_STM32/CM7/Core/Src/main.c:516:6:StartDefaultTask	1
/home/arthur/IC_STM32/CM7/Core/Src/main.c:536:6:tkCaptacaoDados	8
/home/arthur/IC_STM32/CM7/Core/Src/main.c:583:6:MPU_Config	1
/home/arthur/IC_STM32/CM7/Core/Src/main.c:627:6:HAL_TIM_PeriodElapsedCallback	2
/home/arthur/IC_STM32/CM7/Core/Src/main.c:645:6:Error_Handler	1
