/home/arthur/IC_STM32/CM7/Core/Src/main.c:141:5:main	32	static,ignoring_inline_asm
/home/arthur/IC_STM32/CM7/Core/Src/main.c:276:6:SystemClock_Config	120	static
/home/arthur/IC_STM32/CM7/Core/Src/main.c:337:6:MX_ADC1_Init	48	static
/home/arthur/IC_STM32/CM7/Core/Src/main.c:416:13:MX_TIM1_Init	40	static
/home/arthur/IC_STM32/CM7/Core/Src/main.c:461:13:MX_DMA_Init	16	static
/home/arthur/IC_STM32/CM7/Core/Src/main.c:474:13:MX_GPIO_Init	40	static
/home/arthur/IC_STM32/CM7/Core/Src/main.c:512:6:HAL_HSEM_FreeCallback	24	static,ignoring_inline_asm
/home/arthur/IC_STM32/CM7/Core/Src/main.c:523:6:pdsSR	48	static
/home/arthur/IC_STM32/CM7/Core/Src/main.c:580:6:StartDefaultTask	16	static
/home/arthur/IC_STM32/CM7/Core/Src/main.c:600:6:tkPDS	248	static,ignoring_inline_asm
/home/arthur/IC_STM32/CM7/Core/Src/main.c:641:6:MPU_Config	24	static
/home/arthur/IC_STM32/CM7/Core/Src/main.c:685:6:HAL_TIM_PeriodElapsedCallback	16	static
/home/arthur/IC_STM32/CM7/Core/Src/main.c:703:6:Error_Handler	4	static,ignoring_inline_asm
